Archive member included because of file (symbol)

.\CortexM3\ARM_GCC_484\Debug\BBB.a(cyfitter_cfg.o)
                              .\CortexM3\ARM_GCC_484\Debug\Cm3Start.o (cyfitter_cfg)
.\CortexM3\ARM_GCC_484\Debug\BBB.a(CyBootAsmGnu.o)
                              .\CortexM3\ARM_GCC_484\Debug\BBB.a(cyfitter_cfg.o) (CyDelayCycles)
.\CortexM3\ARM_GCC_484\Debug\BBB.a(CyLib.o)
                              .\CortexM3\ARM_GCC_484\Debug\Cm3Start.o (CyResetStatus)
.\CortexM3\ARM_GCC_484\Debug\BBB.a(cyPm.o)
                              .\CortexM3\ARM_GCC_484\Debug\BBB.a(CyLib.o) (CyPmReadStatus)
.\CortexM3\ARM_GCC_484\Debug\BBB.a(Surtidor.o)
                              .\CortexM3\ARM_GCC_484\Debug\Protocolo.o (Surtidor_rxBuffer)
.\CortexM3\ARM_GCC_484\Debug\BBB.a(Surtidor_INT.o)
                              .\CortexM3\ARM_GCC_484\Debug\BBB.a(Surtidor.o) (Surtidor_RXISR)
.\CortexM3\ARM_GCC_484\Debug\BBB.a(Impresora.o)
                              .\CortexM3\ARM_GCC_484\Debug\main.o (Impresora_Start)
.\CortexM3\ARM_GCC_484\Debug\BBB.a(Impresora_INT.o)
                              .\CortexM3\ARM_GCC_484\Debug\BBB.a(Impresora.o) (Impresora_RXISR)
.\CortexM3\ARM_GCC_484\Debug\BBB.a(PC.o)
                              .\CortexM3\ARM_GCC_484\Debug\main.o (PC_rxBuffer)
.\CortexM3\ARM_GCC_484\Debug\BBB.a(PC_INT.o)
                              .\CortexM3\ARM_GCC_484\Debug\BBB.a(PC.o) (PC_RXISR)
.\CortexM3\ARM_GCC_484\Debug\BBB.a(I2C_1.o)
                              .\CortexM3\ARM_GCC_484\Debug\main.o (I2C_1_Start)
.\CortexM3\ARM_GCC_484\Debug\BBB.a(I2C_1_INT.o)
                              .\CortexM3\ARM_GCC_484\Debug\BBB.a(I2C_1.o) (I2C_1_ISR)
.\CortexM3\ARM_GCC_484\Debug\BBB.a(I2C_1_PM.o)
                              .\CortexM3\ARM_GCC_484\Debug\BBB.a(I2C_1.o) (I2C_1_backup)
.\CortexM3\ARM_GCC_484\Debug\BBB.a(I2C_1_MASTER.o)
                              .\CortexM3\ARM_GCC_484\Debug\BBB.a(I2C_1.o) (I2C_1_mstrStatus)
.\CortexM3\ARM_GCC_484\Debug\BBB.a(isr_1.o)
                              .\CortexM3\ARM_GCC_484\Debug\Protocolo.o (isr_1_StartEx)
.\CortexM3\ARM_GCC_484\Debug\BBB.a(Impresora_IntClock.o)
                              .\CortexM3\ARM_GCC_484\Debug\BBB.a(Impresora.o) (Impresora_IntClock_Start)
.\CortexM3\ARM_GCC_484\Debug\BBB.a(PC_IntClock.o)
                              .\CortexM3\ARM_GCC_484\Debug\BBB.a(PC.o) (PC_IntClock_Start)
.\CortexM3\ARM_GCC_484\Debug\BBB.a(LCD_1.o)
                              .\CortexM3\ARM_GCC_484\Debug\main.o (LCD_1_rxBuffer)
.\CortexM3\ARM_GCC_484\Debug\BBB.a(LCD_1_INT.o)
                              .\CortexM3\ARM_GCC_484\Debug\BBB.a(LCD_1.o) (LCD_1_RXISR)
.\CortexM3\ARM_GCC_484\Debug\BBB.a(LCD_2.o)
                              .\CortexM3\ARM_GCC_484\Debug\main.o (LCD_2_Start)
.\CortexM3\ARM_GCC_484\Debug\BBB.a(LCD_2_INT.o)
                              .\CortexM3\ARM_GCC_484\Debug\BBB.a(LCD_2.o) (LCD_2_RXISR)
.\CortexM3\ARM_GCC_484\Debug\BBB.a(LCD_1_IntClock.o)
                              .\CortexM3\ARM_GCC_484\Debug\BBB.a(LCD_1.o) (LCD_1_IntClock_Start)
.\CortexM3\ARM_GCC_484\Debug\BBB.a(LCD_2_IntClock.o)
                              .\CortexM3\ARM_GCC_484\Debug\BBB.a(LCD_2.o) (LCD_2_IntClock_Start)
.\CortexM3\ARM_GCC_484\Debug\BBB.a(IB1.o)
                              .\CortexM3\ARM_GCC_484\Debug\ibuton.o (IB1_Write)
.\CortexM3\ARM_GCC_484\Debug\BBB.a(IB2.o)
                              .\CortexM3\ARM_GCC_484\Debug\ibuton.o (IB2_Write)
.\CortexM3\ARM_GCC_484\Debug\BBB.a(isr_3.o)
                              .\CortexM3\ARM_GCC_484\Debug\main.o (isr_3_StartEx)
.\CortexM3\ARM_GCC_484\Debug\BBB.a(Timer_Animacion.o)
                              .\CortexM3\ARM_GCC_484\Debug\main.o (Timer_Animacion_Start)
.\CortexM3\ARM_GCC_484\Debug\BBB.a(Timer_Animacion2.o)
                              .\CortexM3\ARM_GCC_484\Debug\main.o (Timer_Animacion2_Start)
.\CortexM3\ARM_GCC_484\Debug\BBB.a(isr_4.o)
                              .\CortexM3\ARM_GCC_484\Debug\main.o (isr_4_StartEx)
.\CortexM3\ARM_GCC_484\Debug\BBB.a(Timer_Modo.o)
                              .\CortexM3\ARM_GCC_484\Debug\main.o (Timer_Modo_ReadStatusRegister)
.\CortexM3\ARM_GCC_484\Debug\BBB.a(Timer_RxSurtidor.o)
                              .\CortexM3\ARM_GCC_484\Debug\Protocolo.o (Timer_RxSurtidor_Start)
.\CortexM3\ARM_GCC_484\Debug\BBB.a(EEPROM.o)
                              .\CortexM3\ARM_GCC_484\Debug\main.o (EEPROM_Start)
.\CortexM3\ARM_GCC_484\Debug\BBB.a(LP.o)
                              .\CortexM3\ARM_GCC_484\Debug\main.o (LP_Start)
.\CortexM3\ARM_GCC_484\Debug\BBB.a(LP_INT.o)
                              .\CortexM3\ARM_GCC_484\Debug\BBB.a(LP.o) (LP_RXISR)
.\CortexM3\ARM_GCC_484\Debug\BBB.a(CyFlash.o)
                              .\CortexM3\ARM_GCC_484\Debug\BBB.a(EEPROM.o) (dieTemperature)
.\CortexM3\ARM_GCC_484\Debug\BBB.a(CySpc.o)
                              .\CortexM3\ARM_GCC_484\Debug\BBB.a(EEPROM.o) (CySpcStart)
[...]
Memory Configuration

Name             Origin             Length             Attributes
rom              0x00000000         0x00040000         xr
ram              0x1fff8000         0x00010000         xrw
*default*        0x00000000         0xffffffff

Linker script and memory map

LOAD c:/program files (x86)/cypress/psoc creator/3.2/psoc creator/import/gnu/arm/4.8.4/bin/../lib/gcc/arm-none-eabi/4.8.4/armv7-m/crti.o
LOAD c:/program files (x86)/cypress/psoc creator/3.2/psoc creator/import/gnu/arm/4.8.4/bin/../lib/gcc/arm-none-eabi/4.8.4/armv7-m/crtbegin.o
LOAD c:/program files (x86)/cypress/psoc creator/3.2/psoc creator/import/gnu/arm/4.8.4/bin/../lib/gcc/arm-none-eabi/4.8.4/../../../../arm-none-eabi/lib/armv7-m/crt0.o
START GROUP
LOAD .\CortexM3\ARM_GCC_484\Debug\main.o
LOAD .\CortexM3\ARM_GCC_484\Debug\Protocolo.o
LOAD .\CortexM3\ARM_GCC_484\Debug\Print.o
LOAD .\CortexM3\ARM_GCC_484\Debug\LCD.o
LOAD .\CortexM3\ARM_GCC_484\Debug\ibuton.o
LOAD .\CortexM3\ARM_GCC_484\Debug\I2C.o
LOAD .\CortexM3\ARM_GCC_484\Debug\Cm3Start.o
LOAD .\CortexM3\ARM_GCC_484\Debug\cymetadata.o
LOAD .\CortexM3\ARM_GCC_484\Debug\cybootloader.o
LOAD .\CortexM3\ARM_GCC_484\Debug\BBB.a
LOAD C:\Program Files (x86)\Cypress\PSoC Creator\3.2\PSoC Creator\psoc\content\cycomponentlibrary\CyComponentLibrary.cylib\CortexM3\ARM_GCC_484\Debug\CyComponentLibrary.a
LOAD c:/program files (x86)/cypress/psoc creator/3.2/psoc creator/import/gnu/arm/4.8.4/bin/../lib/gcc/arm-none-eabi/4.8.4/../../../../arm-none-eabi/lib/armv7-m\libm.a
END GROUP
START GROUP
LOAD c:/program files (x86)/cypress/psoc creator/3.2/psoc creator/import/gnu/arm/4.8.4/bin/../lib/gcc/arm-none-eabi/4.8.4/armv7-m\libgcc.a
LOAD c:/program files (x86)/cypress/psoc creator/3.2/psoc creator/import/gnu/arm/4.8.4/bin/../lib/gcc/arm-none-eabi/4.8.4/../../../../arm-none-eabi/lib/armv7-m\libg_s.a
LOAD c:/program files (x86)/cypress/psoc creator/3.2/psoc creator/import/gnu/arm/4.8.4/bin/../lib/gcc/arm-none-eabi/4.8.4/../../../../arm-none-eabi/lib/armv7-m\libc_s.a
END GROUP
START GROUP
LOAD c:/program files (x86)/cypress/psoc creator/3.2/psoc creator/import/gnu/arm/4.8.4/bin/../lib/gcc/arm-none-eabi/4.8.4/armv7-m\libgcc.a
LOAD c:/program files (x86)/cypress/psoc creator/3.2/psoc creator/import/gnu/arm/4.8.4/bin/../lib/gcc/arm-none-eabi/4.8.4/../../../../arm-none-eabi/lib/armv7-m\libc_s.a
END GROUP
LOAD c:/program files (x86)/cypress/psoc creator/3.2/psoc creator/import/gnu/arm/4.8.4/bin/../lib/gcc/arm-none-eabi/4.8.4/armv7-m/crtend.o
LOAD c:/program files (x86)/cypress/psoc creator/3.2/psoc creator/import/gnu/arm/4.8.4/bin/../lib/gcc/arm-none-eabi/4.8.4/armv7-m/crtn.o
START GROUP
LOAD c:/program files (x86)/cypress/psoc creator/3.2/psoc creator/import/gnu/arm/4.8.4/bin/../lib/gcc/arm-none-eabi/4.8.4/armv7-m\libgcc.a
LOAD c:/program files (x86)/cypress/psoc creator/3.2/psoc creator/import/gnu/arm/4.8.4/bin/../lib/gcc/arm-none-eabi/4.8.4/../../../../arm-none-eabi/lib/armv7-m\libc.a
LOAD c:/program files (x86)/cypress/psoc creator/3.2/psoc creator/import/gnu/arm/4.8.4/bin/../lib/gcc/arm-none-eabi/4.8.4/../../../../arm-none-eabi/lib/armv7-m\libnosys.a
END GROUP
                0x00000000                CY_APPL_ORIGIN = 0x0
                0x00000100                CY_FLASH_ROW_SIZE = 0x100
                0x00000020                CY_ECC_ROW_SIZE = 0x20
                0x00000000                CY_EE_IN_BTLDR = 0x0
                0x00000001                CY_APPL_LOADABLE = 0x1
                0x00000800                CY_EE_SIZE = 0x800
                0x00000001                CY_APPL_NUM = 0x1
                0x00000001                CY_APPL_MAX = 0x1
                0x00000040                CY_METADATA_SIZE = 0x40
                0x1fff8f40                PROVIDE (__cy_heap_start, _end)
                0x00000001                PROVIDE (__cy_region_num, ((__cy_regions_end - __cy_regions) / 0x10))
                0x20008000                PROVIDE (__cy_stack, (ORIGIN (ram) + 0x10000))
                0x20004000                PROVIDE (__cy_heap_end, (__cy_stack - 0x4000))

.cybootloader   0x00000000     0x2200
 *(.cybootloader)
 .cybootloader  0x00000000     0x2200 .\CortexM3\ARM_GCC_484\Debug\cybootloader.o
                0x00000000                cy_bootloader
                0x00002200                appl1_start = CY_APPL_ORIGIN?CY_APPL_ORIGIN:ALIGN (CY_FLASH_ROW_SIZE)
                0x00021000                appl2_start = (appl1_start + ALIGN ((((0x40000 - appl1_start) - (0x2 * CY_FLASH_ROW_SIZE)) / 0x2), CY_FLASH_ROW_SIZE))
                0x00002200                appl_start = (CY_APPL_NUM == 0x1)?appl1_start:appl2_start
                0x00000440                ecc_offset = ((appl_start / CY_FLASH_ROW_SIZE) * CY_ECC_ROW_SIZE)
                0x00000000                ee_offset = (CY_APPL_LOADABLE && ! (CY_EE_IN_BTLDR))?((CY_EE_SIZE / CY_APPL_MAX) * (CY_APPL_NUM - 0x1)):0x0
                0x00000800                ee_size = (CY_APPL_LOADABLE && ! (CY_EE_IN_BTLDR))?(CY_EE_SIZE / CY_APPL_MAX):CY_EE_SIZE
                0x00000440                PROVIDE (CY_ECC_OFFSET, ecc_offset)

.text           0x00002200     0x9b04
 CREATE_OBJECT_SYMBOLS
                0x00002200                PROVIDE (__cy_interrupt_vector, RomVectors)
 *(.romvectors)
 .romvectors    0x00002200       0x10 .\CortexM3\ARM_GCC_484\Debug\Cm3Start.o
                0x00002200                RomVectors
                0x00000001                ASSERT ((. != __cy_interrupt_vector), No interrupt vector)
                0x00000001                ASSERT (CY_APPL_ORIGIN?(SIZEOF (.cybootloader) <= CY_APPL_ORIGIN):0x1, Wrong image location)
                0x00002210                PROVIDE (__cy_reset, Reset)
 *(.text.Reset)
 .text.Reset    0x00002210        0x8 .\CortexM3\ARM_GCC_484\Debug\Cm3Start.o
                0x00002210                Reset
                0x00000001                ASSERT ((. != __cy_reset), No reset code)
 *(.dma_init)
                0x00000001                ASSERT ((((appl_start + .) <= 0x10000) || 0x1), DMA Init must be within the first 64k of flash)
 *(.text .text.* .gnu.linkonce.t.*)
 .text          0x00002218       0x54 c:/program files (x86)/cypress/psoc creator/3.2/psoc creator/import/gnu/arm/4.8.4/bin/../lib/gcc/arm-none-eabi/4.8.4/armv7-m/crtbegin.o
 .text.init     0x0000226c      0x380 .\CortexM3\ARM_GCC_484\Debug\main.o
                0x0000226c                init
 .text.error_op
                0x000025ec       0x84 .\CortexM3\ARM_GCC_484\Debug\main.o
                0x000025ec                error_op
 .text.init_surt
                0x00002670      0x318 .\CortexM3\ARM_GCC_484\Debug\main.o
                0x00002670                init_surt
 .text.polling_rf
                0x00002988      0x42c .\CortexM3\ARM_GCC_484\Debug\main.o
                0x00002988                polling_rf
 .text.polling_surt
                0x00002db4       0xa4 .\CortexM3\ARM_GCC_484\Debug\main.o
                0x00002db4                polling_surt
 .text.polling_LCD1
                0x00002e58     0x1ab8 .\CortexM3\ARM_GCC_484\Debug\main.o
                0x00002e58                polling_LCD1
 .text.animacion
                0x00004910       0x70 .\CortexM3\ARM_GCC_484\Debug\main.o
                0x00004910                animacion
 .text.animacion2
                0x00004980       0x70 .\CortexM3\ARM_GCC_484\Debug\main.o
                0x00004980                animacion2
 .text.main     0x000049f0       0x34 .\CortexM3\ARM_GCC_484\Debug\main.o
                0x000049f0                main
 .text.Rx_Surtidor
                0x00004a24       0x14 .\CortexM3\ARM_GCC_484\Debug\Protocolo.o
                0x00004a24                Rx_Surtidor
 .text.get_estado
                0x00004a38       0x98 .\CortexM3\ARM_GCC_484\Debug\Protocolo.o
                0x00004a38                get_estado
 .text.ver_pos  0x00004ad0       0xa0 .\CortexM3\ARM_GCC_484\Debug\Protocolo.o
                0x00004ad0                ver_pos
 .text.estado_ex
                0x00004b70      0x17c .\CortexM3\ARM_GCC_484\Debug\Protocolo.o
                0x00004b70                estado_ex
 .text.venta    0x00004cec      0x33c .\CortexM3\ARM_GCC_484\Debug\Protocolo.o
                0x00004cec                venta
 .text.programar
                0x00005028      0x87c .\CortexM3\ARM_GCC_484\Debug\Protocolo.o
                0x00005028                programar
 .text.cambiar_precio
                0x000058a4      0x27c .\CortexM3\ARM_GCC_484\Debug\Protocolo.o
                0x000058a4                cambiar_precio
 .text.totales  0x00005b20      0xbc8 .\CortexM3\ARM_GCC_484\Debug\Protocolo.o
                0x00005b20                totales
 .text.set_imagen
                0x000066e8       0x94 .\CortexM3\ARM_GCC_484\Debug\LCD.o
                0x000066e8                set_imagen
 .text.write_LCD
                0x0000677c       0xb8 .\CortexM3\ARM_GCC_484\Debug\LCD.o
                0x0000677c                write_LCD
 .text.touch_present
                0x00006834       0xc0 .\CortexM3\ARM_GCC_484\Debug\ibuton.o
                0x00006834                touch_present
 .text.touch_write
                0x000068f4      0x10c .\CortexM3\ARM_GCC_484\Debug\ibuton.o
                0x000068f4                touch_write
 .text.touch_read_byte
                0x00006a00       0xb4 .\CortexM3\ARM_GCC_484\Debug\ibuton.o
                0x00006a00                touch_read_byte
 .text.crc_check
                0x00006ab4       0x58 .\CortexM3\ARM_GCC_484\Debug\ibuton.o
                0x00006ab4                crc_check
 .text.IntDefaultHandler
                0x00006b0c        0x8 .\CortexM3\ARM_GCC_484\Debug\Cm3Start.o
                0x00006b0c                IntDefaultHandler
 .text._sbrk    0x00006b14       0x54 .\CortexM3\ARM_GCC_484\Debug\Cm3Start.o
                0x00006b14                _sbrk
 .text.Start_c  0x00006b68       0x98 .\CortexM3\ARM_GCC_484\Debug\Cm3Start.o
                0x00006b68                Start_c
 .text.initialize_psoc
                0x00006c00       0x8c .\CortexM3\ARM_GCC_484\Debug\Cm3Start.o
                0x00006c00                initialize_psoc
 .text.CYMEMZERO
                0x00006c8c       0x1c .\CortexM3\ARM_GCC_484\Debug\BBB.a(cyfitter_cfg.o)
 .text.CYCONFIGCPY
                0x00006ca8       0x1c .\CortexM3\ARM_GCC_484\Debug\BBB.a(cyfitter_cfg.o)
 .text.CyClockStartupError
                0x00006cc4        0xc .\CortexM3\ARM_GCC_484\Debug\BBB.a(cyfitter_cfg.o)
 .text.cfg_write_bytes32
                0x00006cd0       0x74 .\CortexM3\ARM_GCC_484\Debug\BBB.a(cyfitter_cfg.o)
 .text.ClockSetup
                0x00006d44      0x16c .\CortexM3\ARM_GCC_484\Debug\BBB.a(cyfitter_cfg.o)
 .text.AnalogSetDefault
                0x00006eb0       0x44 .\CortexM3\ARM_GCC_484\Debug\BBB.a(cyfitter_cfg.o)
 .text.cyfitter_cfg
                0x00006ef4      0x1ec .\CortexM3\ARM_GCC_484\Debug\BBB.a(cyfitter_cfg.o)
                0x00006ef4                cyfitter_cfg
 .text          0x000070e0       0x28 .\CortexM3\ARM_GCC_484\Debug\BBB.a(CyBootAsmGnu.o)
                0x000070e0                CyDelayCycles
                0x000070f4                CyEnterCriticalSection
                0x000070fc                CyExitCriticalSection
 .text.CyHalt   0x00007108       0x18 .\CortexM3\ARM_GCC_484\Debug\BBB.a(CyLib.o)
                0x00007108                CyHalt
 .text.CyDelay  0x00007120       0x44 .\CortexM3\ARM_GCC_484\Debug\BBB.a(CyLib.o)
                0x00007120                CyDelay
 .text.CyDelayUs
                0x00007164       0x24 .\CortexM3\ARM_GCC_484\Debug\BBB.a(CyLib.o)
                0x00007164                CyDelayUs
 .text.CyWdtStart
                0x00007188       0x88 .\CortexM3\ARM_GCC_484\Debug\BBB.a(CyLib.o)
                0x00007188                CyWdtStart
 .text.CyWdtClear
                0x00007210       0x18 .\CortexM3\ARM_GCC_484\Debug\BBB.a(CyLib.o)
                0x00007210                CyWdtClear
 .text.CyIntSetVector
                0x00007228       0x50 .\CortexM3\ARM_GCC_484\Debug\BBB.a(CyLib.o)
                0x00007228                CyIntSetVector
 .text.CyIntSetPriority
                0x00007278       0x44 .\CortexM3\ARM_GCC_484\Debug\BBB.a(CyLib.o)
                0x00007278                CyIntSetPriority
 .text.Surtidor_Start
                0x000072bc       0x20 .\CortexM3\ARM_GCC_484\Debug\BBB.a(Surtidor.o)
                0x000072bc                Surtidor_Start
 .text.Surtidor_Init
                0x000072dc       0x58 .\CortexM3\ARM_GCC_484\Debug\BBB.a(Surtidor.o)
                0x000072dc                Surtidor_Init
 .text.Surtidor_Enable
                0x00007334       0x64 .\CortexM3\ARM_GCC_484\Debug\BBB.a(Surtidor.o)
                0x00007334                Surtidor_Enable
 .text.Surtidor_ReadRxData
                0x00007398       0x94 .\CortexM3\ARM_GCC_484\Debug\BBB.a(Surtidor.o)
                0x00007398                Surtidor_ReadRxData
 .text.Surtidor_GetRxBufferSize
                0x0000742c       0x94 .\CortexM3\ARM_GCC_484\Debug\BBB.a(Surtidor.o)
                0x0000742c                Surtidor_GetRxBufferSize
 .text.Surtidor_ClearRxBuffer
                0x000074c0       0x7c .\CortexM3\ARM_GCC_484\Debug\BBB.a(Surtidor.o)
                0x000074c0                Surtidor_ClearRxBuffer
 .text.Surtidor_PutChar
                0x0000753c       0x34 .\CortexM3\ARM_GCC_484\Debug\BBB.a(Surtidor.o)
                0x0000753c                Surtidor_PutChar
 .text.Surtidor_RXISR
                0x00007570       0xd4 .\CortexM3\ARM_GCC_484\Debug\BBB.a(Surtidor_INT.o)
                0x00007570                Surtidor_RXISR
 .text.Impresora_Start
                0x00007644       0x20 .\CortexM3\ARM_GCC_484\Debug\BBB.a(Impresora.o)
                0x00007644                Impresora_Start
 .text.Impresora_Init
                0x00007664       0x58 .\CortexM3\ARM_GCC_484\Debug\BBB.a(Impresora.o)
                0x00007664                Impresora_Init
 .text.Impresora_Enable
                0x000076bc       0x68 .\CortexM3\ARM_GCC_484\Debug\BBB.a(Impresora.o)
                0x000076bc                Impresora_Enable
 .text.Impresora_RXISR
                0x00007724       0xd4 .\CortexM3\ARM_GCC_484\Debug\BBB.a(Impresora_INT.o)
                0x00007724                Impresora_RXISR
 .text.PC_Start
                0x000077f8       0x20 .\CortexM3\ARM_GCC_484\Debug\BBB.a(PC.o)
                0x000077f8                PC_Start
 .text.PC_Init  0x00007818       0x58 .\CortexM3\ARM_GCC_484\Debug\BBB.a(PC.o)
                0x00007818                PC_Init
 .text.PC_Enable
                0x00007870       0x68 .\CortexM3\ARM_GCC_484\Debug\BBB.a(PC.o)
                0x00007870                PC_Enable
 .text.PC_GetRxBufferSize
                0x000078d8       0x94 .\CortexM3\ARM_GCC_484\Debug\BBB.a(PC.o)
                0x000078d8                PC_GetRxBufferSize
 .text.PC_ClearRxBuffer
                0x0000796c       0x7c .\CortexM3\ARM_GCC_484\Debug\BBB.a(PC.o)
                0x0000796c                PC_ClearRxBuffer
 .text.PC_PutChar
                0x000079e8       0x34 .\CortexM3\ARM_GCC_484\Debug\BBB.a(PC.o)
                0x000079e8                PC_PutChar
 .text.PC_RXISR
                0x00007a1c       0xd8 .\CortexM3\ARM_GCC_484\Debug\BBB.a(PC_INT.o)
                0x00007a1c                PC_RXISR
 .text.I2C_1_Init
                0x00007af4       0x80 .\CortexM3\ARM_GCC_484\Debug\BBB.a(I2C_1.o)
                0x00007af4                I2C_1_Init
 .text.I2C_1_Enable
                0x00007b74       0x44 .\CortexM3\ARM_GCC_484\Debug\BBB.a(I2C_1.o)
                0x00007b74                I2C_1_Enable
 .text.I2C_1_Start
                0x00007bb8       0x2c .\CortexM3\ARM_GCC_484\Debug\BBB.a(I2C_1.o)
                0x00007bb8                I2C_1_Start
 .text.I2C_1_ISR
                0x00007be4      0x3a8 .\CortexM3\ARM_GCC_484\Debug\BBB.a(I2C_1_INT.o)
                0x00007be4                I2C_1_ISR
 .text.isr_1_StartEx
                0x00007f8c       0x24 .\CortexM3\ARM_GCC_484\Debug\BBB.a(isr_1.o)
                0x00007f8c                isr_1_StartEx
 .text.isr_1_Stop
                0x00007fb0       0x14 .\CortexM3\ARM_GCC_484\Debug\BBB.a(isr_1.o)
                0x00007fb0                isr_1_Stop
 .text.isr_1_SetVector
                0x00007fc4       0x24 .\CortexM3\ARM_GCC_484\Debug\BBB.a(isr_1.o)
                0x00007fc4                isr_1_SetVector
 .text.isr_1_SetPriority
                0x00007fe8       0x24 .\CortexM3\ARM_GCC_484\Debug\BBB.a(isr_1.o)
                0x00007fe8                isr_1_SetPriority
 .text.isr_1_Enable
                0x0000800c       0x18 .\CortexM3\ARM_GCC_484\Debug\BBB.a(isr_1.o)
                0x0000800c                isr_1_Enable
 .text.isr_1_Disable
                0x00008024       0x18 .\CortexM3\ARM_GCC_484\Debug\BBB.a(isr_1.o)
                0x00008024                isr_1_Disable
 .text.Impresora_IntClock_Start
                0x0000803c       0x34 .\CortexM3\ARM_GCC_484\Debug\BBB.a(Impresora_IntClock.o)
                0x0000803c                Impresora_IntClock_Start
 .text.PC_IntClock_Start
                0x00008070       0x34 .\CortexM3\ARM_GCC_484\Debug\BBB.a(PC_IntClock.o)
                0x00008070                PC_IntClock_Start
 .text.LCD_1_Start
                0x000080a4       0x20 .\CortexM3\ARM_GCC_484\Debug\BBB.a(LCD_1.o)
                0x000080a4                LCD_1_Start
 .text.LCD_1_Init
                0x000080c4       0x58 .\CortexM3\ARM_GCC_484\Debug\BBB.a(LCD_1.o)
                0x000080c4                LCD_1_Init
 .text.LCD_1_Enable
                0x0000811c       0x68 .\CortexM3\ARM_GCC_484\Debug\BBB.a(LCD_1.o)
                0x0000811c                LCD_1_Enable
 .text.LCD_1_GetRxBufferSize
                0x00008184       0x90 .\CortexM3\ARM_GCC_484\Debug\BBB.a(LCD_1.o)
                0x00008184                LCD_1_GetRxBufferSize
 .text.LCD_1_ClearRxBuffer
                0x00008214       0x7c .\CortexM3\ARM_GCC_484\Debug\BBB.a(LCD_1.o)
                0x00008214                LCD_1_ClearRxBuffer
 .text.LCD_1_PutChar
                0x00008290       0x34 .\CortexM3\ARM_GCC_484\Debug\BBB.a(LCD_1.o)
                0x00008290                LCD_1_PutChar
 .text.LCD_1_RXISR
                0x000082c4       0xd4 .\CortexM3\ARM_GCC_484\Debug\BBB.a(LCD_1_INT.o)
                0x000082c4                LCD_1_RXISR
 .text.LCD_2_Start
                0x00008398       0x20 .\CortexM3\ARM_GCC_484\Debug\BBB.a(LCD_2.o)
                0x00008398                LCD_2_Start
 .text.LCD_2_Init
                0x000083b8       0x58 .\CortexM3\ARM_GCC_484\Debug\BBB.a(LCD_2.o)
                0x000083b8                LCD_2_Init
 .text.LCD_2_Enable
                0x00008410       0x68 .\CortexM3\ARM_GCC_484\Debug\BBB.a(LCD_2.o)
                0x00008410                LCD_2_Enable
 .text.LCD_2_PutChar
                0x00008478       0x34 .\CortexM3\ARM_GCC_484\Debug\BBB.a(LCD_2.o)
                0x00008478                LCD_2_PutChar
 .text.LCD_2_RXISR
                0x000084ac       0xd4 .\CortexM3\ARM_GCC_484\Debug\BBB.a(LCD_2_INT.o)
                0x000084ac                LCD_2_RXISR
 .text.LCD_1_IntClock_Start
                0x00008580       0x34 .\CortexM3\ARM_GCC_484\Debug\BBB.a(LCD_1_IntClock.o)
                0x00008580                LCD_1_IntClock_Start
 .text.LCD_2_IntClock_Start
                0x000085b4       0x34 .\CortexM3\ARM_GCC_484\Debug\BBB.a(LCD_2_IntClock.o)
                0x000085b4                LCD_2_IntClock_Start
 .text.IB1_Write
                0x000085e8       0x34 .\CortexM3\ARM_GCC_484\Debug\BBB.a(IB1.o)
                0x000085e8                IB1_Write
 .text.IB1_Read
                0x0000861c       0x1c .\CortexM3\ARM_GCC_484\Debug\BBB.a(IB1.o)
                0x0000861c                IB1_Read
 .text.IB2_Write
                0x00008638       0x3c .\CortexM3\ARM_GCC_484\Debug\BBB.a(IB2.o)
                0x00008638                IB2_Write
 .text.IB2_Read
                0x00008674       0x20 .\CortexM3\ARM_GCC_484\Debug\BBB.a(IB2.o)
                0x00008674                IB2_Read
 .text.isr_3_StartEx
                0x00008694       0x24 .\CortexM3\ARM_GCC_484\Debug\BBB.a(isr_3.o)
                0x00008694                isr_3_StartEx
 .text.isr_3_Stop
                0x000086b8       0x14 .\CortexM3\ARM_GCC_484\Debug\BBB.a(isr_3.o)
                0x000086b8                isr_3_Stop
 .text.isr_3_SetVector
                0x000086cc       0x24 .\CortexM3\ARM_GCC_484\Debug\BBB.a(isr_3.o)
                0x000086cc                isr_3_SetVector
 .text.isr_3_SetPriority
                0x000086f0       0x24 .\CortexM3\ARM_GCC_484\Debug\BBB.a(isr_3.o)
                0x000086f0                isr_3_SetPriority
 .text.isr_3_Enable
                0x00008714       0x18 .\CortexM3\ARM_GCC_484\Debug\BBB.a(isr_3.o)
                0x00008714                isr_3_Enable
 .text.isr_3_Disable
                0x0000872c       0x18 .\CortexM3\ARM_GCC_484\Debug\BBB.a(isr_3.o)
                0x0000872c                isr_3_Disable
 .text.Timer_Animacion_Init
                0x00008744       0x9c .\CortexM3\ARM_GCC_484\Debug\BBB.a(Timer_Animacion.o)
                0x00008744                Timer_Animacion_Init
 .text.Timer_Animacion_Enable
                0x000087e0       0x48 .\CortexM3\ARM_GCC_484\Debug\BBB.a(Timer_Animacion.o)
                0x000087e0                Timer_Animacion_Enable
 .text.Timer_Animacion_Start
                0x00008828       0x20 .\CortexM3\ARM_GCC_484\Debug\BBB.a(Timer_Animacion.o)
                0x00008828                Timer_Animacion_Start
 .text.Timer_Animacion_Stop
                0x00008848       0x48 .\CortexM3\ARM_GCC_484\Debug\BBB.a(Timer_Animacion.o)
                0x00008848                Timer_Animacion_Stop
 .text.Timer_Animacion_SetInterruptMode
                0x00008890       0x20 .\CortexM3\ARM_GCC_484\Debug\BBB.a(Timer_Animacion.o)
                0x00008890                Timer_Animacion_SetInterruptMode
 .text.Timer_Animacion_ReadStatusRegister
                0x000088b0       0x18 .\CortexM3\ARM_GCC_484\Debug\BBB.a(Timer_Animacion.o)
                0x000088b0                Timer_Animacion_ReadStatusRegister
 .text.Timer_Animacion_WritePeriod
                0x000088c8       0x24 .\CortexM3\ARM_GCC_484\Debug\BBB.a(Timer_Animacion.o)
                0x000088c8                Timer_Animacion_WritePeriod
 .text.Timer_Animacion_WriteCounter
                0x000088ec       0x20 .\CortexM3\ARM_GCC_484\Debug\BBB.a(Timer_Animacion.o)
                0x000088ec                Timer_Animacion_WriteCounter
 .text.Timer_Animacion2_Init
                0x0000890c       0x9c .\CortexM3\ARM_GCC_484\Debug\BBB.a(Timer_Animacion2.o)
                0x0000890c                Timer_Animacion2_Init
 .text.Timer_Animacion2_Enable
                0x000089a8       0x48 .\CortexM3\ARM_GCC_484\Debug\BBB.a(Timer_Animacion2.o)
                0x000089a8                Timer_Animacion2_Enable
 .text.Timer_Animacion2_Start
                0x000089f0       0x20 .\CortexM3\ARM_GCC_484\Debug\BBB.a(Timer_Animacion2.o)
                0x000089f0                Timer_Animacion2_Start
 .text.Timer_Animacion2_SetInterruptMode
                0x00008a10       0x20 .\CortexM3\ARM_GCC_484\Debug\BBB.a(Timer_Animacion2.o)
                0x00008a10                Timer_Animacion2_SetInterruptMode
 .text.Timer_Animacion2_ReadStatusRegister
                0x00008a30       0x18 .\CortexM3\ARM_GCC_484\Debug\BBB.a(Timer_Animacion2.o)
                0x00008a30                Timer_Animacion2_ReadStatusRegister
 .text.Timer_Animacion2_WritePeriod
                0x00008a48       0x24 .\CortexM3\ARM_GCC_484\Debug\BBB.a(Timer_Animacion2.o)
                0x00008a48                Timer_Animacion2_WritePeriod
 .text.Timer_Animacion2_WriteCounter
                0x00008a6c       0x20 .\CortexM3\ARM_GCC_484\Debug\BBB.a(Timer_Animacion2.o)
                0x00008a6c                Timer_Animacion2_WriteCounter
 .text.isr_4_StartEx
                0x00008a8c       0x24 .\CortexM3\ARM_GCC_484\Debug\BBB.a(isr_4.o)
                0x00008a8c                isr_4_StartEx
 .text.isr_4_SetVector
                0x00008ab0       0x24 .\CortexM3\ARM_GCC_484\Debug\BBB.a(isr_4.o)
                0x00008ab0                isr_4_SetVector
 .text.isr_4_SetPriority
                0x00008ad4       0x24 .\CortexM3\ARM_GCC_484\Debug\BBB.a(isr_4.o)
                0x00008ad4                isr_4_SetPriority
 .text.isr_4_Enable
                0x00008af8       0x18 .\CortexM3\ARM_GCC_484\Debug\BBB.a(isr_4.o)
                0x00008af8                isr_4_Enable
 .text.isr_4_Disable
                0x00008b10       0x18 .\CortexM3\ARM_GCC_484\Debug\BBB.a(isr_4.o)
                0x00008b10                isr_4_Disable
 .text.Timer_RxSurtidor_Init
                0x00008b28       0x9c .\CortexM3\ARM_GCC_484\Debug\BBB.a(Timer_RxSurtidor.o)
                0x00008b28                Timer_RxSurtidor_Init
 .text.Timer_RxSurtidor_Enable
                0x00008bc4       0x48 .\CortexM3\ARM_GCC_484\Debug\BBB.a(Timer_RxSurtidor.o)
                0x00008bc4                Timer_RxSurtidor_Enable
 .text.Timer_RxSurtidor_Start
                0x00008c0c       0x20 .\CortexM3\ARM_GCC_484\Debug\BBB.a(Timer_RxSurtidor.o)
                0x00008c0c                Timer_RxSurtidor_Start
 .text.Timer_RxSurtidor_Stop
                0x00008c2c       0x48 .\CortexM3\ARM_GCC_484\Debug\BBB.a(Timer_RxSurtidor.o)
                0x00008c2c                Timer_RxSurtidor_Stop
 .text.Timer_RxSurtidor_SetInterruptMode
                0x00008c74       0x20 .\CortexM3\ARM_GCC_484\Debug\BBB.a(Timer_RxSurtidor.o)
                0x00008c74                Timer_RxSurtidor_SetInterruptMode
 .text.Timer_RxSurtidor_ReadStatusRegister
                0x00008c94       0x18 .\CortexM3\ARM_GCC_484\Debug\BBB.a(Timer_RxSurtidor.o)
                0x00008c94                Timer_RxSurtidor_ReadStatusRegister
 .text.Timer_RxSurtidor_WritePeriod
                0x00008cac       0x24 .\CortexM3\ARM_GCC_484\Debug\BBB.a(Timer_RxSurtidor.o)
                0x00008cac                Timer_RxSurtidor_WritePeriod
 .text.Timer_RxSurtidor_WriteCounter
                0x00008cd0       0x20 .\CortexM3\ARM_GCC_484\Debug\BBB.a(Timer_RxSurtidor.o)
                0x00008cd0                Timer_RxSurtidor_WriteCounter
 .text.EEPROM_Enable
                0x00008cf0       0x10 .\CortexM3\ARM_GCC_484\Debug\BBB.a(EEPROM.o)
                0x00008cf0                EEPROM_Enable
 .text.EEPROM_Start
                0x00008d00        0xc .\CortexM3\ARM_GCC_484\Debug\BBB.a(EEPROM.o)
                0x00008d00                EEPROM_Start
 .text.EEPROM_WriteByte
                0x00008d0c      0x11c .\CortexM3\ARM_GCC_484\Debug\BBB.a(EEPROM.o)
                0x00008d0c                EEPROM_WriteByte
 .text.EEPROM_ReadByte
                0x00008e28       0x3c .\CortexM3\ARM_GCC_484\Debug\BBB.a(EEPROM.o)
                0x00008e28                EEPROM_ReadByte
 .text.LP_Start
                0x00008e64       0x20 .\CortexM3\ARM_GCC_484\Debug\BBB.a(LP.o)
                0x00008e64                LP_Start
 .text.LP_Init  0x00008e84       0x58 .\CortexM3\ARM_GCC_484\Debug\BBB.a(LP.o)
                0x00008e84                LP_Init
 .text.LP_Enable
                0x00008edc       0x64 .\CortexM3\ARM_GCC_484\Debug\BBB.a(LP.o)
                0x00008edc                LP_Enable
 .text.LP_ReadRxData
                0x00008f40       0x94 .\CortexM3\ARM_GCC_484\Debug\BBB.a(LP.o)
                0x00008f40                LP_ReadRxData
 .text.LP_GetRxBufferSize
                0x00008fd4       0x90 .\CortexM3\ARM_GCC_484\Debug\BBB.a(LP.o)
                0x00008fd4                LP_GetRxBufferSize
 .text.LP_ClearRxBuffer
                0x00009064       0x7c .\CortexM3\ARM_GCC_484\Debug\BBB.a(LP.o)
                0x00009064                LP_ClearRxBuffer
 .text.LP_PutChar
                0x000090e0       0x34 .\CortexM3\ARM_GCC_484\Debug\BBB.a(LP.o)
                0x000090e0                LP_PutChar
 .text.LP_RXISR
                0x00009114       0xd4 .\CortexM3\ARM_GCC_484\Debug\BBB.a(LP_INT.o)
                0x00009114                LP_RXISR
 .text.CySetTempInt
                0x000091e8       0x7c .\CortexM3\ARM_GCC_484\Debug\BBB.a(CyFlash.o)
 .text.CyFlashGetSpcAlgorithm
                0x00009264       0x70 .\CortexM3\ARM_GCC_484\Debug\BBB.a(CyFlash.o)
 .text.CySetTemp
                0x000092d4       0x24 .\CortexM3\ARM_GCC_484\Debug\BBB.a(CyFlash.o)
                0x000092d4                CySetTemp
 .text.CyEEPROM_Start
                0x000092f8       0x8c .\CortexM3\ARM_GCC_484\Debug\BBB.a(CyFlash.o)
                0x000092f8                CyEEPROM_Start
 .text.CyEEPROM_ReadReserve
                0x00009384       0x30 .\CortexM3\ARM_GCC_484\Debug\BBB.a(CyFlash.o)
                0x00009384                CyEEPROM_ReadReserve
 .text.CyEEPROM_ReadRelease
                0x000093b4       0x20 .\CortexM3\ARM_GCC_484\Debug\BBB.a(CyFlash.o)
                0x000093b4                CyEEPROM_ReadRelease
 .text.CySpcStart
                0x000093d4       0x44 .\CortexM3\ARM_GCC_484\Debug\BBB.a(CySpc.o)
                0x000093d4                CySpcStart
 .text.CySpcReadData
                0x00009418       0x58 .\CortexM3\ARM_GCC_484\Debug\BBB.a(CySpc.o)
                0x00009418                CySpcReadData
 .text.CySpcLoadMultiByte
                0x00009470       0xd0 .\CortexM3\ARM_GCC_484\Debug\BBB.a(CySpc.o)
                0x00009470                CySpcLoadMultiByte
 .text.CySpcWriteRow
                0x00009540       0x88 .\CortexM3\ARM_GCC_484\Debug\BBB.a(CySpc.o)
                0x00009540                CySpcWriteRow
 .text.CySpcGetTemp
                0x000095c8       0x64 .\CortexM3\ARM_GCC_484\Debug\BBB.a(CySpc.o)
                0x000095c8                CySpcGetTemp
 .text.CySpcLock
                0x0000962c       0x68 .\CortexM3\ARM_GCC_484\Debug\BBB.a(CySpc.o)
                0x0000962c                CySpcLock
 .text.CySpcUnlock
                0x00009694       0x50 .\CortexM3\ARM_GCC_484\Debug\BBB.a(CySpc.o)
                0x00009694                CySpcUnlock
 .text.CySpcGetAlgorithm
                0x000096e4       0x48 .\CortexM3\ARM_GCC_484\Debug\BBB.a(CySpc.o)
                0x000096e4                CySpcGetAlgorithm
 .text          0x0000972c      0x110 c:/program files (x86)/cypress/psoc creator/3.2/psoc creator/import/gnu/arm/4.8.4/bin/../lib/gcc/arm-none-eabi/4.8.4/armv7-m\libgcc.a(_arm_cmpdf2.o)
                0x0000972c                __gtdf2
                0x0000972c                __gedf2
                0x00009734                __ltdf2
                0x00009734                __ledf2
                0x0000973c                __nedf2
                0x0000973c                __eqdf2
                0x0000973c                __cmpdf2
                0x000097b8                __aeabi_cdrcmple
                0x000097c8                __aeabi_cdcmpeq
                0x000097c8                __aeabi_cdcmple
                0x000097d8                __aeabi_dcmpeq
                0x000097ec                __aeabi_dcmplt
                0x00009800                __aeabi_dcmple
                0x00009814                __aeabi_dcmpge
                0x00009828                __aeabi_dcmpgt
 .text.atof     0x0000983c        0x6 c:/program files (x86)/cypress/psoc creator/3.2/psoc creator/import/gnu/arm/4.8.4/bin/../lib/gcc/arm-none-eabi/4.8.4/../../../../arm-none-eabi/lib/armv7-m\libg_s.a(lib_a-atof.o)
                0x0000983c                atof
 *fill*         0x00009842        0x2 
 .text.__errno  0x00009844        0xc c:/program files (x86)/cypress/psoc creator/3.2/psoc creator/import/gnu/arm/4.8.4/bin/../lib/gcc/arm-none-eabi/4.8.4/../../../../arm-none-eabi/lib/armv7-m\libg_s.a(lib_a-errno.o)
                0x00009844                __errno
 .text.__libc_init_array
                0x00009850       0x4c c:/program files (x86)/cypress/psoc creator/3.2/psoc creator/import/gnu/arm/4.8.4/bin/../lib/gcc/arm-none-eabi/4.8.4/../../../../arm-none-eabi/lib/armv7-m\libg_s.a(lib_a-init.o)
                0x00009850                __libc_init_array
 .text.memcpy   0x0000989c       0x12 c:/program files (x86)/cypress/psoc creator/3.2/psoc creator/import/gnu/arm/4.8.4/bin/../lib/gcc/arm-none-eabi/4.8.4/../../../../arm-none-eabi/lib/armv7-m\libg_s.a(lib_a-memcpy-stub.o)
                0x0000989c                memcpy
 .text.memset   0x000098ae       0x10 c:/program files (x86)/cypress/psoc creator/3.2/psoc creator/import/gnu/arm/4.8.4/bin/../lib/gcc/arm-none-eabi/4.8.4/../../../../arm-none-eabi/lib/armv7-m\libg_s.a(lib_a-memset.o)
                0x000098ae                memset
 .text.match    0x000098be       0x28 c:/program files (x86)/cypress/psoc creator/3.2/psoc creator/import/gnu/arm/4.8.4/bin/../lib/gcc/arm-none-eabi/4.8.4/../../../../arm-none-eabi/lib/armv7-m\libg_s.a(lib_a-strtod.o)
 .text.sulp     0x000098e6       0x3e c:/program files (x86)/cypress/psoc creator/3.2/psoc creator/import/gnu/arm/4.8.4/bin/../lib/gcc/arm-none-eabi/4.8.4/../../../../arm-none-eabi/lib/armv7-m\libg_s.a(lib_a-strtod.o)
 *fill*         0x00009924        0x4 
 .text._strtod_r
                0x00009928      0xc38 c:/program files (x86)/cypress/psoc creator/3.2/psoc creator/import/gnu/arm/4.8.4/bin/../lib/gcc/arm-none-eabi/4.8.4/../../../../arm-none-eabi/lib/armv7-m\libg_s.a(lib_a-strtod.o)
                0x00009928                _strtod_r
 .text.strtod   0x0000a560       0x14 c:/program files (x86)/cypress/psoc creator/3.2/psoc creator/import/gnu/arm/4.8.4/bin/../lib/gcc/arm-none-eabi/4.8.4/../../../../arm-none-eabi/lib/armv7-m\libg_s.a(lib_a-strtod.o)
                0x0000a560                strtod
 .text.rshift   0x0000a574       0x6a c:/program files (x86)/cypress/psoc creator/3.2/psoc creator/import/gnu/arm/4.8.4/bin/../lib/gcc/arm-none-eabi/4.8.4/../../../../arm-none-eabi/lib/armv7-m\libg_s.a(lib_a-gdtoa-gethex.o)
 .text.__hexdig_fun
                0x0000a5de       0x2a c:/program files (x86)/cypress/psoc creator/3.2/psoc creator/import/gnu/arm/4.8.4/bin/../lib/gcc/arm-none-eabi/4.8.4/../../../../arm-none-eabi/lib/armv7-m\libg_s.a(lib_a-gdtoa-gethex.o)
                0x0000a5de                __hexdig_fun
 .text.__gethex
                0x0000a608      0x45e c:/program files (x86)/cypress/psoc creator/3.2/psoc creator/import/gnu/arm/4.8.4/bin/../lib/gcc/arm-none-eabi/4.8.4/../../../../arm-none-eabi/lib/armv7-m\libg_s.a(lib_a-gdtoa-gethex.o)
                0x0000a608                __gethex
 .text.L_shift  0x0000aa66       0x26 c:/program files (x86)/cypress/psoc creator/3.2/psoc creator/import/gnu/arm/4.8.4/bin/../lib/gcc/arm-none-eabi/4.8.4/../../../../arm-none-eabi/lib/armv7-m\libg_s.a(lib_a-gdtoa-hexnan.o)
 .text.__hexnan
                0x0000aa8c      0x120 c:/program files (x86)/cypress/psoc creator/3.2/psoc creator/import/gnu/arm/4.8.4/bin/../lib/gcc/arm-none-eabi/4.8.4/../../../../arm-none-eabi/lib/armv7-m\libg_s.a(lib_a-gdtoa-hexnan.o)
                0x0000aa8c                __hexnan
 .text._localeconv_r
                0x0000abac        0x8 c:/program files (x86)/cypress/psoc creator/3.2/psoc creator/import/gnu/arm/4.8.4/bin/../lib/gcc/arm-none-eabi/4.8.4/../../../../arm-none-eabi/lib/armv7-m\libg_s.a(lib_a-locale.o)
                0x0000abac                _localeconv_r
 .text._Balloc  0x0000abb4       0x6a c:/program files (x86)/cypress/psoc creator/3.2/psoc creator/import/gnu/arm/4.8.4/bin/../lib/gcc/arm-none-eabi/4.8.4/../../../../arm-none-eabi/lib/armv7-m\libg_s.a(lib_a-mprec.o)
                0x0000abb4                _Balloc
 .text._Bfree   0x0000ac1e       0x2e c:/program files (x86)/cypress/psoc creator/3.2/psoc creator/import/gnu/arm/4.8.4/bin/../lib/gcc/arm-none-eabi/4.8.4/../../../../arm-none-eabi/lib/armv7-m\libg_s.a(lib_a-mprec.o)
                0x0000ac1e                _Bfree
 .text.__multadd
                0x0000ac4c       0x74 c:/program files (x86)/cypress/psoc creator/3.2/psoc creator/import/gnu/arm/4.8.4/bin/../lib/gcc/arm-none-eabi/4.8.4/../../../../arm-none-eabi/lib/armv7-m\libg_s.a(lib_a-mprec.o)
                0x0000ac4c                __multadd
 .text.__s2b    0x0000acc0       0x84 c:/program files (x86)/cypress/psoc creator/3.2/psoc creator/import/gnu/arm/4.8.4/bin/../lib/gcc/arm-none-eabi/4.8.4/../../../../arm-none-eabi/lib/armv7-m\libg_s.a(lib_a-mprec.o)
                0x0000acc0                __s2b
 .text.__hi0bits
                0x0000ad44       0x40 c:/program files (x86)/cypress/psoc creator/3.2/psoc creator/import/gnu/arm/4.8.4/bin/../lib/gcc/arm-none-eabi/4.8.4/../../../../arm-none-eabi/lib/armv7-m\libg_s.a(lib_a-mprec.o)
                0x0000ad44                __hi0bits
 .text.__lo0bits
                0x0000ad84       0x5a c:/program files (x86)/cypress/psoc creator/3.2/psoc creator/import/gnu/arm/4.8.4/bin/../lib/gcc/arm-none-eabi/4.8.4/../../../../arm-none-eabi/lib/armv7-m\libg_s.a(lib_a-mprec.o)
                0x0000ad84                __lo0bits
 .text.__i2b    0x0000adde       0x12 c:/program files (x86)/cypress/psoc creator/3.2/psoc creator/import/gnu/arm/4.8.4/bin/../lib/gcc/arm-none-eabi/4.8.4/../../../../arm-none-eabi/lib/armv7-m\libg_s.a(lib_a-mprec.o)
                0x0000adde                __i2b
 .text.__multiply
                0x0000adf0      0x130 c:/program files (x86)/cypress/psoc creator/3.2/psoc creator/import/gnu/arm/4.8.4/bin/../lib/gcc/arm-none-eabi/4.8.4/../../../../arm-none-eabi/lib/armv7-m\libg_s.a(lib_a-mprec.o)
                0x0000adf0                __multiply
 .text.__pow5mult
                0x0000af20       0x9c c:/program files (x86)/cypress/psoc creator/3.2/psoc creator/import/gnu/arm/4.8.4/bin/../lib/gcc/arm-none-eabi/4.8.4/../../../../arm-none-eabi/lib/armv7-m\libg_s.a(lib_a-mprec.o)
                0x0000af20                __pow5mult
 .text.__lshift
                0x0000afbc       0xa6 c:/program files (x86)/cypress/psoc creator/3.2/psoc creator/import/gnu/arm/4.8.4/bin/../lib/gcc/arm-none-eabi/4.8.4/../../../../arm-none-eabi/lib/armv7-m\libg_s.a(lib_a-mprec.o)
                0x0000afbc                __lshift
 .text.__mcmp   0x0000b062       0x3a c:/program files (x86)/cypress/psoc creator/3.2/psoc creator/import/gnu/arm/4.8.4/bin/../lib/gcc/arm-none-eabi/4.8.4/../../../../arm-none-eabi/lib/armv7-m\libg_s.a(lib_a-mprec.o)
                0x0000b062                __mcmp
 .text.__mdiff  0x0000b09c       0xbe c:/program files (x86)/cypress/psoc creator/3.2/psoc creator/import/gnu/arm/4.8.4/bin/../lib/gcc/arm-none-eabi/4.8.4/../../../../arm-none-eabi/lib/armv7-m\libg_s.a(lib_a-mprec.o)
                0x0000b09c                __mdiff
 *fill*         0x0000b15a        0x2 
 .text.__ulp    0x0000b15c       0x44 c:/program files (x86)/cypress/psoc creator/3.2/psoc creator/import/gnu/arm/4.8.4/bin/../lib/gcc/arm-none-eabi/4.8.4/../../../../arm-none-eabi/lib/armv7-m\libg_s.a(lib_a-mprec.o)
                0x0000b15c                __ulp
 .text.__b2d    0x0000b1a0       0xa6 c:/program files (x86)/cypress/psoc creator/3.2/psoc creator/import/gnu/arm/4.8.4/bin/../lib/gcc/arm-none-eabi/4.8.4/../../../../arm-none-eabi/lib/armv7-m\libg_s.a(lib_a-mprec.o)
                0x0000b1a0                __b2d
 .text.__d2b    0x0000b246       0xa4 c:/program files (x86)/cypress/psoc creator/3.2/psoc creator/import/gnu/arm/4.8.4/bin/../lib/gcc/arm-none-eabi/4.8.4/../../../../arm-none-eabi/lib/armv7-m\libg_s.a(lib_a-mprec.o)
                0x0000b246                __d2b
 .text.__ratio  0x0000b2ea       0x4a c:/program files (x86)/cypress/psoc creator/3.2/psoc creator/import/gnu/arm/4.8.4/bin/../lib/gcc/arm-none-eabi/4.8.4/../../../../arm-none-eabi/lib/armv7-m\libg_s.a(lib_a-mprec.o)
                0x0000b2ea                __ratio
 .text.__copybits
                0x0000b334       0x32 c:/program files (x86)/cypress/psoc creator/3.2/psoc creator/import/gnu/arm/4.8.4/bin/../lib/gcc/arm-none-eabi/4.8.4/../../../../arm-none-eabi/lib/armv7-m\libg_s.a(lib_a-mprec.o)
                0x0000b334                __copybits
 .text.__any_on
                0x0000b366       0x48 c:/program files (x86)/cypress/psoc creator/3.2/psoc creator/import/gnu/arm/4.8.4/bin/../lib/gcc/arm-none-eabi/4.8.4/../../../../arm-none-eabi/lib/armv7-m\libg_s.a(lib_a-mprec.o)
                0x0000b366                __any_on
 .text._calloc_r
                0x0000b3ae       0x1c c:/program files (x86)/cypress/psoc creator/3.2/psoc creator/import/gnu/arm/4.8.4/bin/../lib/gcc/arm-none-eabi/4.8.4/../../../../arm-none-eabi/lib/armv7-m\libg_s.a(lib_a-nano-callocr.o)
                0x0000b3ae                _calloc_r
 *fill*         0x0000b3ca        0x2 
 .text._malloc_r
                0x0000b3cc       0xa8 c:/program files (x86)/cypress/psoc creator/3.2/psoc creator/import/gnu/arm/4.8.4/bin/../lib/gcc/arm-none-eabi/4.8.4/../../../../arm-none-eabi/lib/armv7-m\libg_s.a(lib_a-nano-mallocr.o)
                0x0000b3cc                _malloc_r
 .text._sbrk_r  0x0000b474       0x20 c:/program files (x86)/cypress/psoc creator/3.2/psoc creator/import/gnu/arm/4.8.4/bin/../lib/gcc/arm-none-eabi/4.8.4/../../../../arm-none-eabi/lib/armv7-m\libg_s.a(lib_a-sbrkr.o)
                0x0000b474                _sbrk_r
 .text.strlen   0x0000b494       0x10 c:/program files (x86)/cypress/psoc creator/3.2/psoc creator/import/gnu/arm/4.8.4/bin/../lib/gcc/arm-none-eabi/4.8.4/../../../../arm-none-eabi/lib/armv7-m\libg_s.a(lib_a-strlen.o)
                0x0000b494                strlen
 .text.strncmp  0x0000b4a4       0x2c c:/program files (x86)/cypress/psoc creator/3.2/psoc creator/import/gnu/arm/4.8.4/bin/../lib/gcc/arm-none-eabi/4.8.4/../../../../arm-none-eabi/lib/armv7-m\libg_s.a(lib_a-strncmp.o)
                0x0000b4a4                strncmp
 .text.malloc   0x0000b4d0       0x10 c:/program files (x86)/cypress/psoc creator/3.2/psoc creator/import/gnu/arm/4.8.4/bin/../lib/gcc/arm-none-eabi/4.8.4/../../../../arm-none-eabi/lib/armv7-m\libg_s.a(lib_a-malloc.o)
                0x0000b4d0                malloc
 .text          0x0000b4e0      0x370 c:/program files (x86)/cypress/psoc creator/3.2/psoc creator/import/gnu/arm/4.8.4/bin/../lib/gcc/arm-none-eabi/4.8.4/armv7-m\libgcc.a(_arm_addsubdf3.o)
                0x0000b4e0                __aeabi_drsub
                0x0000b4e8                __aeabi_dsub
                0x0000b4e8                __subdf3
                0x0000b4ec                __aeabi_dadd
                0x0000b4ec                __adddf3
                0x0000b764                __floatunsidf
                0x0000b764                __aeabi_ui2d
                0x0000b784                __floatsidf
                0x0000b784                __aeabi_i2d
                0x0000b7a8                __aeabi_f2d
                0x0000b7a8                __extendsfdf2
                0x0000b7e4                __floatundidf
                0x0000b7e4                __aeabi_ul2d
                0x0000b7f4                __floatdidf
                0x0000b7f4                __aeabi_l2d
 .text          0x0000b850      0x424 c:/program files (x86)/cypress/psoc creator/3.2/psoc creator/import/gnu/arm/4.8.4/bin/../lib/gcc/arm-none-eabi/4.8.4/armv7-m\libgcc.a(_arm_muldivdf3.o)
                0x0000b850                __aeabi_dmul
                0x0000b850                __muldf3
                0x0000baa4                __divdf3
                0x0000baa4                __aeabi_ddiv
 .text          0x0000bc74       0x50 c:/program files (x86)/cypress/psoc creator/3.2/psoc creator/import/gnu/arm/4.8.4/bin/../lib/gcc/arm-none-eabi/4.8.4/armv7-m\libgcc.a(_arm_fixdfsi.o)
                0x0000bc74                __aeabi_d2iz
                0x0000bc74                __fixdfsi
 .text          0x0000bcc4       0x40 c:/program files (x86)/cypress/psoc creator/3.2/psoc creator/import/gnu/arm/4.8.4/bin/../lib/gcc/arm-none-eabi/4.8.4/armv7-m\libgcc.a(_arm_fixunsdfsi.o)
                0x0000bcc4                __aeabi_d2uiz
                0x0000bcc4                __fixunsdfsi
 *(.plt)
 *(.gnu.warning)
 *(.glue_7t)
 .glue_7t       0x00000000        0x0 linker stubs
 *(.glue_7)
 .glue_7        0x00000000        0x0 linker stubs
 *(.vfp11_veneer)
 .vfp11_veneer  0x00000000        0x0 linker stubs
 *(.bootloader)
 *(.ARM.extab* .gnu.linkonce.armextab.*)
 *(.gcc_except_table)

.v4_bx          0x0000bd04        0x0
 .v4_bx         0x00000000        0x0 linker stubs

.iplt           0x0000bd04        0x0
 .iplt          0x00000000        0x0 c:/program files (x86)/cypress/psoc creator/3.2/psoc creator/import/gnu/arm/4.8.4/bin/../lib/gcc/arm-none-eabi/4.8.4/armv7-m/crtbegin.o

.eh_frame_hdr
 *(.eh_frame_hdr)

.eh_frame       0x0000bd04        0x4
 *(.eh_frame)
 .eh_frame      0x0000bd04        0x0 c:/program files (x86)/cypress/psoc creator/3.2/psoc creator/import/gnu/arm/4.8.4/bin/../lib/gcc/arm-none-eabi/4.8.4/armv7-m/crtbegin.o
 .eh_frame      0x0000bd04        0x4 c:/program files (x86)/cypress/psoc creator/3.2/psoc creator/import/gnu/arm/4.8.4/bin/../lib/gcc/arm-none-eabi/4.8.4/armv7-m/crtend.o
                0x0000bd08                PROVIDE (__exidx_start, .)

.ARM.exidx
 *(.ARM.exidx* .gnu.linkonce.armexidx.*)
                0x0000bd08                __exidx_end = .

.rodata         0x0000bd08      0x270
 *(.rodata .rodata.* .gnu.linkonce.r.*)
 .rodata        0x0000bd08        0xc .\CortexM3\ARM_GCC_484\Debug\Protocolo.o
 .rodata        0x0000bd14       0x48 .\CortexM3\ARM_GCC_484\Debug\LCD.o
 .rodata        0x0000bd5c       0x7c .\CortexM3\ARM_GCC_484\Debug\BBB.a(cyfitter_cfg.o)
 .rodata.str1.1
                0x0000bdd8        0x2 c:/program files (x86)/cypress/psoc creator/3.2/psoc creator/import/gnu/arm/4.8.4/bin/../lib/gcc/arm-none-eabi/4.8.4/../../../../arm-none-eabi/lib/armv7-m\libg_s.a(lib_a-impure.o)
 *fill*         0x0000bdda        0x6 
 .rodata.tinytens
                0x0000bde0       0x28 c:/program files (x86)/cypress/psoc creator/3.2/psoc creator/import/gnu/arm/4.8.4/bin/../lib/gcc/arm-none-eabi/4.8.4/../../../../arm-none-eabi/lib/armv7-m\libg_s.a(lib_a-strtod.o)
 .rodata.fpi.5246
                0x0000be08       0x14 c:/program files (x86)/cypress/psoc creator/3.2/psoc creator/import/gnu/arm/4.8.4/bin/../lib/gcc/arm-none-eabi/4.8.4/../../../../arm-none-eabi/lib/armv7-m\libg_s.a(lib_a-strtod.o)
 .rodata.str1.1
                0x0000be1c        0xc c:/program files (x86)/cypress/psoc creator/3.2/psoc creator/import/gnu/arm/4.8.4/bin/../lib/gcc/arm-none-eabi/4.8.4/../../../../arm-none-eabi/lib/armv7-m\libg_s.a(lib_a-strtod.o)
 .rodata.fpinan.5282
                0x0000be28       0x14 c:/program files (x86)/cypress/psoc creator/3.2/psoc creator/import/gnu/arm/4.8.4/bin/../lib/gcc/arm-none-eabi/4.8.4/../../../../arm-none-eabi/lib/armv7-m\libg_s.a(lib_a-strtod.o)
 .rodata.str1.1
                0x0000be3c        0x8 c:/program files (x86)/cypress/psoc creator/3.2/psoc creator/import/gnu/arm/4.8.4/bin/../lib/gcc/arm-none-eabi/4.8.4/../../../../arm-none-eabi/lib/armv7-m\libg_s.a(lib_a-locale.o)
                                  0xb (size before relaxing)
 *fill*         0x0000be44        0x4 
 .rodata.__mprec_tens
                0x0000be48       0xc8 c:/program files (x86)/cypress/psoc creator/3.2/psoc creator/import/gnu/arm/4.8.4/bin/../lib/gcc/arm-none-eabi/4.8.4/../../../../arm-none-eabi/lib/armv7-m\libg_s.a(lib_a-mprec.o)
                0x0000be48                __mprec_tens
 .rodata.__mprec_bigtens
                0x0000bf10       0x28 c:/program files (x86)/cypress/psoc creator/3.2/psoc creator/import/gnu/arm/4.8.4/bin/../lib/gcc/arm-none-eabi/4.8.4/../../../../arm-none-eabi/lib/armv7-m\libg_s.a(lib_a-mprec.o)
                0x0000bf10                __mprec_bigtens
 .rodata.p05.5281
                0x0000bf38        0xc c:/program files (x86)/cypress/psoc creator/3.2/psoc creator/import/gnu/arm/4.8.4/bin/../lib/gcc/arm-none-eabi/4.8.4/../../../../arm-none-eabi/lib/armv7-m\libg_s.a(lib_a-mprec.o)
                0x0000bf44                . = ALIGN (0x4)
 *(.init)
 .init          0x0000bf44        0x4 c:/program files (x86)/cypress/psoc creator/3.2/psoc creator/import/gnu/arm/4.8.4/bin/../lib/gcc/arm-none-eabi/4.8.4/armv7-m/crti.o
                0x0000bf44                _init
 .init          0x0000bf48        0x8 c:/program files (x86)/cypress/psoc creator/3.2/psoc creator/import/gnu/arm/4.8.4/bin/../lib/gcc/arm-none-eabi/4.8.4/armv7-m/crtn.o
                0x0000bf50                . = ALIGN (0x4)
                0x0000bf50                __preinit_array_start = .
 *(.preinit_array)
                0x0000bf50                __preinit_array_end = .
                0x0000bf50                . = ALIGN (0x4)
                0x0000bf50                __init_array_start = .
 *(SORT(.init_array.*))
 *(.init_array)
 .init_array    0x0000bf50        0x4 c:/program files (x86)/cypress/psoc creator/3.2/psoc creator/import/gnu/arm/4.8.4/bin/../lib/gcc/arm-none-eabi/4.8.4/armv7-m/crtbegin.o
 .init_array    0x0000bf54        0x4 .\CortexM3\ARM_GCC_484\Debug\Cm3Start.o
                0x0000bf58                __init_array_end = .
                0x0000bf58                . = ALIGN (0x4)
 *(.fini)
 .fini          0x0000bf58        0x4 c:/program files (x86)/cypress/psoc creator/3.2/psoc creator/import/gnu/arm/4.8.4/bin/../lib/gcc/arm-none-eabi/4.8.4/armv7-m/crti.o
                0x0000bf58                _fini
 .fini          0x0000bf5c        0x8 c:/program files (x86)/cypress/psoc creator/3.2/psoc creator/import/gnu/arm/4.8.4/bin/../lib/gcc/arm-none-eabi/4.8.4/armv7-m/crtn.o
                0x0000bf64                . = ALIGN (0x4)
                0x0000bf64                __fini_array_start = .
 *(.fini_array)
 .fini_array    0x0000bf64        0x4 c:/program files (x86)/cypress/psoc creator/3.2/psoc creator/import/gnu/arm/4.8.4/bin/../lib/gcc/arm-none-eabi/4.8.4/armv7-m/crtbegin.o
 *(SORT(.fini_array.*))
                0x0000bf68                __fini_array_end = .
                0x0000bf68                . = ALIGN (0x4)
 *crtbegin.o(.ctors)
 *(EXCLUDE_FILE(*crtend.o) .ctors)
 *(SORT(.ctors.*))
 *crtend.o(.ctors)
                0x0000bf68                . = ALIGN (0x4)
 *crtbegin.o(.dtors)
 *(EXCLUDE_FILE(*crtend.o) .dtors)
 *(SORT(.dtors.*))
 *crtend.o(.dtors)
                0x0000bf68                . = ALIGN (0x4)
                0x0000bf68                __cy_regions = .
                0x0000bf68        0x4 LONG 0xbf78 __cy_region_init_ram
                0x0000bf6c        0x4 LONG 0x1fff8108 __cy_region_start_data
                0x0000bf70        0x4 LONG 0xf0 __cy_region_init_size_ram
                0x0000bf74        0x4 LONG 0xd48 __cy_region_zero_size_ram
                0x0000bf78                __cy_regions_end = .
                0x0000bf78                . = ALIGN (0x8)
                0x0000bf78                _etext = .

.ramvectors     0x1fff8000      0x100
                0x1fff8000                __cy_region_start_ram = .
 *(.ramvectors)
 .ramvectors    0x1fff8000      0x100 .\CortexM3\ARM_GCC_484\Debug\Cm3Start.o
                0x1fff8000                CyRamVectors

.noinit         0x1fff8100        0x5
 *(.noinit)
 .noinit        0x1fff8100        0x4 .\CortexM3\ARM_GCC_484\Debug\Cm3Start.o
 .noinit        0x1fff8104        0x1 .\CortexM3\ARM_GCC_484\Debug\BBB.a(CyLib.o)
                0x1fff8104                CyResetStatus

.data           0x1fff8108       0xf0 load address 0x0000bf78
                0x1fff8108                __cy_region_start_data = .
 *(.jcr)
 .jcr           0x1fff8108        0x0 c:/program files (x86)/cypress/psoc creator/3.2/psoc creator/import/gnu/arm/4.8.4/bin/../lib/gcc/arm-none-eabi/4.8.4/armv7-m/crtbegin.o
 .jcr           0x1fff8108        0x4 c:/program files (x86)/cypress/psoc creator/3.2/psoc creator/import/gnu/arm/4.8.4/bin/../lib/gcc/arm-none-eabi/4.8.4/armv7-m/crtend.o
 *(.got.plt)
 *(.got)
 *(.shdata)
 *(.data .data.* .gnu.linkonce.d.*)
 .data          0x1fff810c       0x38 .\CortexM3\ARM_GCC_484\Debug\main.o
                0x1fff810c                letras
                0x1fff8128                clave_config
                0x1fff8130                test
 .data          0x1fff8144        0x4 .\CortexM3\ARM_GCC_484\Debug\Cm3Start.o
 .data          0x1fff8148       0x10 .\CortexM3\ARM_GCC_484\Debug\BBB.a(CyLib.o)
                0x1fff8148                cydelay_freq_hz
                0x1fff814c                cydelay_freq_khz
                0x1fff8150                cydelay_freq_mhz
                0x1fff8154                cydelay_32k_ms
 .data.impure_data
                0x1fff8158       0x60 c:/program files (x86)/cypress/psoc creator/3.2/psoc creator/import/gnu/arm/4.8.4/bin/../lib/gcc/arm-none-eabi/4.8.4/../../../../arm-none-eabi/lib/armv7-m\libg_s.a(lib_a-impure.o)
 .data._impure_ptr
                0x1fff81b8        0x4 c:/program files (x86)/cypress/psoc creator/3.2/psoc creator/import/gnu/arm/4.8.4/bin/../lib/gcc/arm-none-eabi/4.8.4/../../../../arm-none-eabi/lib/armv7-m\libg_s.a(lib_a-impure.o)
                0x1fff81b8                _impure_ptr
 .data.lconv    0x1fff81bc       0x38 c:/program files (x86)/cypress/psoc creator/3.2/psoc creator/import/gnu/arm/4.8.4/bin/../lib/gcc/arm-none-eabi/4.8.4/../../../../arm-none-eabi/lib/armv7-m\libg_s.a(lib_a-locale.o)
                0x1fff81f8                . = ALIGN (0x8)
 *fill*         0x1fff81f4        0x4 
 *(.ram)
                0x1fff81f8                _edata = .

.igot.plt       0x1fff81f8        0x0 load address 0x0000c068
 .igot.plt      0x00000000        0x0 c:/program files (x86)/cypress/psoc creator/3.2/psoc creator/import/gnu/arm/4.8.4/bin/../lib/gcc/arm-none-eabi/4.8.4/armv7-m/crtbegin.o

.bss            0x1fff81f8      0xd48 load address 0x0000c068
                0x1fff81f8                PROVIDE (__bss_start__, .)
 *(.shbss)
 *(.bss .bss.* .gnu.linkonce.b.*)
 .bss           0x1fff81f8       0x1c c:/program files (x86)/cypress/psoc creator/3.2/psoc creator/import/gnu/arm/4.8.4/bin/../lib/gcc/arm-none-eabi/4.8.4/armv7-m/crtbegin.o
 .bss           0x1fff8214        0xa .\CortexM3\ARM_GCC_484\Debug\BBB.a(Surtidor.o)
                0x1fff8214                Surtidor_initVar
                0x1fff8215                Surtidor_errorStatus
                0x1fff8216                Surtidor_rxBufferRead
                0x1fff8218                Surtidor_rxBufferWrite
                0x1fff821a                Surtidor_rxBufferLoopDetect
                0x1fff821b                Surtidor_rxBufferOverflow
 .bss           0x1fff821e        0x7 .\CortexM3\ARM_GCC_484\Debug\BBB.a(Impresora.o)
                0x1fff821e                Impresora_initVar
                0x1fff821f                Impresora_errorStatus
                0x1fff8220                Impresora_rxBufferRead
                0x1fff8221                Impresora_rxBufferWrite
                0x1fff8222                Impresora_rxBufferLoopDetect
                0x1fff8223                Impresora_rxBufferOverflow
 *fill*         0x1fff8225        0x1 
 .bss           0x1fff8226        0xa .\CortexM3\ARM_GCC_484\Debug\BBB.a(PC.o)
                0x1fff8226                PC_initVar
                0x1fff8227                PC_errorStatus
                0x1fff8228                PC_rxBufferRead
                0x1fff822a                PC_rxBufferWrite
                0x1fff822c                PC_rxBufferLoopDetect
                0x1fff822d                PC_rxBufferOverflow
 .bss           0x1fff8230        0x1 .\CortexM3\ARM_GCC_484\Debug\BBB.a(I2C_1.o)
                0x1fff8230                I2C_1_initVar
 .bss           0x1fff8231        0x7 .\CortexM3\ARM_GCC_484\Debug\BBB.a(LCD_1.o)
                0x1fff8231                LCD_1_initVar
                0x1fff8232                LCD_1_errorStatus
                0x1fff8233                LCD_1_rxBufferRead
                0x1fff8234                LCD_1_rxBufferWrite
                0x1fff8235                LCD_1_rxBufferLoopDetect
                0x1fff8236                LCD_1_rxBufferOverflow
 .bss           0x1fff8238        0x7 .\CortexM3\ARM_GCC_484\Debug\BBB.a(LCD_2.o)
                0x1fff8238                LCD_2_initVar
                0x1fff8239                LCD_2_errorStatus
                0x1fff823a                LCD_2_rxBufferRead
                0x1fff823b                LCD_2_rxBufferWrite
                0x1fff823c                LCD_2_rxBufferLoopDetect
                0x1fff823d                LCD_2_rxBufferOverflow
 .bss           0x1fff823f        0x1 .\CortexM3\ARM_GCC_484\Debug\BBB.a(Timer_Animacion.o)
                0x1fff823f                Timer_Animacion_initVar
 .bss           0x1fff8240        0x1 .\CortexM3\ARM_GCC_484\Debug\BBB.a(Timer_Animacion2.o)
                0x1fff8240                Timer_Animacion2_initVar
 .bss           0x1fff8241        0x1 .\CortexM3\ARM_GCC_484\Debug\BBB.a(Timer_RxSurtidor.o)
                0x1fff8241                Timer_RxSurtidor_initVar
 .bss           0x1fff8242        0x7 .\CortexM3\ARM_GCC_484\Debug\BBB.a(LP.o)
                0x1fff8242                LP_initVar
                0x1fff8243                LP_errorStatus
                0x1fff8244                LP_rxBufferRead
                0x1fff8245                LP_rxBufferWrite
                0x1fff8246                LP_rxBufferLoopDetect
                0x1fff8247                LP_rxBufferOverflow
 *fill*         0x1fff8249        0x3 
 .bss           0x1fff824c        0x8 .\CortexM3\ARM_GCC_484\Debug\BBB.a(CySpc.o)
                0x1fff824c                SpcLockState
 .bss.__malloc_sbrk_start
                0x1fff8254        0x4 c:/program files (x86)/cypress/psoc creator/3.2/psoc creator/import/gnu/arm/4.8.4/bin/../lib/gcc/arm-none-eabi/4.8.4/../../../../arm-none-eabi/lib/armv7-m\libg_s.a(lib_a-nano-mallocr.o)
                0x1fff8254                __malloc_sbrk_start
 .bss.__malloc_free_list
                0x1fff8258        0x4 c:/program files (x86)/cypress/psoc creator/3.2/psoc creator/import/gnu/arm/4.8.4/bin/../lib/gcc/arm-none-eabi/4.8.4/../../../../arm-none-eabi/lib/armv7-m\libg_s.a(lib_a-nano-mallocr.o)
                0x1fff8258                __malloc_free_list
 *(COMMON)
 COMMON         0x1fff825c      0x4f8 .\CortexM3\ARM_GCC_484\Debug\main.o
                0x1fff825c                comas1
                0x1fff8260                lado2
                0x1fff82bd                id_coma1
                0x1fff82c0                km
                0x1fff82c2                num_decimal2
                0x1fff82c4                count_protector2
                0x1fff82c8                hora
                0x1fff82cc                nit
                0x1fff82db                id_teclado1
                0x1fff82dc                version
                0x1fff82e0                posy1
                0x1fff82e4                direccion
                0x1fff8308                lema2
                0x1fff8328                crc_total
                0x1fff8329                id_teclado2
                0x1fff832a                ok_datosRF
                0x1fff832b                id_coma2
                0x1fff832c                imagen_grado
                0x1fff8330                trama_totales
                0x1fff83f8                idaux
                0x1fff8400                sizeletra1
                0x1fff8402                flujo_LCD2
                0x1fff8404                sizeletra2
                0x1fff8406                teclas1
                0x1fff8407                comas2
                0x1fff8408                ok_RF
                0x1fff840c                buffer_i2c
                0x1fff844c                nombre_pro2
                0x1fff8460                rf_mod
                0x1fff8528                count_protector
                0x1fff852c                id_estacion
                0x1fff8534                id_venta
                0x1fff853c                id_logo
                0x1fff853e                ppux10
                0x1fff853f                count_teclas1
                0x1fff8540                posy2
                0x1fff8542                state_rf
                0x1fff8544                nombre_pro1
                0x1fff8555                flujo_LCD1
                0x1fff8558                rventa2
                0x1fff85bc                telefono
                0x1fff85d0                print1
                0x1fff85d2                posx2
                0x1fff85d4                nombre_pro3
                0x1fff85e8                password_lcd
                0x1fff85f4                fecha
                0x1fff85f8                nombre
                0x1fff861c                Buffer_LCD1
                0x1fff863a                teclas2
                0x1fff863c                print2
                0x1fff8640                lado1
                0x1fff869e                posx1
                0x1fff86a0                count_teclas2
                0x1fff86a4                lema1
                0x1fff86c4                rventa1
                0x1fff8728                bloqueo_LCD
                0x1fff872c                Buffer_LCD2
                0x1fff874c                prox_caso
 COMMON         0x1fff8754        0x1 .\CortexM3\ARM_GCC_484\Debug\Protocolo.o
                0x1fff8754                rx_timeout
 *fill*         0x1fff8755        0x3 
 COMMON         0x1fff8758      0x100 .\CortexM3\ARM_GCC_484\Debug\BBB.a(Surtidor.o)
                0x1fff8758                Surtidor_rxBuffer
 COMMON         0x1fff8858       0x14 .\CortexM3\ARM_GCC_484\Debug\BBB.a(Impresora.o)
                0x1fff8858                Impresora_rxBuffer
 COMMON         0x1fff886c      0x5dc .\CortexM3\ARM_GCC_484\Debug\BBB.a(PC.o)
                0x1fff886c                PC_rxBuffer
 COMMON         0x1fff8e48        0x1 .\CortexM3\ARM_GCC_484\Debug\BBB.a(I2C_1.o)
                0x1fff8e48                I2C_1_state
 *fill*         0x1fff8e49        0x3 
 COMMON         0x1fff8e4c       0x11 .\CortexM3\ARM_GCC_484\Debug\BBB.a(I2C_1_MASTER.o)
                0x1fff8e4c                I2C_1_mstrWrBufIndex
                0x1fff8e4d                I2C_1_mstrControl
                0x1fff8e4e                I2C_1_mstrStatus
                0x1fff8e4f                I2C_1_mstrWrBufSize
                0x1fff8e50                I2C_1_mstrRdBufIndex
                0x1fff8e54                I2C_1_mstrWrBufPtr
                0x1fff8e58                I2C_1_mstrRdBufPtr
                0x1fff8e5c                I2C_1_mstrRdBufSize
 *fill*         0x1fff8e5d        0x3 
 COMMON         0x1fff8e60        0x8 .\CortexM3\ARM_GCC_484\Debug\BBB.a(LCD_1.o)
                0x1fff8e60                LCD_1_rxBuffer
 COMMON         0x1fff8e68        0x8 .\CortexM3\ARM_GCC_484\Debug\BBB.a(LCD_2.o)
                0x1fff8e68                LCD_2_rxBuffer
 COMMON         0x1fff8e70       0xc8 .\CortexM3\ARM_GCC_484\Debug\BBB.a(LP.o)
                0x1fff8e70                LP_rxBuffer
 COMMON         0x1fff8f38        0x2 .\CortexM3\ARM_GCC_484\Debug\BBB.a(CyFlash.o)
                0x1fff8f38                dieTemperature
 *fill*         0x1fff8f3a        0x2 
 COMMON         0x1fff8f3c        0x4 c:/program files (x86)/cypress/psoc creator/3.2/psoc creator/import/gnu/arm/4.8.4/bin/../lib/gcc/arm-none-eabi/4.8.4/../../../../arm-none-eabi/lib/armv7-m\libg_s.a(lib_a-reent.o)
                0x1fff8f3c                errno
                0x1fff8f40                . = ALIGN (0x8)
 *(.ram.b)
                0x1fff8f40                _end = .
                0x1fff8f40                __end = .
                0x1fff8f40                PROVIDE (end, .)
                0x1fff8f40                PROVIDE (__bss_end__, .)
                0x0000bf78                __cy_region_init_ram = LOADADDR (.data)
                0x000000f0                __cy_region_init_size_ram = (_edata - ADDR (.data))
                0x00000d48                __cy_region_zero_size_ram = (_end - _edata)

.heap           0x1fff8f40     0x1000 load address 0x0000c068
                0x1fff8f40                . = _end
                0x1fff9f40                . = (. + 0x1000)
 *fill*         0x1fff8f40     0x1000 
                0x1fff9f40                __cy_heap_limit = .

.stack          0x20004000     0x4000
                0x20004000                __cy_stack_limit = .
                0x20008000                . = (. + 0x4000)
 *fill*         0x20004000     0x4000 
                0x00000001                ASSERT ((__cy_stack_limit >= __cy_heap_limit), region RAM overflowed with stack)

.cyloadermeta   0xf0000000       0x40
 *(.cyloadermeta)
 .cyloadermeta  0xf0000000       0x40 .\CortexM3\ARM_GCC_484\Debug\cybootloader.o
                0xf0000000                cy_meta_loader

.cyloadablemeta
                0x0003ffc0       0x40
 *(.cyloadablemeta)
 .cyloadablemeta
                0x0003ffc0       0x40 .\CortexM3\ARM_GCC_484\Debug\cymetadata.o
                0x0003ffc0                cy_meta_loadable

.cyconfigecc    0x80000440     0x1238
 *(.cyconfigecc)
 .cyconfigecc   0x80000440     0x1238 .\CortexM3\ARM_GCC_484\Debug\cymetadata.o
                0x80000440                cy_meta_configecc

.cycustnvl      0x90000000        0x4
 *(.cycustnvl)
 .cycustnvl     0x90000000        0x4 .\CortexM3\ARM_GCC_484\Debug\cybootloader.o
                0x90000000                cy_meta_custnvl

.cywolatch      0x90100000        0x4
 *(.cywolatch)
 .cywolatch     0x90100000        0x4 .\CortexM3\ARM_GCC_484\Debug\cybootloader.o
                0x90100000                cy_meta_wonvl

.cyeeprom       0x90200000        0x0
 *(.cyeeprom)
                0x00000001                ASSERT ((. <= ((0x90200000 + ee_offset) + ee_size)), .cyeeprom data will not fit in EEPROM)

.cyflashprotect
                0x90400000      0x100
 *(.cyflashprotect)
 .cyflashprotect
                0x90400000      0x100 .\CortexM3\ARM_GCC_484\Debug\cybootloader.o
                0x90400000                cy_meta_flashprotect

.cymeta         0x90500000        0xc
 *(.cymeta)
 .cymeta        0x90500000        0xc .\CortexM3\ARM_GCC_484\Debug\cybootloader.o
                0x90500000                cy_metadata

.rel.dyn        0x00040000        0x0 load address 0x9050000c
 .rel.iplt      0x00000000        0x0 c:/program files (x86)/cypress/psoc creator/3.2/psoc creator/import/gnu/arm/4.8.4/bin/../lib/gcc/arm-none-eabi/4.8.4/armv7-m/crtbegin.o

.stab
 *(.stab)

.stabstr
 *(.stabstr)

.debug
 *(.debug)

.line
 *(.line)

.debug_srcinfo
 *(.debug_srcinfo)

.debug_sfnames
 *(.debug_sfnames)

.debug_aranges  0x00000000     0x14a0
 *(.debug_aranges)
 .debug_aranges
                0x00000000       0x80 .\CortexM3\ARM_GCC_484\Debug\main.o
 .debug_aranges
                0x00000080       0x68 .\CortexM3\ARM_GCC_484\Debug\Protocolo.o
 .debug_aranges
                0x000000e8       0x28 .\CortexM3\ARM_GCC_484\Debug\Print.o
 .debug_aranges
                0x00000110       0x40 .\CortexM3\ARM_GCC_484\Debug\LCD.o
 .debug_aranges
                0x00000150       0x38 .\CortexM3\ARM_GCC_484\Debug\ibuton.o
 .debug_aranges
                0x00000188       0x40 .\CortexM3\ARM_GCC_484\Debug\I2C.o
 .debug_aranges
                0x000001c8       0x48 .\CortexM3\ARM_GCC_484\Debug\Cm3Start.o
 .debug_aranges
                0x00000210       0x18 .\CortexM3\ARM_GCC_484\Debug\cymetadata.o
 .debug_aranges
                0x00000228       0x18 .\CortexM3\ARM_GCC_484\Debug\cybootloader.o
 .debug_aranges
                0x00000240       0x60 .\CortexM3\ARM_GCC_484\Debug\BBB.a(cyfitter_cfg.o)
 .debug_aranges
                0x000002a0       0x20 .\CortexM3\ARM_GCC_484\Debug\BBB.a(CyBootAsmGnu.o)
 .debug_aranges
                0x000002c0      0x298 .\CortexM3\ARM_GCC_484\Debug\BBB.a(CyLib.o)
 .debug_aranges
                0x00000558       0x98 .\CortexM3\ARM_GCC_484\Debug\BBB.a(cyPm.o)
 .debug_aranges
                0x000005f0       0xf0 .\CortexM3\ARM_GCC_484\Debug\BBB.a(Surtidor.o)
 .debug_aranges
                0x000006e0       0x20 .\CortexM3\ARM_GCC_484\Debug\BBB.a(Surtidor_INT.o)
 .debug_aranges
                0x00000700       0xf0 .\CortexM3\ARM_GCC_484\Debug\BBB.a(Impresora.o)
 .debug_aranges
                0x000007f0       0x20 .\CortexM3\ARM_GCC_484\Debug\BBB.a(Impresora_INT.o)
 .debug_aranges
                0x00000810       0xf0 .\CortexM3\ARM_GCC_484\Debug\BBB.a(PC.o)
 .debug_aranges
                0x00000900       0x20 .\CortexM3\ARM_GCC_484\Debug\BBB.a(PC_INT.o)
 .debug_aranges
                0x00000920       0x38 .\CortexM3\ARM_GCC_484\Debug\BBB.a(I2C_1.o)
 .debug_aranges
                0x00000958       0x20 .\CortexM3\ARM_GCC_484\Debug\BBB.a(I2C_1_INT.o)
 .debug_aranges
                0x00000978       0x38 .\CortexM3\ARM_GCC_484\Debug\BBB.a(I2C_1_PM.o)
 .debug_aranges
                0x000009b0       0x80 .\CortexM3\ARM_GCC_484\Debug\BBB.a(I2C_1_MASTER.o)
 .debug_aranges
                0x00000a30       0x80 .\CortexM3\ARM_GCC_484\Debug\BBB.a(isr_1.o)
 .debug_aranges
                0x00000ab0       0x70 .\CortexM3\ARM_GCC_484\Debug\BBB.a(Impresora_IntClock.o)
 .debug_aranges
                0x00000b20       0x70 .\CortexM3\ARM_GCC_484\Debug\BBB.a(PC_IntClock.o)
 .debug_aranges
                0x00000b90       0xf0 .\CortexM3\ARM_GCC_484\Debug\BBB.a(LCD_1.o)
 .debug_aranges
                0x00000c80       0x20 .\CortexM3\ARM_GCC_484\Debug\BBB.a(LCD_1_INT.o)
 .debug_aranges
                0x00000ca0       0xf0 .\CortexM3\ARM_GCC_484\Debug\BBB.a(LCD_2.o)
 .debug_aranges
                0x00000d90       0x20 .\CortexM3\ARM_GCC_484\Debug\BBB.a(LCD_2_INT.o)
 .debug_aranges
                0x00000db0       0x70 .\CortexM3\ARM_GCC_484\Debug\BBB.a(LCD_1_IntClock.o)
 .debug_aranges
                0x00000e20       0x70 .\CortexM3\ARM_GCC_484\Debug\BBB.a(LCD_2_IntClock.o)
 .debug_aranges
                0x00000e90       0x38 .\CortexM3\ARM_GCC_484\Debug\BBB.a(IB1.o)
 .debug_aranges
                0x00000ec8       0x38 .\CortexM3\ARM_GCC_484\Debug\BBB.a(IB2.o)
 .debug_aranges
                0x00000f00       0x80 .\CortexM3\ARM_GCC_484\Debug\BBB.a(isr_3.o)
 .debug_aranges
                0x00000f80       0x88 .\CortexM3\ARM_GCC_484\Debug\BBB.a(Timer_Animacion.o)
 .debug_aranges
                0x00001008       0x88 .\CortexM3\ARM_GCC_484\Debug\BBB.a(Timer_Animacion2.o)
 .debug_aranges
                0x00001090       0x80 .\CortexM3\ARM_GCC_484\Debug\BBB.a(isr_4.o)
 .debug_aranges
                0x00001110       0x88 .\CortexM3\ARM_GCC_484\Debug\BBB.a(Timer_Modo.o)
 .debug_aranges
                0x00001198       0x88 .\CortexM3\ARM_GCC_484\Debug\BBB.a(Timer_RxSurtidor.o)
 .debug_aranges
                0x00001220       0x78 .\CortexM3\ARM_GCC_484\Debug\BBB.a(EEPROM.o)
 .debug_aranges
                0x00001298       0xf0 .\CortexM3\ARM_GCC_484\Debug\BBB.a(LP.o)
 .debug_aranges
                0x00001388       0x20 .\CortexM3\ARM_GCC_484\Debug\BBB.a(LP_INT.o)
 .debug_aranges
                0x000013a8       0x80 .\CortexM3\ARM_GCC_484\Debug\BBB.a(CyFlash.o)
 .debug_aranges
                0x00001428       0x78 .\CortexM3\ARM_GCC_484\Debug\BBB.a(CySpc.o)

.debug_pubnames
 *(.debug_pubnames)

.debug_info     0x00000000     0xb3ef
 *(.debug_info .gnu.linkonce.wi.*)
 .debug_info    0x00000000      0xb00 .\CortexM3\ARM_GCC_484\Debug\main.o
 .debug_info    0x00000b00      0xafc .\CortexM3\ARM_GCC_484\Debug\Protocolo.o
 .debug_info    0x000015fc      0xbb5 .\CortexM3\ARM_GCC_484\Debug\Print.o
 .debug_info    0x000021b1      0x92b .\CortexM3\ARM_GCC_484\Debug\LCD.o
 .debug_info    0x00002adc      0x868 .\CortexM3\ARM_GCC_484\Debug\ibuton.o
 .debug_info    0x00003344      0x8b6 .\CortexM3\ARM_GCC_484\Debug\I2C.o
 .debug_info    0x00003bfa      0x317 .\CortexM3\ARM_GCC_484\Debug\Cm3Start.o
 .debug_info    0x00003f11       0xd8 .\CortexM3\ARM_GCC_484\Debug\cymetadata.o
 .debug_info    0x00003fe9      0x164 .\CortexM3\ARM_GCC_484\Debug\cybootloader.o
 .debug_info    0x0000414d      0x457 .\CortexM3\ARM_GCC_484\Debug\BBB.a(cyfitter_cfg.o)
 .debug_info    0x000045a4       0x94 .\CortexM3\ARM_GCC_484\Debug\BBB.a(CyBootAsmGnu.o)
 .debug_info    0x00004638      0xe31 .\CortexM3\ARM_GCC_484\Debug\BBB.a(CyLib.o)
 .debug_info    0x00005469      0x55f .\CortexM3\ARM_GCC_484\Debug\BBB.a(cyPm.o)
 .debug_info    0x000059c8      0x5ec .\CortexM3\ARM_GCC_484\Debug\BBB.a(Surtidor.o)
 .debug_info    0x00005fb4      0x151 .\CortexM3\ARM_GCC_484\Debug\BBB.a(Surtidor_INT.o)
 .debug_info    0x00006105      0x5e7 .\CortexM3\ARM_GCC_484\Debug\BBB.a(Impresora.o)
 .debug_info    0x000066ec      0x141 .\CortexM3\ARM_GCC_484\Debug\BBB.a(Impresora_INT.o)
 .debug_info    0x0000682d      0x5ed .\CortexM3\ARM_GCC_484\Debug\BBB.a(PC.o)
 .debug_info    0x00006e1a      0x152 .\CortexM3\ARM_GCC_484\Debug\BBB.a(PC_INT.o)
 .debug_info    0x00006f6c      0x1f7 .\CortexM3\ARM_GCC_484\Debug\BBB.a(I2C_1.o)
 .debug_info    0x00007163      0x14d .\CortexM3\ARM_GCC_484\Debug\BBB.a(I2C_1_INT.o)
 .debug_info    0x000072b0      0x190 .\CortexM3\ARM_GCC_484\Debug\BBB.a(I2C_1_PM.o)
 .debug_info    0x00007440      0x3ef .\CortexM3\ARM_GCC_484\Debug\BBB.a(I2C_1_MASTER.o)
 .debug_info    0x0000782f      0x236 .\CortexM3\ARM_GCC_484\Debug\BBB.a(isr_1.o)
 .debug_info    0x00007a65      0x25b .\CortexM3\ARM_GCC_484\Debug\BBB.a(Impresora_IntClock.o)
 .debug_info    0x00007cc0      0x25b .\CortexM3\ARM_GCC_484\Debug\BBB.a(PC_IntClock.o)
 .debug_info    0x00007f1b      0x5e7 .\CortexM3\ARM_GCC_484\Debug\BBB.a(LCD_1.o)
 .debug_info    0x00008502      0x141 .\CortexM3\ARM_GCC_484\Debug\BBB.a(LCD_1_INT.o)
 .debug_info    0x00008643      0x5e7 .\CortexM3\ARM_GCC_484\Debug\BBB.a(LCD_2.o)
 .debug_info    0x00008c2a      0x141 .\CortexM3\ARM_GCC_484\Debug\BBB.a(LCD_2_INT.o)
 .debug_info    0x00008d6b      0x25b .\CortexM3\ARM_GCC_484\Debug\BBB.a(LCD_1_IntClock.o)
 .debug_info    0x00008fc6      0x25b .\CortexM3\ARM_GCC_484\Debug\BBB.a(LCD_2_IntClock.o)
 .debug_info    0x00009221      0x11d .\CortexM3\ARM_GCC_484\Debug\BBB.a(IB1.o)
 .debug_info    0x0000933e      0x11d .\CortexM3\ARM_GCC_484\Debug\BBB.a(IB2.o)
 .debug_info    0x0000945b      0x236 .\CortexM3\ARM_GCC_484\Debug\BBB.a(isr_3.o)
 .debug_info    0x00009691      0x23c .\CortexM3\ARM_GCC_484\Debug\BBB.a(Timer_Animacion.o)
 .debug_info    0x000098cd      0x23c .\CortexM3\ARM_GCC_484\Debug\BBB.a(Timer_Animacion2.o)
 .debug_info    0x00009b09      0x236 .\CortexM3\ARM_GCC_484\Debug\BBB.a(isr_4.o)
 .debug_info    0x00009d3f      0x23c .\CortexM3\ARM_GCC_484\Debug\BBB.a(Timer_Modo.o)
 .debug_info    0x00009f7b      0x23c .\CortexM3\ARM_GCC_484\Debug\BBB.a(Timer_RxSurtidor.o)
 .debug_info    0x0000a1b7      0x350 .\CortexM3\ARM_GCC_484\Debug\BBB.a(EEPROM.o)
 .debug_info    0x0000a507      0x5e7 .\CortexM3\ARM_GCC_484\Debug\BBB.a(LP.o)
 .debug_info    0x0000aaee      0x141 .\CortexM3\ARM_GCC_484\Debug\BBB.a(LP_INT.o)
 .debug_info    0x0000ac2f      0x36a .\CortexM3\ARM_GCC_484\Debug\BBB.a(CyFlash.o)
 .debug_info    0x0000af99      0x456 .\CortexM3\ARM_GCC_484\Debug\BBB.a(CySpc.o)

.debug_abbrev   0x00000000     0x3138
 *(.debug_abbrev)
 .debug_abbrev  0x00000000      0x1ce .\CortexM3\ARM_GCC_484\Debug\main.o
 .debug_abbrev  0x000001ce      0x1a6 .\CortexM3\ARM_GCC_484\Debug\Protocolo.o
 .debug_abbrev  0x00000374      0x166 .\CortexM3\ARM_GCC_484\Debug\Print.o
 .debug_abbrev  0x000004da      0x106 .\CortexM3\ARM_GCC_484\Debug\LCD.o
 .debug_abbrev  0x000005e0      0x124 .\CortexM3\ARM_GCC_484\Debug\ibuton.o
 .debug_abbrev  0x00000704      0x113 .\CortexM3\ARM_GCC_484\Debug\I2C.o
 .debug_abbrev  0x00000817      0x1b6 .\CortexM3\ARM_GCC_484\Debug\Cm3Start.o
 .debug_abbrev  0x000009cd       0x66 .\CortexM3\ARM_GCC_484\Debug\cymetadata.o
 .debug_abbrev  0x00000a33       0x77 .\CortexM3\ARM_GCC_484\Debug\cybootloader.o
 .debug_abbrev  0x00000aaa      0x1ca .\CortexM3\ARM_GCC_484\Debug\BBB.a(cyfitter_cfg.o)
 .debug_abbrev  0x00000c74       0x14 .\CortexM3\ARM_GCC_484\Debug\BBB.a(CyBootAsmGnu.o)
 .debug_abbrev  0x00000c88      0x217 .\CortexM3\ARM_GCC_484\Debug\BBB.a(CyLib.o)
 .debug_abbrev  0x00000e9f      0x16e .\CortexM3\ARM_GCC_484\Debug\BBB.a(cyPm.o)
 .debug_abbrev  0x0000100d      0x16c .\CortexM3\ARM_GCC_484\Debug\BBB.a(Surtidor.o)
 .debug_abbrev  0x00001179       0x97 .\CortexM3\ARM_GCC_484\Debug\BBB.a(Surtidor_INT.o)
 .debug_abbrev  0x00001210      0x16c .\CortexM3\ARM_GCC_484\Debug\BBB.a(Impresora.o)
 .debug_abbrev  0x0000137c       0x97 .\CortexM3\ARM_GCC_484\Debug\BBB.a(Impresora_INT.o)
 .debug_abbrev  0x00001413      0x16c .\CortexM3\ARM_GCC_484\Debug\BBB.a(PC.o)
 .debug_abbrev  0x0000157f       0x97 .\CortexM3\ARM_GCC_484\Debug\BBB.a(PC_INT.o)
 .debug_abbrev  0x00001616       0xe2 .\CortexM3\ARM_GCC_484\Debug\BBB.a(I2C_1.o)
 .debug_abbrev  0x000016f8       0x8e .\CortexM3\ARM_GCC_484\Debug\BBB.a(I2C_1_INT.o)
 .debug_abbrev  0x00001786       0xf8 .\CortexM3\ARM_GCC_484\Debug\BBB.a(I2C_1_PM.o)
 .debug_abbrev  0x0000187e      0x12b .\CortexM3\ARM_GCC_484\Debug\BBB.a(I2C_1_MASTER.o)
 .debug_abbrev  0x000019a9      0x156 .\CortexM3\ARM_GCC_484\Debug\BBB.a(isr_1.o)
 .debug_abbrev  0x00001aff      0x12a .\CortexM3\ARM_GCC_484\Debug\BBB.a(Impresora_IntClock.o)
 .debug_abbrev  0x00001c29      0x12a .\CortexM3\ARM_GCC_484\Debug\BBB.a(PC_IntClock.o)
 .debug_abbrev  0x00001d53      0x16c .\CortexM3\ARM_GCC_484\Debug\BBB.a(LCD_1.o)
 .debug_abbrev  0x00001ebf       0x97 .\CortexM3\ARM_GCC_484\Debug\BBB.a(LCD_1_INT.o)
 .debug_abbrev  0x00001f56      0x16c .\CortexM3\ARM_GCC_484\Debug\BBB.a(LCD_2.o)
 .debug_abbrev  0x000020c2       0x97 .\CortexM3\ARM_GCC_484\Debug\BBB.a(LCD_2_INT.o)
 .debug_abbrev  0x00002159      0x12a .\CortexM3\ARM_GCC_484\Debug\BBB.a(LCD_1_IntClock.o)
 .debug_abbrev  0x00002283      0x12a .\CortexM3\ARM_GCC_484\Debug\BBB.a(LCD_2_IntClock.o)
 .debug_abbrev  0x000023ad       0x9d .\CortexM3\ARM_GCC_484\Debug\BBB.a(IB1.o)
 .debug_abbrev  0x0000244a       0x9d .\CortexM3\ARM_GCC_484\Debug\BBB.a(IB2.o)
 .debug_abbrev  0x000024e7      0x156 .\CortexM3\ARM_GCC_484\Debug\BBB.a(isr_3.o)
 .debug_abbrev  0x0000263d       0xf6 .\CortexM3\ARM_GCC_484\Debug\BBB.a(Timer_Animacion.o)
 .debug_abbrev  0x00002733       0xf6 .\CortexM3\ARM_GCC_484\Debug\BBB.a(Timer_Animacion2.o)
 .debug_abbrev  0x00002829      0x156 .\CortexM3\ARM_GCC_484\Debug\BBB.a(isr_4.o)
 .debug_abbrev  0x0000297f       0xf6 .\CortexM3\ARM_GCC_484\Debug\BBB.a(Timer_Modo.o)
 .debug_abbrev  0x00002a75       0xf6 .\CortexM3\ARM_GCC_484\Debug\BBB.a(Timer_RxSurtidor.o)
 .debug_abbrev  0x00002b6b      0x124 .\CortexM3\ARM_GCC_484\Debug\BBB.a(EEPROM.o)
 .debug_abbrev  0x00002c8f      0x16c .\CortexM3\ARM_GCC_484\Debug\BBB.a(LP.o)
 .debug_abbrev  0x00002dfb       0x97 .\CortexM3\ARM_GCC_484\Debug\BBB.a(LP_INT.o)
 .debug_abbrev  0x00002e92      0x12d .\CortexM3\ARM_GCC_484\Debug\BBB.a(CyFlash.o)
 .debug_abbrev  0x00002fbf      0x179 .\CortexM3\ARM_GCC_484\Debug\BBB.a(CySpc.o)

.debug_line     0x00000000     0x6263
 *(.debug_line)
 .debug_line    0x00000000      0x8a7 .\CortexM3\ARM_GCC_484\Debug\main.o
 .debug_line    0x000008a7      0x99c .\CortexM3\ARM_GCC_484\Debug\Protocolo.o
 .debug_line    0x00001243      0x54e .\CortexM3\ARM_GCC_484\Debug\Print.o
 .debug_line    0x00001791      0x25a .\CortexM3\ARM_GCC_484\Debug\LCD.o
 .debug_line    0x000019eb      0x26c .\CortexM3\ARM_GCC_484\Debug\ibuton.o
 .debug_line    0x00001c57      0x239 .\CortexM3\ARM_GCC_484\Debug\I2C.o
 .debug_line    0x00001e90      0x1cb .\CortexM3\ARM_GCC_484\Debug\Cm3Start.o
 .debug_line    0x0000205b       0x53 .\CortexM3\ARM_GCC_484\Debug\cymetadata.o
 .debug_line    0x000020ae       0x55 .\CortexM3\ARM_GCC_484\Debug\cybootloader.o
 .debug_line    0x00002103      0x221 .\CortexM3\ARM_GCC_484\Debug\BBB.a(cyfitter_cfg.o)
 .debug_line    0x00002324       0x68 .\CortexM3\ARM_GCC_484\Debug\BBB.a(CyBootAsmGnu.o)
 .debug_line    0x0000238c      0x86a .\CortexM3\ARM_GCC_484\Debug\BBB.a(CyLib.o)
 .debug_line    0x00002bf6      0x378 .\CortexM3\ARM_GCC_484\Debug\BBB.a(cyPm.o)
 .debug_line    0x00002f6e      0x324 .\CortexM3\ARM_GCC_484\Debug\BBB.a(Surtidor.o)
 .debug_line    0x00003292       0x90 .\CortexM3\ARM_GCC_484\Debug\BBB.a(Surtidor_INT.o)
 .debug_line    0x00003322      0x327 .\CortexM3\ARM_GCC_484\Debug\BBB.a(Impresora.o)
 .debug_line    0x00003649       0x92 .\CortexM3\ARM_GCC_484\Debug\BBB.a(Impresora_INT.o)
 .debug_line    0x000036db      0x320 .\CortexM3\ARM_GCC_484\Debug\BBB.a(PC.o)
 .debug_line    0x000039fb       0x84 .\CortexM3\ARM_GCC_484\Debug\BBB.a(PC_INT.o)
 .debug_line    0x00003a7f       0xdd .\CortexM3\ARM_GCC_484\Debug\BBB.a(I2C_1.o)
 .debug_line    0x00003b5c      0x10d .\CortexM3\ARM_GCC_484\Debug\BBB.a(I2C_1_INT.o)
 .debug_line    0x00003c69       0xbe .\CortexM3\ARM_GCC_484\Debug\BBB.a(I2C_1_PM.o)
 .debug_line    0x00003d27      0x1ee .\CortexM3\ARM_GCC_484\Debug\BBB.a(I2C_1_MASTER.o)
 .debug_line    0x00003f15      0x167 .\CortexM3\ARM_GCC_484\Debug\BBB.a(isr_1.o)
 .debug_line    0x0000407c      0x1c1 .\CortexM3\ARM_GCC_484\Debug\BBB.a(Impresora_IntClock.o)
 .debug_line    0x0000423d      0x1ba .\CortexM3\ARM_GCC_484\Debug\BBB.a(PC_IntClock.o)
 .debug_line    0x000043f7      0x323 .\CortexM3\ARM_GCC_484\Debug\BBB.a(LCD_1.o)
 .debug_line    0x0000471a       0x8a .\CortexM3\ARM_GCC_484\Debug\BBB.a(LCD_1_INT.o)
 .debug_line    0x000047a4      0x323 .\CortexM3\ARM_GCC_484\Debug\BBB.a(LCD_2.o)
 .debug_line    0x00004ac7       0x8a .\CortexM3\ARM_GCC_484\Debug\BBB.a(LCD_2_INT.o)
 .debug_line    0x00004b51      0x1bd .\CortexM3\ARM_GCC_484\Debug\BBB.a(LCD_1_IntClock.o)
 .debug_line    0x00004d0e      0x1bd .\CortexM3\ARM_GCC_484\Debug\BBB.a(LCD_2_IntClock.o)
 .debug_line    0x00004ecb       0x94 .\CortexM3\ARM_GCC_484\Debug\BBB.a(IB1.o)
 .debug_line    0x00004f5f       0x94 .\CortexM3\ARM_GCC_484\Debug\BBB.a(IB2.o)
 .debug_line    0x00004ff3      0x167 .\CortexM3\ARM_GCC_484\Debug\BBB.a(isr_3.o)
 .debug_line    0x0000515a      0x169 .\CortexM3\ARM_GCC_484\Debug\BBB.a(Timer_Animacion.o)
 .debug_line    0x000052c3      0x16a .\CortexM3\ARM_GCC_484\Debug\BBB.a(Timer_Animacion2.o)
 .debug_line    0x0000542d      0x167 .\CortexM3\ARM_GCC_484\Debug\BBB.a(isr_4.o)
 .debug_line    0x00005594      0x164 .\CortexM3\ARM_GCC_484\Debug\BBB.a(Timer_Modo.o)
 .debug_line    0x000056f8      0x16a .\CortexM3\ARM_GCC_484\Debug\BBB.a(Timer_RxSurtidor.o)
 .debug_line    0x00005862      0x23c .\CortexM3\ARM_GCC_484\Debug\BBB.a(EEPROM.o)
 .debug_line    0x00005a9e      0x31e .\CortexM3\ARM_GCC_484\Debug\BBB.a(LP.o)
 .debug_line    0x00005dbc       0x84 .\CortexM3\ARM_GCC_484\Debug\BBB.a(LP_INT.o)
 .debug_line    0x00005e40      0x217 .\CortexM3\ARM_GCC_484\Debug\BBB.a(CyFlash.o)
 .debug_line    0x00006057      0x20c .\CortexM3\ARM_GCC_484\Debug\BBB.a(CySpc.o)

.debug_frame    0x00000000     0x458c
 *(.debug_frame)
 .debug_frame   0x00000000      0x1a0 .\CortexM3\ARM_GCC_484\Debug\main.o
 .debug_frame   0x000001a0      0x150 .\CortexM3\ARM_GCC_484\Debug\Protocolo.o
 .debug_frame   0x000002f0       0x50 .\CortexM3\ARM_GCC_484\Debug\Print.o
 .debug_frame   0x00000340       0xc8 .\CortexM3\ARM_GCC_484\Debug\LCD.o
 .debug_frame   0x00000408       0x8c .\CortexM3\ARM_GCC_484\Debug\ibuton.o
 .debug_frame   0x00000494       0xb8 .\CortexM3\ARM_GCC_484\Debug\I2C.o
 .debug_frame   0x0000054c       0xc8 .\CortexM3\ARM_GCC_484\Debug\Cm3Start.o
 .debug_frame   0x00000614      0x120 .\CortexM3\ARM_GCC_484\Debug\BBB.a(cyfitter_cfg.o)
 .debug_frame   0x00000734      0x948 .\CortexM3\ARM_GCC_484\Debug\BBB.a(CyLib.o)
 .debug_frame   0x0000107c      0x1ec .\CortexM3\ARM_GCC_484\Debug\BBB.a(cyPm.o)
 .debug_frame   0x00001268      0x32c .\CortexM3\ARM_GCC_484\Debug\BBB.a(Surtidor.o)
 .debug_frame   0x00001594       0x2c .\CortexM3\ARM_GCC_484\Debug\BBB.a(Surtidor_INT.o)
 .debug_frame   0x000015c0      0x328 .\CortexM3\ARM_GCC_484\Debug\BBB.a(Impresora.o)
 .debug_frame   0x000018e8       0x2c .\CortexM3\ARM_GCC_484\Debug\BBB.a(Impresora_INT.o)
 .debug_frame   0x00001914      0x328 .\CortexM3\ARM_GCC_484\Debug\BBB.a(PC.o)
 .debug_frame   0x00001c3c       0x2c .\CortexM3\ARM_GCC_484\Debug\BBB.a(PC_INT.o)
 .debug_frame   0x00001c68       0x88 .\CortexM3\ARM_GCC_484\Debug\BBB.a(I2C_1.o)
 .debug_frame   0x00001cf0       0x30 .\CortexM3\ARM_GCC_484\Debug\BBB.a(I2C_1_INT.o)
 .debug_frame   0x00001d20       0x84 .\CortexM3\ARM_GCC_484\Debug\BBB.a(I2C_1_PM.o)
 .debug_frame   0x00001da4      0x17c .\CortexM3\ARM_GCC_484\Debug\BBB.a(I2C_1_MASTER.o)
 .debug_frame   0x00001f20      0x180 .\CortexM3\ARM_GCC_484\Debug\BBB.a(isr_1.o)
 .debug_frame   0x000020a0      0x14c .\CortexM3\ARM_GCC_484\Debug\BBB.a(Impresora_IntClock.o)
 .debug_frame   0x000021ec      0x14c .\CortexM3\ARM_GCC_484\Debug\BBB.a(PC_IntClock.o)
 .debug_frame   0x00002338      0x328 .\CortexM3\ARM_GCC_484\Debug\BBB.a(LCD_1.o)
 .debug_frame   0x00002660       0x2c .\CortexM3\ARM_GCC_484\Debug\BBB.a(LCD_1_INT.o)
 .debug_frame   0x0000268c      0x328 .\CortexM3\ARM_GCC_484\Debug\BBB.a(LCD_2.o)
 .debug_frame   0x000029b4       0x2c .\CortexM3\ARM_GCC_484\Debug\BBB.a(LCD_2_INT.o)
 .debug_frame   0x000029e0      0x14c .\CortexM3\ARM_GCC_484\Debug\BBB.a(LCD_1_IntClock.o)
 .debug_frame   0x00002b2c      0x14c .\CortexM3\ARM_GCC_484\Debug\BBB.a(LCD_2_IntClock.o)
 .debug_frame   0x00002c78       0x80 .\CortexM3\ARM_GCC_484\Debug\BBB.a(IB1.o)
 .debug_frame   0x00002cf8       0x80 .\CortexM3\ARM_GCC_484\Debug\BBB.a(IB2.o)
 .debug_frame   0x00002d78      0x180 .\CortexM3\ARM_GCC_484\Debug\BBB.a(isr_3.o)
 .debug_frame   0x00002ef8      0x198 .\CortexM3\ARM_GCC_484\Debug\BBB.a(Timer_Animacion.o)
 .debug_frame   0x00003090      0x198 .\CortexM3\ARM_GCC_484\Debug\BBB.a(Timer_Animacion2.o)
 .debug_frame   0x00003228      0x180 .\CortexM3\ARM_GCC_484\Debug\BBB.a(isr_4.o)
 .debug_frame   0x000033a8      0x198 .\CortexM3\ARM_GCC_484\Debug\BBB.a(Timer_Modo.o)
 .debug_frame   0x00003540      0x198 .\CortexM3\ARM_GCC_484\Debug\BBB.a(Timer_RxSurtidor.o)
 .debug_frame   0x000036d8      0x180 .\CortexM3\ARM_GCC_484\Debug\BBB.a(EEPROM.o)
 .debug_frame   0x00003858      0x32c .\CortexM3\ARM_GCC_484\Debug\BBB.a(LP.o)
 .debug_frame   0x00003b84       0x2c .\CortexM3\ARM_GCC_484\Debug\BBB.a(LP_INT.o)
 .debug_frame   0x00003bb0      0x1a8 .\CortexM3\ARM_GCC_484\Debug\BBB.a(CyFlash.o)
 .debug_frame   0x00003d58      0x174 .\CortexM3\ARM_GCC_484\Debug\BBB.a(CySpc.o)
 .debug_frame   0x00003ecc       0x20 c:/program files (x86)/cypress/psoc creator/3.2/psoc creator/import/gnu/arm/4.8.4/bin/../lib/gcc/arm-none-eabi/4.8.4/../../../../arm-none-eabi/lib/armv7-m\libg_s.a(lib_a-atof.o)
 .debug_frame   0x00003eec       0x20 c:/program files (x86)/cypress/psoc creator/3.2/psoc creator/import/gnu/arm/4.8.4/bin/../lib/gcc/arm-none-eabi/4.8.4/../../../../arm-none-eabi/lib/armv7-m\libg_s.a(lib_a-errno.o)
 .debug_frame   0x00003f0c       0x28 c:/program files (x86)/cypress/psoc creator/3.2/psoc creator/import/gnu/arm/4.8.4/bin/../lib/gcc/arm-none-eabi/4.8.4/../../../../arm-none-eabi/lib/armv7-m\libg_s.a(lib_a-exit.o)
 .debug_frame   0x00003f34       0x2c c:/program files (x86)/cypress/psoc creator/3.2/psoc creator/import/gnu/arm/4.8.4/bin/../lib/gcc/arm-none-eabi/4.8.4/../../../../arm-none-eabi/lib/armv7-m\libg_s.a(lib_a-init.o)
 .debug_frame   0x00003f60       0x28 c:/program files (x86)/cypress/psoc creator/3.2/psoc creator/import/gnu/arm/4.8.4/bin/../lib/gcc/arm-none-eabi/4.8.4/../../../../arm-none-eabi/lib/armv7-m\libg_s.a(lib_a-memcpy-stub.o)
 .debug_frame   0x00003f88       0x20 c:/program files (x86)/cypress/psoc creator/3.2/psoc creator/import/gnu/arm/4.8.4/bin/../lib/gcc/arm-none-eabi/4.8.4/../../../../arm-none-eabi/lib/armv7-m\libg_s.a(lib_a-memset.o)
 .debug_frame   0x00003fa8       0xa4 c:/program files (x86)/cypress/psoc creator/3.2/psoc creator/import/gnu/arm/4.8.4/bin/../lib/gcc/arm-none-eabi/4.8.4/../../../../arm-none-eabi/lib/armv7-m\libg_s.a(lib_a-strtod.o)
 .debug_frame   0x0000404c       0x68 c:/program files (x86)/cypress/psoc creator/3.2/psoc creator/import/gnu/arm/4.8.4/bin/../lib/gcc/arm-none-eabi/4.8.4/../../../../arm-none-eabi/lib/armv7-m\libg_s.a(lib_a-gdtoa-gethex.o)
 .debug_frame   0x000040b4       0x54 c:/program files (x86)/cypress/psoc creator/3.2/psoc creator/import/gnu/arm/4.8.4/bin/../lib/gcc/arm-none-eabi/4.8.4/../../../../arm-none-eabi/lib/armv7-m\libg_s.a(lib_a-gdtoa-hexnan.o)
 .debug_frame   0x00004108       0x98 c:/program files (x86)/cypress/psoc creator/3.2/psoc creator/import/gnu/arm/4.8.4/bin/../lib/gcc/arm-none-eabi/4.8.4/../../../../arm-none-eabi/lib/armv7-m\libg_s.a(lib_a-locale.o)
 .debug_frame   0x000041a0      0x230 c:/program files (x86)/cypress/psoc creator/3.2/psoc creator/import/gnu/arm/4.8.4/bin/../lib/gcc/arm-none-eabi/4.8.4/../../../../arm-none-eabi/lib/armv7-m\libg_s.a(lib_a-mprec.o)
 .debug_frame   0x000043d0       0x2c c:/program files (x86)/cypress/psoc creator/3.2/psoc creator/import/gnu/arm/4.8.4/bin/../lib/gcc/arm-none-eabi/4.8.4/../../../../arm-none-eabi/lib/armv7-m\libg_s.a(lib_a-nano-callocr.o)
 .debug_frame   0x000043fc       0x2c c:/program files (x86)/cypress/psoc creator/3.2/psoc creator/import/gnu/arm/4.8.4/bin/../lib/gcc/arm-none-eabi/4.8.4/../../../../arm-none-eabi/lib/armv7-m\libg_s.a(lib_a-nano-mallocr.o)
 .debug_frame   0x00004428       0x28 c:/program files (x86)/cypress/psoc creator/3.2/psoc creator/import/gnu/arm/4.8.4/bin/../lib/gcc/arm-none-eabi/4.8.4/../../../../arm-none-eabi/lib/armv7-m\libg_s.a(lib_a-s_fpclassify.o)
 .debug_frame   0x00004450       0x2c c:/program files (x86)/cypress/psoc creator/3.2/psoc creator/import/gnu/arm/4.8.4/bin/../lib/gcc/arm-none-eabi/4.8.4/../../../../arm-none-eabi/lib/armv7-m\libg_s.a(lib_a-sbrkr.o)
 .debug_frame   0x0000447c       0x20 c:/program files (x86)/cypress/psoc creator/3.2/psoc creator/import/gnu/arm/4.8.4/bin/../lib/gcc/arm-none-eabi/4.8.4/../../../../arm-none-eabi/lib/armv7-m\libg_s.a(lib_a-sf_nan.o)
 .debug_frame   0x0000449c       0x20 c:/program files (x86)/cypress/psoc creator/3.2/psoc creator/import/gnu/arm/4.8.4/bin/../lib/gcc/arm-none-eabi/4.8.4/../../../../arm-none-eabi/lib/armv7-m\libg_s.a(lib_a-strlen.o)
 .debug_frame   0x000044bc       0x2c c:/program files (x86)/cypress/psoc creator/3.2/psoc creator/import/gnu/arm/4.8.4/bin/../lib/gcc/arm-none-eabi/4.8.4/../../../../arm-none-eabi/lib/armv7-m\libg_s.a(lib_a-strncmp.o)
 .debug_frame   0x000044e8       0x30 c:/program files (x86)/cypress/psoc creator/3.2/psoc creator/import/gnu/arm/4.8.4/bin/../lib/gcc/arm-none-eabi/4.8.4/../../../../arm-none-eabi/lib/armv7-m\libg_s.a(lib_a-malloc.o)
 .debug_frame   0x00004518       0x2c c:/program files (x86)/cypress/psoc creator/3.2/psoc creator/import/gnu/arm/4.8.4/bin/../lib/gcc/arm-none-eabi/4.8.4/../../../../arm-none-eabi/lib/armv7-m\libg_s.a(lib_a-nano-freer.o)
 .debug_frame   0x00004544       0x48 c:/program files (x86)/cypress/psoc creator/3.2/psoc creator/import/gnu/arm/4.8.4/bin/../lib/gcc/arm-none-eabi/4.8.4/../../../../arm-none-eabi/lib/armv7-m\libg_s.a(lib_a-reent.o)

.debug_str      0x00000000     0x3fc2
 *(.debug_str)
 .debug_str     0x00000000      0x4c1 .\CortexM3\ARM_GCC_484\Debug\main.o
                                0x58a (size before relaxing)
 .debug_str     0x000004c1      0x131 .\CortexM3\ARM_GCC_484\Debug\Protocolo.o
                                0x529 (size before relaxing)
 .debug_str     0x000005f2      0x187 .\CortexM3\ARM_GCC_484\Debug\Print.o
                                0x5a9 (size before relaxing)
 .debug_str     0x00000779       0x67 .\CortexM3\ARM_GCC_484\Debug\LCD.o
                                0x4a6 (size before relaxing)
 .debug_str     0x000007e0       0x47 .\CortexM3\ARM_GCC_484\Debug\ibuton.o
                                0x471 (size before relaxing)
 .debug_str     0x00000827       0x40 .\CortexM3\ARM_GCC_484\Debug\I2C.o
                                0x476 (size before relaxing)
 .debug_str     0x00000867      0x12c .\CortexM3\ARM_GCC_484\Debug\Cm3Start.o
                                0x2bd (size before relaxing)
 .debug_str     0x00000993       0x49 .\CortexM3\ARM_GCC_484\Debug\cymetadata.o
                                0x1ae (size before relaxing)
 .debug_str     0x000009dc       0x84 .\CortexM3\ARM_GCC_484\Debug\cybootloader.o
                                0x1fd (size before relaxing)
 .debug_str     0x00000a60      0x192 .\CortexM3\ARM_GCC_484\Debug\BBB.a(cyfitter_cfg.o)
                                0x32c (size before relaxing)
 .debug_str     0x00000bf2      0x7ea .\CortexM3\ARM_GCC_484\Debug\BBB.a(CyLib.o)
                                0x9b8 (size before relaxing)
 .debug_str     0x000013dc      0x367 .\CortexM3\ARM_GCC_484\Debug\BBB.a(cyPm.o)
                                0x51d (size before relaxing)
 .debug_str     0x00001743      0x317 .\CortexM3\ARM_GCC_484\Debug\BBB.a(Surtidor.o)
                                0x542 (size before relaxing)
 .debug_str     0x00001a5a       0x5d .\CortexM3\ARM_GCC_484\Debug\BBB.a(Surtidor_INT.o)
                                0x258 (size before relaxing)
 .debug_str     0x00001ab7      0x323 .\CortexM3\ARM_GCC_484\Debug\BBB.a(Impresora.o)
                                0x565 (size before relaxing)
 .debug_str     0x00001dda       0x39 .\CortexM3\ARM_GCC_484\Debug\BBB.a(Impresora_INT.o)
                                0x259 (size before relaxing)
 .debug_str     0x00001e13      0x222 .\CortexM3\ARM_GCC_484\Debug\BBB.a(PC.o)
                                0x470 (size before relaxing)
 .debug_str     0x00002035       0x2b .\CortexM3\ARM_GCC_484\Debug\BBB.a(PC_INT.o)
                                0x228 (size before relaxing)
 .debug_str     0x00002060       0xfd .\CortexM3\ARM_GCC_484\Debug\BBB.a(I2C_1.o)
                                0x284 (size before relaxing)
 .debug_str     0x0000215d       0x96 .\CortexM3\ARM_GCC_484\Debug\BBB.a(I2C_1_INT.o)
                                0x254 (size before relaxing)
 .debug_str     0x000021f3       0x62 .\CortexM3\ARM_GCC_484\Debug\BBB.a(I2C_1_PM.o)
                                0x230 (size before relaxing)
 .debug_str     0x00002255      0x18e .\CortexM3\ARM_GCC_484\Debug\BBB.a(I2C_1_MASTER.o)
                                0x3b8 (size before relaxing)
 .debug_str     0x000023e3       0xe8 .\CortexM3\ARM_GCC_484\Debug\BBB.a(isr_1.o)
                                0x28c (size before relaxing)
 .debug_str     0x000024cb      0x1e8 .\CortexM3\ARM_GCC_484\Debug\BBB.a(Impresora_IntClock.o)
                                0x364 (size before relaxing)
 .debug_str     0x000026b3      0x149 .\CortexM3\ARM_GCC_484\Debug\BBB.a(PC_IntClock.o)
                                0x310 (size before relaxing)
 .debug_str     0x000027fc      0x288 .\CortexM3\ARM_GCC_484\Debug\BBB.a(LCD_1.o)
                                0x4d9 (size before relaxing)