Archive member included because of file (symbol)

.\CortexM3\ARM_GCC_493\Debug\BBB.a(cyfitter_cfg.o)
                              .\CortexM3\ARM_GCC_493\Debug\Cm3Start.o (cyfitter_cfg)
.\CortexM3\ARM_GCC_493\Debug\BBB.a(CyBootAsmGnu.o)
                              .\CortexM3\ARM_GCC_493\Debug\BBB.a(cyfitter_cfg.o) (CyDelayCycles)
.\CortexM3\ARM_GCC_493\Debug\BBB.a(CyLib.o)
                              .\CortexM3\ARM_GCC_493\Debug\Cm3Start.o (CyResetStatus)
.\CortexM3\ARM_GCC_493\Debug\BBB.a(cyPm.o)
                              .\CortexM3\ARM_GCC_493\Debug\BBB.a(CyLib.o) (CyPmReadStatus)
.\CortexM3\ARM_GCC_493\Debug\BBB.a(Surtidor.o)
                              .\CortexM3\ARM_GCC_493\Debug\Protocolo.o (Surtidor_rxBuffer)
.\CortexM3\ARM_GCC_493\Debug\BBB.a(Surtidor_INT.o)
                              .\CortexM3\ARM_GCC_493\Debug\BBB.a(Surtidor.o) (Surtidor_RXISR)
.\CortexM3\ARM_GCC_493\Debug\BBB.a(Impresora.o)
                              .\CortexM3\ARM_GCC_493\Debug\main.o (Impresora_Start)
.\CortexM3\ARM_GCC_493\Debug\BBB.a(Impresora_INT.o)
                              .\CortexM3\ARM_GCC_493\Debug\BBB.a(Impresora.o) (Impresora_RXISR)
.\CortexM3\ARM_GCC_493\Debug\BBB.a(PC.o)
                              .\CortexM3\ARM_GCC_493\Debug\main.o (PC_rxBuffer)
.\CortexM3\ARM_GCC_493\Debug\BBB.a(PC_INT.o)
                              .\CortexM3\ARM_GCC_493\Debug\BBB.a(PC.o) (PC_RXISR)
.\CortexM3\ARM_GCC_493\Debug\BBB.a(I2C_1.o)
                              .\CortexM3\ARM_GCC_493\Debug\main.o (I2C_1_Start)
.\CortexM3\ARM_GCC_493\Debug\BBB.a(I2C_1_INT.o)
                              .\CortexM3\ARM_GCC_493\Debug\BBB.a(I2C_1.o) (I2C_1_ISR)
.\CortexM3\ARM_GCC_493\Debug\BBB.a(I2C_1_PM.o)
                              .\CortexM3\ARM_GCC_493\Debug\BBB.a(I2C_1.o) (I2C_1_backup)
.\CortexM3\ARM_GCC_493\Debug\BBB.a(I2C_1_MASTER.o)
                              .\CortexM3\ARM_GCC_493\Debug\BBB.a(I2C_1.o) (I2C_1_mstrStatus)
.\CortexM3\ARM_GCC_493\Debug\BBB.a(isr_1.o)
                              .\CortexM3\ARM_GCC_493\Debug\Protocolo.o (isr_1_StartEx)
.\CortexM3\ARM_GCC_493\Debug\BBB.a(Impresora_IntClock.o)
                              .\CortexM3\ARM_GCC_493\Debug\BBB.a(Impresora.o) (Impresora_IntClock_Start)
.\CortexM3\ARM_GCC_493\Debug\BBB.a(PC_IntClock.o)
                              .\CortexM3\ARM_GCC_493\Debug\BBB.a(PC.o) (PC_IntClock_Start)
.\CortexM3\ARM_GCC_493\Debug\BBB.a(LCD_1.o)
                              .\CortexM3\ARM_GCC_493\Debug\main.o (LCD_1_rxBuffer)
.\CortexM3\ARM_GCC_493\Debug\BBB.a(LCD_1_INT.o)
                              .\CortexM3\ARM_GCC_493\Debug\BBB.a(LCD_1.o) (LCD_1_RXISR)
.\CortexM3\ARM_GCC_493\Debug\BBB.a(LCD_2.o)
                              .\CortexM3\ARM_GCC_493\Debug\main.o (LCD_2_rxBuffer)
.\CortexM3\ARM_GCC_493\Debug\BBB.a(LCD_2_INT.o)
                              .\CortexM3\ARM_GCC_493\Debug\BBB.a(LCD_2.o) (LCD_2_RXISR)
.\CortexM3\ARM_GCC_493\Debug\BBB.a(LCD_1_IntClock.o)
                              .\CortexM3\ARM_GCC_493\Debug\BBB.a(LCD_1.o) (LCD_1_IntClock_Start)
.\CortexM3\ARM_GCC_493\Debug\BBB.a(LCD_2_IntClock.o)
                              .\CortexM3\ARM_GCC_493\Debug\BBB.a(LCD_2.o) (LCD_2_IntClock_Start)
.\CortexM3\ARM_GCC_493\Debug\BBB.a(IB1.o)
                              .\CortexM3\ARM_GCC_493\Debug\ibuton.o (IB1_Write)
.\CortexM3\ARM_GCC_493\Debug\BBB.a(IB2.o)
                              .\CortexM3\ARM_GCC_493\Debug\ibuton.o (IB2_Write)
.\CortexM3\ARM_GCC_493\Debug\BBB.a(isr_3.o)
                              .\CortexM3\ARM_GCC_493\Debug\main.o (isr_3_StartEx)
.\CortexM3\ARM_GCC_493\Debug\BBB.a(Timer_Animacion.o)
                              .\CortexM3\ARM_GCC_493\Debug\main.o (Timer_Animacion_Start)
.\CortexM3\ARM_GCC_493\Debug\BBB.a(Timer_Animacion2.o)
                              .\CortexM3\ARM_GCC_493\Debug\main.o (Timer_Animacion2_Start)
.\CortexM3\ARM_GCC_493\Debug\BBB.a(isr_4.o)
                              .\CortexM3\ARM_GCC_493\Debug\main.o (isr_4_StartEx)
.\CortexM3\ARM_GCC_493\Debug\BBB.a(Timer_Modo.o)
                              .\CortexM3\ARM_GCC_493\Debug\main.o (Timer_Modo_ReadStatusRegister)
.\CortexM3\ARM_GCC_493\Debug\BBB.a(Timer_RxSurtidor.o)
                              .\CortexM3\ARM_GCC_493\Debug\Protocolo.o (Timer_RxSurtidor_Start)
.\CortexM3\ARM_GCC_493\Debug\BBB.a(EEPROM.o)
                              .\CortexM3\ARM_GCC_493\Debug\main.o (EEPROM_Start)
.\CortexM3\ARM_GCC_493\Debug\BBB.a(LP.o)
                              .\CortexM3\ARM_GCC_493\Debug\main.o (LP_Start)
.\CortexM3\ARM_GCC_493\Debug\BBB.a(LP_INT.o)
                              .\CortexM3\ARM_GCC_493\Debug\BBB.a(LP.o) (LP_RXISR)
.\CortexM3\ARM_GCC_493\Debug\BBB.a(Pin_1.o)
                              .\CortexM3\ARM_GCC_493\Debug\main.o (Pin_1_Write)
.\CortexM3\ARM_GCC_493\Debug\BBB.a(Pin_2.o)
                              .\CortexM3\ARM_GCC_493\Debug\main.o (Pin_2_Write)
.\CortexM3\ARM_GCC_493\Debug\BBB.a(Pin_3.o)
[...]
Memory Configuration

Name             Origin             Length             Attributes
rom              0x00000000         0x00040000         xr
ram              0x1fff8000         0x00010000         xrw
*default*        0x00000000         0xffffffff

Linker script and memory map

LOAD c:/program files (x86)/cypress/psoc creator/3.3/psoc creator/import/gnu/arm/4.9.3/bin/../lib/gcc/arm-none-eabi/4.9.3/armv7-m/crti.o
LOAD c:/program files (x86)/cypress/psoc creator/3.3/psoc creator/import/gnu/arm/4.9.3/bin/../lib/gcc/arm-none-eabi/4.9.3/armv7-m/crtbegin.o
LOAD c:/program files (x86)/cypress/psoc creator/3.3/psoc creator/import/gnu/arm/4.9.3/bin/../lib/gcc/arm-none-eabi/4.9.3/../../../../arm-none-eabi/lib/armv7-m/crt0.o
START GROUP
LOAD .\CortexM3\ARM_GCC_493\Debug\main.o
LOAD .\CortexM3\ARM_GCC_493\Debug\Protocolo.o
LOAD .\CortexM3\ARM_GCC_493\Debug\Print.o
LOAD .\CortexM3\ARM_GCC_493\Debug\LCD.o
LOAD .\CortexM3\ARM_GCC_493\Debug\ibuton.o
LOAD .\CortexM3\ARM_GCC_493\Debug\I2C.o
LOAD .\CortexM3\ARM_GCC_493\Debug\Cm3Start.o
LOAD .\CortexM3\ARM_GCC_493\Debug\cymetadata.o
LOAD .\CortexM3\ARM_GCC_493\Debug\BBB.a
LOAD C:\Program Files (x86)\Cypress\PSoC Creator\3.3\PSoC Creator\psoc\content\cycomponentlibrary\CyComponentLibrary.cylib\CortexM3\ARM_GCC_493\Debug\CyComponentLibrary.a
LOAD c:/program files (x86)/cypress/psoc creator/3.3/psoc creator/import/gnu/arm/4.9.3/bin/../lib/gcc/arm-none-eabi/4.9.3/../../../../arm-none-eabi/lib/armv7-m\libm.a
END GROUP
START GROUP
LOAD c:/program files (x86)/cypress/psoc creator/3.3/psoc creator/import/gnu/arm/4.9.3/bin/../lib/gcc/arm-none-eabi/4.9.3/armv7-m\libgcc.a
LOAD c:/program files (x86)/cypress/psoc creator/3.3/psoc creator/import/gnu/arm/4.9.3/bin/../lib/gcc/arm-none-eabi/4.9.3/../../../../arm-none-eabi/lib/armv7-m\libg_nano.a
LOAD c:/program files (x86)/cypress/psoc creator/3.3/psoc creator/import/gnu/arm/4.9.3/bin/../lib/gcc/arm-none-eabi/4.9.3/../../../../arm-none-eabi/lib/armv7-m\libc_nano.a
END GROUP
START GROUP
LOAD c:/program files (x86)/cypress/psoc creator/3.3/psoc creator/import/gnu/arm/4.9.3/bin/../lib/gcc/arm-none-eabi/4.9.3/armv7-m\libgcc.a
LOAD c:/program files (x86)/cypress/psoc creator/3.3/psoc creator/import/gnu/arm/4.9.3/bin/../lib/gcc/arm-none-eabi/4.9.3/../../../../arm-none-eabi/lib/armv7-m\libc_nano.a
END GROUP
LOAD c:/program files (x86)/cypress/psoc creator/3.3/psoc creator/import/gnu/arm/4.9.3/bin/../lib/gcc/arm-none-eabi/4.9.3/armv7-m/crtend.o
LOAD c:/program files (x86)/cypress/psoc creator/3.3/psoc creator/import/gnu/arm/4.9.3/bin/../lib/gcc/arm-none-eabi/4.9.3/armv7-m/crtn.o
START GROUP
LOAD c:/program files (x86)/cypress/psoc creator/3.3/psoc creator/import/gnu/arm/4.9.3/bin/../lib/gcc/arm-none-eabi/4.9.3/armv7-m\libgcc.a
LOAD c:/program files (x86)/cypress/psoc creator/3.3/psoc creator/import/gnu/arm/4.9.3/bin/../lib/gcc/arm-none-eabi/4.9.3/../../../../arm-none-eabi/lib/armv7-m\libc.a
LOAD c:/program files (x86)/cypress/psoc creator/3.3/psoc creator/import/gnu/arm/4.9.3/bin/../lib/gcc/arm-none-eabi/4.9.3/../../../../arm-none-eabi/lib/armv7-m\libnosys.a
END GROUP
                0x00000000                CY_APPL_ORIGIN = 0x0
                0x00000100                CY_FLASH_ROW_SIZE = 0x100
                0x00000020                CY_ECC_ROW_SIZE = 0x20
                0x00000000                CY_EE_IN_BTLDR = 0x0
                0x00000000                CY_APPL_LOADABLE = 0x0
                0x00000800                CY_EE_SIZE = 0x800
                0x00000001                CY_APPL_NUM = 0x1
                0x00000001                CY_APPL_MAX = 0x1
                0x00000040                CY_METADATA_SIZE = 0x40
                0x1fff9030                PROVIDE (__cy_heap_start, _end)
                0x00000001                PROVIDE (__cy_region_num, ((__cy_regions_end - __cy_regions) / 0x10))
                0x20008000                PROVIDE (__cy_stack, (ORIGIN (ram) + 0x10000))
                0x20004000                PROVIDE (__cy_heap_end, (__cy_stack - 0x4000))

.cybootloader   0x00000000        0x0
 *(.cybootloader)
                0x00000000                appl1_start = CY_APPL_ORIGIN?CY_APPL_ORIGIN:ALIGN (CY_FLASH_ROW_SIZE)
                0x0001ff00                appl2_start = (appl1_start + ALIGN ((((0x40000 - appl1_start) - (0x2 * CY_FLASH_ROW_SIZE)) / 0x2), CY_FLASH_ROW_SIZE))
                0x00000000                appl_start = (CY_APPL_NUM == 0x1)?appl1_start:appl2_start
                0x00000000                ecc_offset = ((appl_start / CY_FLASH_ROW_SIZE) * CY_ECC_ROW_SIZE)
                0x00000000                ee_offset = (CY_APPL_LOADABLE && ! (CY_EE_IN_BTLDR))?((CY_EE_SIZE / CY_APPL_MAX) * (CY_APPL_NUM - 0x1)):0x0
                0x00000800                ee_size = (CY_APPL_LOADABLE && ! (CY_EE_IN_BTLDR))?(CY_EE_SIZE / CY_APPL_MAX):CY_EE_SIZE
                0x00000000                PROVIDE (CY_ECC_OFFSET, ecc_offset)

.text           0x00000000     0xef98
 CREATE_OBJECT_SYMBOLS
                0x00000000                PROVIDE (__cy_interrupt_vector, RomVectors)
 *(.romvectors)
 .romvectors    0x00000000       0x10 .\CortexM3\ARM_GCC_493\Debug\Cm3Start.o
                0x00000000                RomVectors
                0x00000001                ASSERT ((. != __cy_interrupt_vector), No interrupt vector)
                0x00000001                ASSERT (CY_APPL_ORIGIN?(SIZEOF (.cybootloader) <= CY_APPL_ORIGIN):0x1, Wrong image location)
                0x00000010                PROVIDE (__cy_reset, Reset)
 *(.text.Reset)
 .text.Reset    0x00000010       0x28 .\CortexM3\ARM_GCC_493\Debug\Cm3Start.o
                0x00000010                Reset
                0x00000001                ASSERT ((. != __cy_reset), No reset code)
 *(.dma_init)
                0x00000001                ASSERT ((((appl_start + .) <= 0x10000) || 0x1), DMA Init must be within the first 64k of flash)
 *(.text .text.* .gnu.linkonce.t.*)
 .text          0x00000038       0x5c c:/program files (x86)/cypress/psoc creator/3.3/psoc creator/import/gnu/arm/4.9.3/bin/../lib/gcc/arm-none-eabi/4.9.3/armv7-m/crtbegin.o
 .text.init     0x00000094      0x358 .\CortexM3\ARM_GCC_493\Debug\main.o
                0x00000094                init
 .text.error_op
                0x000003ec       0x90 .\CortexM3\ARM_GCC_493\Debug\main.o
                0x000003ec                error_op
 .text.init_surt
                0x0000047c      0x310 .\CortexM3\ARM_GCC_493\Debug\main.o
                0x0000047c                init_surt
 .text.polling_rf
                0x0000078c      0xb78 .\CortexM3\ARM_GCC_493\Debug\main.o
                0x0000078c                polling_rf
 .text.polling_surt
                0x00001304       0x60 .\CortexM3\ARM_GCC_493\Debug\main.o
                0x00001304                polling_surt
 .text.polling_LCD1
                0x00001364     0x30f4 .\CortexM3\ARM_GCC_493\Debug\main.o
                0x00001364                polling_LCD1
 .text.polling_LCD2
                0x00004458     0x3118 .\CortexM3\ARM_GCC_493\Debug\main.o
                0x00004458                polling_LCD2
 .text.animacion
                0x00007570       0x88 .\CortexM3\ARM_GCC_493\Debug\main.o
                0x00007570                animacion
 .text.animacion2
                0x000075f8       0x88 .\CortexM3\ARM_GCC_493\Debug\main.o
                0x000075f8                animacion2
 .text.main     0x00007680       0x30 .\CortexM3\ARM_GCC_493\Debug\main.o
                0x00007680                main
 .text.Rx_Surtidor
                0x000076b0       0x14 .\CortexM3\ARM_GCC_493\Debug\Protocolo.o
                0x000076b0                Rx_Surtidor
 .text.get_estado
                0x000076c4       0x98 .\CortexM3\ARM_GCC_493\Debug\Protocolo.o
                0x000076c4                get_estado
 .text.ver_pos  0x0000775c       0xa0 .\CortexM3\ARM_GCC_493\Debug\Protocolo.o
                0x0000775c                ver_pos
 .text.estado_ex
                0x000077fc      0x17c .\CortexM3\ARM_GCC_493\Debug\Protocolo.o
                0x000077fc                estado_ex
 .text.venta    0x00007978      0x354 .\CortexM3\ARM_GCC_493\Debug\Protocolo.o
                0x00007978                venta
 .text.programar
                0x00007ccc      0x880 .\CortexM3\ARM_GCC_493\Debug\Protocolo.o
                0x00007ccc                programar
 .text.cambiar_precio
                0x0000854c      0x27c .\CortexM3\ARM_GCC_493\Debug\Protocolo.o
                0x0000854c                cambiar_precio
 .text.totales  0x000087c8     0x1094 .\CortexM3\ARM_GCC_493\Debug\Protocolo.o
                0x000087c8                totales
 .text.set_imagen
                0x0000985c       0x98 .\CortexM3\ARM_GCC_493\Debug\LCD.o
                0x0000985c                set_imagen
 .text.write_LCD
                0x000098f4       0xc8 .\CortexM3\ARM_GCC_493\Debug\LCD.o
                0x000098f4                write_LCD
 .text.touch_present
                0x000099bc       0xc0 .\CortexM3\ARM_GCC_493\Debug\ibuton.o
                0x000099bc                touch_present
 .text.touch_write
                0x00009a7c      0x10c .\CortexM3\ARM_GCC_493\Debug\ibuton.o
                0x00009a7c                touch_write
 .text.touch_read_byte
                0x00009b88       0xb4 .\CortexM3\ARM_GCC_493\Debug\ibuton.o
                0x00009b88                touch_read_byte
 .text.crc_check
                0x00009c3c       0x58 .\CortexM3\ARM_GCC_493\Debug\ibuton.o
                0x00009c3c                crc_check
 .text.IntDefaultHandler
                0x00009c94        0x8 .\CortexM3\ARM_GCC_493\Debug\Cm3Start.o
                0x00009c94                IntDefaultHandler
 .text._sbrk    0x00009c9c       0x54 .\CortexM3\ARM_GCC_493\Debug\Cm3Start.o
                0x00009c9c                _sbrk
 .text.Start_c  0x00009cf0       0x98 .\CortexM3\ARM_GCC_493\Debug\Cm3Start.o
                0x00009cf0                Start_c
 .text.initialize_psoc
                0x00009d88       0x8c .\CortexM3\ARM_GCC_493\Debug\Cm3Start.o
                0x00009d88                initialize_psoc
 .text.CYMEMZERO
                0x00009e14       0x1c .\CortexM3\ARM_GCC_493\Debug\BBB.a(cyfitter_cfg.o)
 .text.CYCONFIGCPY
                0x00009e30       0x1c .\CortexM3\ARM_GCC_493\Debug\BBB.a(cyfitter_cfg.o)
 .text.CyClockStartupError
                0x00009e4c        0xc .\CortexM3\ARM_GCC_493\Debug\BBB.a(cyfitter_cfg.o)
 .text.cfg_write_bytes32
                0x00009e58       0x74 .\CortexM3\ARM_GCC_493\Debug\BBB.a(cyfitter_cfg.o)
 .text.ClockSetup
                0x00009ecc      0x16c .\CortexM3\ARM_GCC_493\Debug\BBB.a(cyfitter_cfg.o)
 .text.AnalogSetDefault
                0x0000a038       0x44 .\CortexM3\ARM_GCC_493\Debug\BBB.a(cyfitter_cfg.o)
 .text.cyfitter_cfg
                0x0000a07c      0x1a4 .\CortexM3\ARM_GCC_493\Debug\BBB.a(cyfitter_cfg.o)
                0x0000a07c                cyfitter_cfg
 .text          0x0000a220       0x20 .\CortexM3\ARM_GCC_493\Debug\BBB.a(CyBootAsmGnu.o)
                0x0000a220                CyDelayCycles
                0x0000a230                CyEnterCriticalSection
                0x0000a238                CyExitCriticalSection
 .text.CyHalt   0x0000a240       0x18 .\CortexM3\ARM_GCC_493\Debug\BBB.a(CyLib.o)
                0x0000a240                CyHalt
 .text.CyDelay  0x0000a258       0x44 .\CortexM3\ARM_GCC_493\Debug\BBB.a(CyLib.o)
                0x0000a258                CyDelay
 .text.CyDelayUs
                0x0000a29c       0x24 .\CortexM3\ARM_GCC_493\Debug\BBB.a(CyLib.o)
                0x0000a29c                CyDelayUs
 .text.CyWdtStart
                0x0000a2c0       0x8c .\CortexM3\ARM_GCC_493\Debug\BBB.a(CyLib.o)
                0x0000a2c0                CyWdtStart
 .text.CyWdtClear
                0x0000a34c       0x18 .\CortexM3\ARM_GCC_493\Debug\BBB.a(CyLib.o)
                0x0000a34c                CyWdtClear
 .text.CyIntSetVector
                0x0000a364       0x50 .\CortexM3\ARM_GCC_493\Debug\BBB.a(CyLib.o)
                0x0000a364                CyIntSetVector
 .text.CyIntSetPriority
                0x0000a3b4       0x44 .\CortexM3\ARM_GCC_493\Debug\BBB.a(CyLib.o)
                0x0000a3b4                CyIntSetPriority
 .text.Surtidor_Start
                0x0000a3f8       0x20 .\CortexM3\ARM_GCC_493\Debug\BBB.a(Surtidor.o)
                0x0000a3f8                Surtidor_Start
 .text.Surtidor_Init
                0x0000a418       0x58 .\CortexM3\ARM_GCC_493\Debug\BBB.a(Surtidor.o)
                0x0000a418                Surtidor_Init
 .text.Surtidor_Enable
                0x0000a470       0x64 .\CortexM3\ARM_GCC_493\Debug\BBB.a(Surtidor.o)
                0x0000a470                Surtidor_Enable
 .text.Surtidor_ReadRxData
                0x0000a4d4       0x94 .\CortexM3\ARM_GCC_493\Debug\BBB.a(Surtidor.o)
                0x0000a4d4                Surtidor_ReadRxData
 .text.Surtidor_GetRxBufferSize
                0x0000a568       0x94 .\CortexM3\ARM_GCC_493\Debug\BBB.a(Surtidor.o)
                0x0000a568                Surtidor_GetRxBufferSize
 .text.Surtidor_ClearRxBuffer
                0x0000a5fc       0x7c .\CortexM3\ARM_GCC_493\Debug\BBB.a(Surtidor.o)
                0x0000a5fc                Surtidor_ClearRxBuffer
 .text.Surtidor_PutChar
                0x0000a678       0x34 .\CortexM3\ARM_GCC_493\Debug\BBB.a(Surtidor.o)
                0x0000a678                Surtidor_PutChar
 .text.Surtidor_RXISR
                0x0000a6ac       0xd8 .\CortexM3\ARM_GCC_493\Debug\BBB.a(Surtidor_INT.o)
                0x0000a6ac                Surtidor_RXISR
 .text.Impresora_Start
                0x0000a784       0x20 .\CortexM3\ARM_GCC_493\Debug\BBB.a(Impresora.o)
                0x0000a784                Impresora_Start
 .text.Impresora_Init
                0x0000a7a4       0x58 .\CortexM3\ARM_GCC_493\Debug\BBB.a(Impresora.o)
                0x0000a7a4                Impresora_Init
 .text.Impresora_Enable
                0x0000a7fc       0x68 .\CortexM3\ARM_GCC_493\Debug\BBB.a(Impresora.o)
                0x0000a7fc                Impresora_Enable
 .text.Impresora_RXISR
                0x0000a864       0xd8 .\CortexM3\ARM_GCC_493\Debug\BBB.a(Impresora_INT.o)
                0x0000a864                Impresora_RXISR
 .text.PC_Start
                0x0000a93c       0x20 .\CortexM3\ARM_GCC_493\Debug\BBB.a(PC.o)
                0x0000a93c                PC_Start
 .text.PC_Init  0x0000a95c       0x58 .\CortexM3\ARM_GCC_493\Debug\BBB.a(PC.o)
                0x0000a95c                PC_Init
 .text.PC_Enable
                0x0000a9b4       0x68 .\CortexM3\ARM_GCC_493\Debug\BBB.a(PC.o)
                0x0000a9b4                PC_Enable
 .text.PC_GetRxBufferSize
                0x0000aa1c       0x94 .\CortexM3\ARM_GCC_493\Debug\BBB.a(PC.o)
                0x0000aa1c                PC_GetRxBufferSize
 .text.PC_ClearRxBuffer
                0x0000aab0       0x7c .\CortexM3\ARM_GCC_493\Debug\BBB.a(PC.o)
                0x0000aab0                PC_ClearRxBuffer
 .text.PC_PutChar
                0x0000ab2c       0x34 .\CortexM3\ARM_GCC_493\Debug\BBB.a(PC.o)
                0x0000ab2c                PC_PutChar
 .text.PC_RXISR
                0x0000ab60       0xdc .\CortexM3\ARM_GCC_493\Debug\BBB.a(PC_INT.o)
                0x0000ab60                PC_RXISR
 .text.I2C_1_Init
                0x0000ac3c       0x80 .\CortexM3\ARM_GCC_493\Debug\BBB.a(I2C_1.o)
                0x0000ac3c                I2C_1_Init
 .text.I2C_1_Enable
                0x0000acbc       0x44 .\CortexM3\ARM_GCC_493\Debug\BBB.a(I2C_1.o)
                0x0000acbc                I2C_1_Enable
 .text.I2C_1_Start
                0x0000ad00       0x2c .\CortexM3\ARM_GCC_493\Debug\BBB.a(I2C_1.o)
                0x0000ad00                I2C_1_Start
 .text.I2C_1_ISR
                0x0000ad2c      0x3ac .\CortexM3\ARM_GCC_493\Debug\BBB.a(I2C_1_INT.o)
                0x0000ad2c                I2C_1_ISR
 .text.isr_1_StartEx
                0x0000b0d8       0x24 .\CortexM3\ARM_GCC_493\Debug\BBB.a(isr_1.o)
                0x0000b0d8                isr_1_StartEx
 .text.isr_1_Stop
                0x0000b0fc       0x14 .\CortexM3\ARM_GCC_493\Debug\BBB.a(isr_1.o)
                0x0000b0fc                isr_1_Stop
 .text.isr_1_SetVector
                0x0000b110       0x24 .\CortexM3\ARM_GCC_493\Debug\BBB.a(isr_1.o)
                0x0000b110                isr_1_SetVector
 .text.isr_1_SetPriority
                0x0000b134       0x24 .\CortexM3\ARM_GCC_493\Debug\BBB.a(isr_1.o)
                0x0000b134                isr_1_SetPriority
 .text.isr_1_Enable
                0x0000b158       0x18 .\CortexM3\ARM_GCC_493\Debug\BBB.a(isr_1.o)
                0x0000b158                isr_1_Enable
 .text.isr_1_Disable
                0x0000b170       0x18 .\CortexM3\ARM_GCC_493\Debug\BBB.a(isr_1.o)
                0x0000b170                isr_1_Disable
 .text.Impresora_IntClock_Start
                0x0000b188       0x34 .\CortexM3\ARM_GCC_493\Debug\BBB.a(Impresora_IntClock.o)
                0x0000b188                Impresora_IntClock_Start
 .text.PC_IntClock_Start
                0x0000b1bc       0x34 .\CortexM3\ARM_GCC_493\Debug\BBB.a(PC_IntClock.o)
                0x0000b1bc                PC_IntClock_Start
 .text.LCD_1_Start
                0x0000b1f0       0x20 .\CortexM3\ARM_GCC_493\Debug\BBB.a(LCD_1.o)
                0x0000b1f0                LCD_1_Start
 .text.LCD_1_Init
                0x0000b210       0x58 .\CortexM3\ARM_GCC_493\Debug\BBB.a(LCD_1.o)
                0x0000b210                LCD_1_Init
 .text.LCD_1_Enable
                0x0000b268       0x68 .\CortexM3\ARM_GCC_493\Debug\BBB.a(LCD_1.o)
                0x0000b268                LCD_1_Enable
 .text.LCD_1_GetRxBufferSize
                0x0000b2d0       0x90 .\CortexM3\ARM_GCC_493\Debug\BBB.a(LCD_1.o)
                0x0000b2d0                LCD_1_GetRxBufferSize
 .text.LCD_1_ClearRxBuffer
                0x0000b360       0x7c .\CortexM3\ARM_GCC_493\Debug\BBB.a(LCD_1.o)
                0x0000b360                LCD_1_ClearRxBuffer
 .text.LCD_1_PutChar
                0x0000b3dc       0x34 .\CortexM3\ARM_GCC_493\Debug\BBB.a(LCD_1.o)
                0x0000b3dc                LCD_1_PutChar
 .text.LCD_1_RXISR
                0x0000b410       0xd8 .\CortexM3\ARM_GCC_493\Debug\BBB.a(LCD_1_INT.o)
                0x0000b410                LCD_1_RXISR
 .text.LCD_2_Start
                0x0000b4e8       0x20 .\CortexM3\ARM_GCC_493\Debug\BBB.a(LCD_2.o)
                0x0000b4e8                LCD_2_Start
 .text.LCD_2_Init
                0x0000b508       0x58 .\CortexM3\ARM_GCC_493\Debug\BBB.a(LCD_2.o)
                0x0000b508                LCD_2_Init
 .text.LCD_2_Enable
                0x0000b560       0x68 .\CortexM3\ARM_GCC_493\Debug\BBB.a(LCD_2.o)
                0x0000b560                LCD_2_Enable
 .text.LCD_2_GetRxBufferSize
                0x0000b5c8       0x90 .\CortexM3\ARM_GCC_493\Debug\BBB.a(LCD_2.o)
                0x0000b5c8                LCD_2_GetRxBufferSize
 .text.LCD_2_ClearRxBuffer
                0x0000b658       0x7c .\CortexM3\ARM_GCC_493\Debug\BBB.a(LCD_2.o)
                0x0000b658                LCD_2_ClearRxBuffer
 .text.LCD_2_PutChar
                0x0000b6d4       0x34 .\CortexM3\ARM_GCC_493\Debug\BBB.a(LCD_2.o)
                0x0000b6d4                LCD_2_PutChar
 .text.LCD_2_RXISR
                0x0000b708       0xd8 .\CortexM3\ARM_GCC_493\Debug\BBB.a(LCD_2_INT.o)
                0x0000b708                LCD_2_RXISR
 .text.LCD_1_IntClock_Start
                0x0000b7e0       0x34 .\CortexM3\ARM_GCC_493\Debug\BBB.a(LCD_1_IntClock.o)
                0x0000b7e0                LCD_1_IntClock_Start
 .text.LCD_2_IntClock_Start
                0x0000b814       0x34 .\CortexM3\ARM_GCC_493\Debug\BBB.a(LCD_2_IntClock.o)
                0x0000b814                LCD_2_IntClock_Start
 .text.IB1_Write
                0x0000b848       0x34 .\CortexM3\ARM_GCC_493\Debug\BBB.a(IB1.o)
                0x0000b848                IB1_Write
 .text.IB1_Read
                0x0000b87c       0x1c .\CortexM3\ARM_GCC_493\Debug\BBB.a(IB1.o)
                0x0000b87c                IB1_Read
 .text.IB2_Write
                0x0000b898       0x3c .\CortexM3\ARM_GCC_493\Debug\BBB.a(IB2.o)
                0x0000b898                IB2_Write
 .text.IB2_Read
                0x0000b8d4       0x20 .\CortexM3\ARM_GCC_493\Debug\BBB.a(IB2.o)
                0x0000b8d4                IB2_Read
 .text.isr_3_StartEx
                0x0000b8f4       0x24 .\CortexM3\ARM_GCC_493\Debug\BBB.a(isr_3.o)
                0x0000b8f4                isr_3_StartEx
 .text.isr_3_Stop
                0x0000b918       0x14 .\CortexM3\ARM_GCC_493\Debug\BBB.a(isr_3.o)
                0x0000b918                isr_3_Stop
 .text.isr_3_SetVector
                0x0000b92c       0x24 .\CortexM3\ARM_GCC_493\Debug\BBB.a(isr_3.o)
                0x0000b92c                isr_3_SetVector
 .text.isr_3_SetPriority
                0x0000b950       0x24 .\CortexM3\ARM_GCC_493\Debug\BBB.a(isr_3.o)
                0x0000b950                isr_3_SetPriority
 .text.isr_3_Enable
                0x0000b974       0x18 .\CortexM3\ARM_GCC_493\Debug\BBB.a(isr_3.o)
                0x0000b974                isr_3_Enable
 .text.isr_3_Disable
                0x0000b98c       0x18 .\CortexM3\ARM_GCC_493\Debug\BBB.a(isr_3.o)
                0x0000b98c                isr_3_Disable
 .text.Timer_Animacion_Init
                0x0000b9a4       0x9c .\CortexM3\ARM_GCC_493\Debug\BBB.a(Timer_Animacion.o)
                0x0000b9a4                Timer_Animacion_Init
 .text.Timer_Animacion_Enable
                0x0000ba40       0x48 .\CortexM3\ARM_GCC_493\Debug\BBB.a(Timer_Animacion.o)
                0x0000ba40                Timer_Animacion_Enable
 .text.Timer_Animacion_Start
                0x0000ba88       0x20 .\CortexM3\ARM_GCC_493\Debug\BBB.a(Timer_Animacion.o)
                0x0000ba88                Timer_Animacion_Start
 .text.Timer_Animacion_Stop
                0x0000baa8       0x48 .\CortexM3\ARM_GCC_493\Debug\BBB.a(Timer_Animacion.o)
                0x0000baa8                Timer_Animacion_Stop
 .text.Timer_Animacion_SetInterruptMode
                0x0000baf0       0x20 .\CortexM3\ARM_GCC_493\Debug\BBB.a(Timer_Animacion.o)
                0x0000baf0                Timer_Animacion_SetInterruptMode
 .text.Timer_Animacion_ReadStatusRegister
                0x0000bb10       0x18 .\CortexM3\ARM_GCC_493\Debug\BBB.a(Timer_Animacion.o)
                0x0000bb10                Timer_Animacion_ReadStatusRegister
 .text.Timer_Animacion_WritePeriod
                0x0000bb28       0x24 .\CortexM3\ARM_GCC_493\Debug\BBB.a(Timer_Animacion.o)
                0x0000bb28                Timer_Animacion_WritePeriod
 .text.Timer_Animacion_WriteCounter
                0x0000bb4c       0x20 .\CortexM3\ARM_GCC_493\Debug\BBB.a(Timer_Animacion.o)
                0x0000bb4c                Timer_Animacion_WriteCounter
 .text.Timer_Animacion2_Init
                0x0000bb6c       0x9c .\CortexM3\ARM_GCC_493\Debug\BBB.a(Timer_Animacion2.o)
                0x0000bb6c                Timer_Animacion2_Init
 .text.Timer_Animacion2_Enable
                0x0000bc08       0x48 .\CortexM3\ARM_GCC_493\Debug\BBB.a(Timer_Animacion2.o)
                0x0000bc08                Timer_Animacion2_Enable
 .text.Timer_Animacion2_Start
                0x0000bc50       0x20 .\CortexM3\ARM_GCC_493\Debug\BBB.a(Timer_Animacion2.o)
                0x0000bc50                Timer_Animacion2_Start
 .text.Timer_Animacion2_Stop
                0x0000bc70       0x48 .\CortexM3\ARM_GCC_493\Debug\BBB.a(Timer_Animacion2.o)
                0x0000bc70                Timer_Animacion2_Stop
 .text.Timer_Animacion2_SetInterruptMode
                0x0000bcb8       0x20 .\CortexM3\ARM_GCC_493\Debug\BBB.a(Timer_Animacion2.o)
                0x0000bcb8                Timer_Animacion2_SetInterruptMode
 .text.Timer_Animacion2_ReadStatusRegister
                0x0000bcd8       0x18 .\CortexM3\ARM_GCC_493\Debug\BBB.a(Timer_Animacion2.o)
                0x0000bcd8                Timer_Animacion2_ReadStatusRegister
 .text.Timer_Animacion2_WritePeriod
                0x0000bcf0       0x24 .\CortexM3\ARM_GCC_493\Debug\BBB.a(Timer_Animacion2.o)
                0x0000bcf0                Timer_Animacion2_WritePeriod
 .text.Timer_Animacion2_WriteCounter
                0x0000bd14       0x20 .\CortexM3\ARM_GCC_493\Debug\BBB.a(Timer_Animacion2.o)
                0x0000bd14                Timer_Animacion2_WriteCounter
 .text.isr_4_StartEx
                0x0000bd34       0x24 .\CortexM3\ARM_GCC_493\Debug\BBB.a(isr_4.o)
                0x0000bd34                isr_4_StartEx
 .text.isr_4_Stop
                0x0000bd58       0x14 .\CortexM3\ARM_GCC_493\Debug\BBB.a(isr_4.o)
                0x0000bd58                isr_4_Stop
 .text.isr_4_SetVector
                0x0000bd6c       0x24 .\CortexM3\ARM_GCC_493\Debug\BBB.a(isr_4.o)
                0x0000bd6c                isr_4_SetVector
 .text.isr_4_SetPriority
                0x0000bd90       0x24 .\CortexM3\ARM_GCC_493\Debug\BBB.a(isr_4.o)
                0x0000bd90                isr_4_SetPriority
 .text.isr_4_Enable
                0x0000bdb4       0x18 .\CortexM3\ARM_GCC_493\Debug\BBB.a(isr_4.o)
                0x0000bdb4                isr_4_Enable
 .text.isr_4_Disable
                0x0000bdcc       0x18 .\CortexM3\ARM_GCC_493\Debug\BBB.a(isr_4.o)
                0x0000bdcc                isr_4_Disable
 .text.Timer_RxSurtidor_Init
                0x0000bde4       0x9c .\CortexM3\ARM_GCC_493\Debug\BBB.a(Timer_RxSurtidor.o)
                0x0000bde4                Timer_RxSurtidor_Init
 .text.Timer_RxSurtidor_Enable
                0x0000be80       0x48 .\CortexM3\ARM_GCC_493\Debug\BBB.a(Timer_RxSurtidor.o)
                0x0000be80                Timer_RxSurtidor_Enable
 .text.Timer_RxSurtidor_Start
                0x0000bec8       0x20 .\CortexM3\ARM_GCC_493\Debug\BBB.a(Timer_RxSurtidor.o)
                0x0000bec8                Timer_RxSurtidor_Start
 .text.Timer_RxSurtidor_Stop
                0x0000bee8       0x48 .\CortexM3\ARM_GCC_493\Debug\BBB.a(Timer_RxSurtidor.o)
                0x0000bee8                Timer_RxSurtidor_Stop
 .text.Timer_RxSurtidor_SetInterruptMode
                0x0000bf30       0x20 .\CortexM3\ARM_GCC_493\Debug\BBB.a(Timer_RxSurtidor.o)
                0x0000bf30                Timer_RxSurtidor_SetInterruptMode
 .text.Timer_RxSurtidor_ReadStatusRegister
                0x0000bf50       0x18 .\CortexM3\ARM_GCC_493\Debug\BBB.a(Timer_RxSurtidor.o)
                0x0000bf50                Timer_RxSurtidor_ReadStatusRegister
 .text.Timer_RxSurtidor_WritePeriod
                0x0000bf68       0x24 .\CortexM3\ARM_GCC_493\Debug\BBB.a(Timer_RxSurtidor.o)
                0x0000bf68                Timer_RxSurtidor_WritePeriod
 .text.Timer_RxSurtidor_WriteCounter
                0x0000bf8c       0x20 .\CortexM3\ARM_GCC_493\Debug\BBB.a(Timer_RxSurtidor.o)
                0x0000bf8c                Timer_RxSurtidor_WriteCounter
 .text.EEPROM_Enable
                0x0000bfac       0x10 .\CortexM3\ARM_GCC_493\Debug\BBB.a(EEPROM.o)
                0x0000bfac                EEPROM_Enable
 .text.EEPROM_Start
                0x0000bfbc        0xc .\CortexM3\ARM_GCC_493\Debug\BBB.a(EEPROM.o)
                0x0000bfbc                EEPROM_Start
 .text.EEPROM_WriteByte
                0x0000bfc8      0x120 .\CortexM3\ARM_GCC_493\Debug\BBB.a(EEPROM.o)
                0x0000bfc8                EEPROM_WriteByte
 .text.EEPROM_ReadByte
                0x0000c0e8       0x3c .\CortexM3\ARM_GCC_493\Debug\BBB.a(EEPROM.o)
                0x0000c0e8                EEPROM_ReadByte
 .text.LP_Start
                0x0000c124       0x20 .\CortexM3\ARM_GCC_493\Debug\BBB.a(LP.o)
                0x0000c124                LP_Start
 .text.LP_Init  0x0000c144       0x58 .\CortexM3\ARM_GCC_493\Debug\BBB.a(LP.o)
                0x0000c144                LP_Init
 .text.LP_Enable
                0x0000c19c       0x64 .\CortexM3\ARM_GCC_493\Debug\BBB.a(LP.o)
                0x0000c19c                LP_Enable
 .text.LP_ClearRxBuffer
                0x0000c200       0x7c .\CortexM3\ARM_GCC_493\Debug\BBB.a(LP.o)
                0x0000c200                LP_ClearRxBuffer
 .text.LP_RXISR
                0x0000c27c       0xd8 .\CortexM3\ARM_GCC_493\Debug\BBB.a(LP_INT.o)
                0x0000c27c                LP_RXISR
 .text.Pin_1_Write
                0x0000c354       0x3c .\CortexM3\ARM_GCC_493\Debug\BBB.a(Pin_1.o)
                0x0000c354                Pin_1_Write
 .text.Pin_2_Write
                0x0000c390       0x3c .\CortexM3\ARM_GCC_493\Debug\BBB.a(Pin_2.o)
                0x0000c390                Pin_2_Write
 .text.Pin_3_Write
                0x0000c3cc       0x3c .\CortexM3\ARM_GCC_493\Debug\BBB.a(Pin_3.o)
                0x0000c3cc                Pin_3_Write
 .text.Pin_4_Write
                0x0000c408       0x3c .\CortexM3\ARM_GCC_493\Debug\BBB.a(Pin_4.o)
                0x0000c408                Pin_4_Write
 .text.Pin_5_Write
                0x0000c444       0x3c .\CortexM3\ARM_GCC_493\Debug\BBB.a(Pin_5.o)
                0x0000c444                Pin_5_Write
 .text.CySetTempInt
                0x0000c480       0x7c .\CortexM3\ARM_GCC_493\Debug\BBB.a(CyFlash.o)
 .text.CyFlashGetSpcAlgorithm
                0x0000c4fc       0x70 .\CortexM3\ARM_GCC_493\Debug\BBB.a(CyFlash.o)
 .text.CySetTemp
                0x0000c56c       0x24 .\CortexM3\ARM_GCC_493\Debug\BBB.a(CyFlash.o)
                0x0000c56c                CySetTemp
 .text.CyEEPROM_Start
                0x0000c590       0x8c .\CortexM3\ARM_GCC_493\Debug\BBB.a(CyFlash.o)
                0x0000c590                CyEEPROM_Start
 .text.CyEEPROM_ReadReserve
                0x0000c61c       0x30 .\CortexM3\ARM_GCC_493\Debug\BBB.a(CyFlash.o)
                0x0000c61c                CyEEPROM_ReadReserve
 .text.CyEEPROM_ReadRelease
                0x0000c64c       0x20 .\CortexM3\ARM_GCC_493\Debug\BBB.a(CyFlash.o)
                0x0000c64c                CyEEPROM_ReadRelease
 .text.CySpcStart
                0x0000c66c       0x44 .\CortexM3\ARM_GCC_493\Debug\BBB.a(CySpc.o)
                0x0000c66c                CySpcStart
 .text.CySpcReadData
                0x0000c6b0       0x58 .\CortexM3\ARM_GCC_493\Debug\BBB.a(CySpc.o)
                0x0000c6b0                CySpcReadData
 .text.CySpcLoadMultiByte
                0x0000c708       0xd4 .\CortexM3\ARM_GCC_493\Debug\BBB.a(CySpc.o)
                0x0000c708                CySpcLoadMultiByte
 .text.CySpcWriteRow
                0x0000c7dc       0x98 .\CortexM3\ARM_GCC_493\Debug\BBB.a(CySpc.o)
                0x0000c7dc                CySpcWriteRow
 .text.CySpcGetTemp
                0x0000c874       0x64 .\CortexM3\ARM_GCC_493\Debug\BBB.a(CySpc.o)
                0x0000c874                CySpcGetTemp
 .text.CySpcLock
                0x0000c8d8       0x68 .\CortexM3\ARM_GCC_493\Debug\BBB.a(CySpc.o)
                0x0000c8d8                CySpcLock
 .text.CySpcUnlock
                0x0000c940       0x50 .\CortexM3\ARM_GCC_493\Debug\BBB.a(CySpc.o)
                0x0000c940                CySpcUnlock
 .text.CySpcGetAlgorithm
                0x0000c990       0x48 .\CortexM3\ARM_GCC_493\Debug\BBB.a(CySpc.o)
                0x0000c990                CySpcGetAlgorithm
 .text          0x0000c9d8      0x110 c:/program files (x86)/cypress/psoc creator/3.3/psoc creator/import/gnu/arm/4.9.3/bin/../lib/gcc/arm-none-eabi/4.9.3/armv7-m\libgcc.a(_arm_cmpdf2.o)
                0x0000c9d8                __gtdf2
                0x0000c9d8                __gedf2
                0x0000c9e0                __ltdf2
                0x0000c9e0                __ledf2
                0x0000c9e8                __nedf2
                0x0000c9e8                __eqdf2
                0x0000c9e8                __cmpdf2
                0x0000ca64                __aeabi_cdrcmple
                0x0000ca74                __aeabi_cdcmpeq
                0x0000ca74                __aeabi_cdcmple
                0x0000ca84                __aeabi_dcmpeq
                0x0000ca98                __aeabi_dcmplt
                0x0000caac                __aeabi_dcmple
                0x0000cac0                __aeabi_dcmpge
                0x0000cad4                __aeabi_dcmpgt
 .text.atof     0x0000cae8        0x6 c:/program files (x86)/cypress/psoc creator/3.3/psoc creator/import/gnu/arm/4.9.3/bin/../lib/gcc/arm-none-eabi/4.9.3/../../../../arm-none-eabi/lib/armv7-m\libg_nano.a(lib_a-atof.o)
                0x0000cae8                atof
 *fill*         0x0000caee        0x2 
 .text.__errno  0x0000caf0        0xc c:/program files (x86)/cypress/psoc creator/3.3/psoc creator/import/gnu/arm/4.9.3/bin/../lib/gcc/arm-none-eabi/4.9.3/../../../../arm-none-eabi/lib/armv7-m\libg_nano.a(lib_a-errno.o)
                0x0000caf0                __errno
 .text.__libc_init_array
                0x0000cafc       0x4c c:/program files (x86)/cypress/psoc creator/3.3/psoc creator/import/gnu/arm/4.9.3/bin/../lib/gcc/arm-none-eabi/4.9.3/../../../../arm-none-eabi/lib/armv7-m\libg_nano.a(lib_a-init.o)
                0x0000cafc                __libc_init_array
 .text.memcpy   0x0000cb48       0x16 c:/program files (x86)/cypress/psoc creator/3.3/psoc creator/import/gnu/arm/4.9.3/bin/../lib/gcc/arm-none-eabi/4.9.3/../../../../arm-none-eabi/lib/armv7-m\libg_nano.a(lib_a-memcpy.o)
                0x0000cb48                memcpy
 .text.memset   0x0000cb5e       0x10 c:/program files (x86)/cypress/psoc creator/3.3/psoc creator/import/gnu/arm/4.9.3/bin/../lib/gcc/arm-none-eabi/4.9.3/../../../../arm-none-eabi/lib/armv7-m\libg_nano.a(lib_a-memset.o)
                0x0000cb5e                memset
 .text.match    0x0000cb6e       0x26 c:/program files (x86)/cypress/psoc creator/3.3/psoc creator/import/gnu/arm/4.9.3/bin/../lib/gcc/arm-none-eabi/4.9.3/../../../../arm-none-eabi/lib/armv7-m\libg_nano.a(lib_a-strtod.o)
 .text.sulp     0x0000cb94       0x42 c:/program files (x86)/cypress/psoc creator/3.3/psoc creator/import/gnu/arm/4.9.3/bin/../lib/gcc/arm-none-eabi/4.9.3/../../../../arm-none-eabi/lib/armv7-m\libg_nano.a(lib_a-strtod.o)
 *fill*         0x0000cbd6        0x2 
 .text._strtod_r
                0x0000cbd8      0xc40 c:/program files (x86)/cypress/psoc creator/3.3/psoc creator/import/gnu/arm/4.9.3/bin/../lib/gcc/arm-none-eabi/4.9.3/../../../../arm-none-eabi/lib/armv7-m\libg_nano.a(lib_a-strtod.o)
                0x0000cbd8                _strtod_r
 .text.strtod   0x0000d818       0x14 c:/program files (x86)/cypress/psoc creator/3.3/psoc creator/import/gnu/arm/4.9.3/bin/../lib/gcc/arm-none-eabi/4.9.3/../../../../arm-none-eabi/lib/armv7-m\libg_nano.a(lib_a-strtod.o)
                0x0000d818                strtod
 .text.rshift   0x0000d82c       0x6c c:/program files (x86)/cypress/psoc creator/3.3/psoc creator/import/gnu/arm/4.9.3/bin/../lib/gcc/arm-none-eabi/4.9.3/../../../../arm-none-eabi/lib/armv7-m\libg_nano.a(lib_a-gdtoa-gethex.o)
 .text.__hexdig_fun
                0x0000d898       0x2a c:/program files (x86)/cypress/psoc creator/3.3/psoc creator/import/gnu/arm/4.9.3/bin/../lib/gcc/arm-none-eabi/4.9.3/../../../../arm-none-eabi/lib/armv7-m\libg_nano.a(lib_a-gdtoa-gethex.o)
                0x0000d898                __hexdig_fun
 .text.__gethex
                0x0000d8c2      0x44a c:/program files (x86)/cypress/psoc creator/3.3/psoc creator/import/gnu/arm/4.9.3/bin/../lib/gcc/arm-none-eabi/4.9.3/../../../../arm-none-eabi/lib/armv7-m\libg_nano.a(lib_a-gdtoa-gethex.o)
                0x0000d8c2                __gethex
 .text.L_shift  0x0000dd0c       0x24 c:/program files (x86)/cypress/psoc creator/3.3/psoc creator/import/gnu/arm/4.9.3/bin/../lib/gcc/arm-none-eabi/4.9.3/../../../../arm-none-eabi/lib/armv7-m\libg_nano.a(lib_a-gdtoa-hexnan.o)
 .text.__hexnan
                0x0000dd30      0x114 c:/program files (x86)/cypress/psoc creator/3.3/psoc creator/import/gnu/arm/4.9.3/bin/../lib/gcc/arm-none-eabi/4.9.3/../../../../arm-none-eabi/lib/armv7-m\libg_nano.a(lib_a-gdtoa-hexnan.o)
                0x0000dd30                __hexnan
 .text._localeconv_r
                0x0000de44        0x8 c:/program files (x86)/cypress/psoc creator/3.3/psoc creator/import/gnu/arm/4.9.3/bin/../lib/gcc/arm-none-eabi/4.9.3/../../../../arm-none-eabi/lib/armv7-m\libg_nano.a(lib_a-locale.o)
                0x0000de44                _localeconv_r
 .text._Balloc  0x0000de4c       0x6a c:/program files (x86)/cypress/psoc creator/3.3/psoc creator/import/gnu/arm/4.9.3/bin/../lib/gcc/arm-none-eabi/4.9.3/../../../../arm-none-eabi/lib/armv7-m\libg_nano.a(lib_a-mprec.o)
                0x0000de4c                _Balloc
 .text._Bfree   0x0000deb6       0x2e c:/program files (x86)/cypress/psoc creator/3.3/psoc creator/import/gnu/arm/4.9.3/bin/../lib/gcc/arm-none-eabi/4.9.3/../../../../arm-none-eabi/lib/armv7-m\libg_nano.a(lib_a-mprec.o)
                0x0000deb6                _Bfree
 .text.__multadd
                0x0000dee4       0x7c c:/program files (x86)/cypress/psoc creator/3.3/psoc creator/import/gnu/arm/4.9.3/bin/../lib/gcc/arm-none-eabi/4.9.3/../../../../arm-none-eabi/lib/armv7-m\libg_nano.a(lib_a-mprec.o)
                0x0000dee4                __multadd
 .text.__s2b    0x0000df60       0x80 c:/program files (x86)/cypress/psoc creator/3.3/psoc creator/import/gnu/arm/4.9.3/bin/../lib/gcc/arm-none-eabi/4.9.3/../../../../arm-none-eabi/lib/armv7-m\libg_nano.a(lib_a-mprec.o)
                0x0000df60                __s2b
 .text.__hi0bits
                0x0000dfe0       0x40 c:/program files (x86)/cypress/psoc creator/3.3/psoc creator/import/gnu/arm/4.9.3/bin/../lib/gcc/arm-none-eabi/4.9.3/../../../../arm-none-eabi/lib/armv7-m\libg_nano.a(lib_a-mprec.o)
                0x0000dfe0                __hi0bits
 .text.__lo0bits
                0x0000e020       0x5a c:/program files (x86)/cypress/psoc creator/3.3/psoc creator/import/gnu/arm/4.9.3/bin/../lib/gcc/arm-none-eabi/4.9.3/../../../../arm-none-eabi/lib/armv7-m\libg_nano.a(lib_a-mprec.o)
                0x0000e020                __lo0bits
 .text.__i2b    0x0000e07a       0x12 c:/program files (x86)/cypress/psoc creator/3.3/psoc creator/import/gnu/arm/4.9.3/bin/../lib/gcc/arm-none-eabi/4.9.3/../../../../arm-none-eabi/lib/armv7-m\libg_nano.a(lib_a-mprec.o)
                0x0000e07a                __i2b
 .text.__multiply
                0x0000e08c      0x120 c:/program files (x86)/cypress/psoc creator/3.3/psoc creator/import/gnu/arm/4.9.3/bin/../lib/gcc/arm-none-eabi/4.9.3/../../../../arm-none-eabi/lib/armv7-m\libg_nano.a(lib_a-mprec.o)
                0x0000e08c                __multiply
 .text.__pow5mult
                0x0000e1ac       0x9c c:/program files (x86)/cypress/psoc creator/3.3/psoc creator/import/gnu/arm/4.9.3/bin/../lib/gcc/arm-none-eabi/4.9.3/../../../../arm-none-eabi/lib/armv7-m\libg_nano.a(lib_a-mprec.o)
                0x0000e1ac                __pow5mult
 .text.__lshift
                0x0000e248       0xa6 c:/program files (x86)/cypress/psoc creator/3.3/psoc creator/import/gnu/arm/4.9.3/bin/../lib/gcc/arm-none-eabi/4.9.3/../../../../arm-none-eabi/lib/armv7-m\libg_nano.a(lib_a-mprec.o)
                0x0000e248                __lshift
 .text.__mcmp   0x0000e2ee       0x38 c:/program files (x86)/cypress/psoc creator/3.3/psoc creator/import/gnu/arm/4.9.3/bin/../lib/gcc/arm-none-eabi/4.9.3/../../../../arm-none-eabi/lib/armv7-m\libg_nano.a(lib_a-mprec.o)
                0x0000e2ee                __mcmp
 .text.__mdiff  0x0000e326       0xbe c:/program files (x86)/cypress/psoc creator/3.3/psoc creator/import/gnu/arm/4.9.3/bin/../lib/gcc/arm-none-eabi/4.9.3/../../../../arm-none-eabi/lib/armv7-m\libg_nano.a(lib_a-mprec.o)
                0x0000e326                __mdiff
 .text.__ulp    0x0000e3e4       0x48 c:/program files (x86)/cypress/psoc creator/3.3/psoc creator/import/gnu/arm/4.9.3/bin/../lib/gcc/arm-none-eabi/4.9.3/../../../../arm-none-eabi/lib/armv7-m\libg_nano.a(lib_a-mprec.o)
                0x0000e3e4                __ulp
 .text.__b2d    0x0000e42c       0x9e c:/program files (x86)/cypress/psoc creator/3.3/psoc creator/import/gnu/arm/4.9.3/bin/../lib/gcc/arm-none-eabi/4.9.3/../../../../arm-none-eabi/lib/armv7-m\libg_nano.a(lib_a-mprec.o)
                0x0000e42c                __b2d
 .text.__d2b    0x0000e4ca       0xa4 c:/program files (x86)/cypress/psoc creator/3.3/psoc creator/import/gnu/arm/4.9.3/bin/../lib/gcc/arm-none-eabi/4.9.3/../../../../arm-none-eabi/lib/armv7-m\libg_nano.a(lib_a-mprec.o)
                0x0000e4ca                __d2b
 .text.__ratio  0x0000e56e       0x50 c:/program files (x86)/cypress/psoc creator/3.3/psoc creator/import/gnu/arm/4.9.3/bin/../lib/gcc/arm-none-eabi/4.9.3/../../../../arm-none-eabi/lib/armv7-m\libg_nano.a(lib_a-mprec.o)
                0x0000e56e                __ratio
 .text.__copybits
                0x0000e5be       0x34 c:/program files (x86)/cypress/psoc creator/3.3/psoc creator/import/gnu/arm/4.9.3/bin/../lib/gcc/arm-none-eabi/4.9.3/../../../../arm-none-eabi/lib/armv7-m\libg_nano.a(lib_a-mprec.o)
                0x0000e5be                __copybits
 .text.__any_on
                0x0000e5f2       0x44 c:/program files (x86)/cypress/psoc creator/3.3/psoc creator/import/gnu/arm/4.9.3/bin/../lib/gcc/arm-none-eabi/4.9.3/../../../../arm-none-eabi/lib/armv7-m\libg_nano.a(lib_a-mprec.o)
                0x0000e5f2                __any_on
 .text._calloc_r
                0x0000e636       0x1c c:/program files (x86)/cypress/psoc creator/3.3/psoc creator/import/gnu/arm/4.9.3/bin/../lib/gcc/arm-none-eabi/4.9.3/../../../../arm-none-eabi/lib/armv7-m\libg_nano.a(lib_a-nano-callocr.o)
                0x0000e636                _calloc_r
 *fill*         0x0000e652        0x2 
 .text._malloc_r
                0x0000e654       0xac c:/program files (x86)/cypress/psoc creator/3.3/psoc creator/import/gnu/arm/4.9.3/bin/../lib/gcc/arm-none-eabi/4.9.3/../../../../arm-none-eabi/lib/armv7-m\libg_nano.a(lib_a-nano-mallocr.o)
                0x0000e654                _malloc_r
 .text._sbrk_r  0x0000e700       0x20 c:/program files (x86)/cypress/psoc creator/3.3/psoc creator/import/gnu/arm/4.9.3/bin/../lib/gcc/arm-none-eabi/4.9.3/../../../../arm-none-eabi/lib/armv7-m\libg_nano.a(lib_a-sbrkr.o)
                0x0000e700                _sbrk_r
 .text.strlen   0x0000e720       0x10 c:/program files (x86)/cypress/psoc creator/3.3/psoc creator/import/gnu/arm/4.9.3/bin/../lib/gcc/arm-none-eabi/4.9.3/../../../../arm-none-eabi/lib/armv7-m\libg_nano.a(lib_a-strlen.o)
                0x0000e720                strlen
 .text.strncmp  0x0000e730       0x32 c:/program files (x86)/cypress/psoc creator/3.3/psoc creator/import/gnu/arm/4.9.3/bin/../lib/gcc/arm-none-eabi/4.9.3/../../../../arm-none-eabi/lib/armv7-m\libg_nano.a(lib_a-strncmp.o)
                0x0000e730                strncmp
 *fill*         0x0000e762        0x2 
 .text.malloc   0x0000e764       0x10 c:/program files (x86)/cypress/psoc creator/3.3/psoc creator/import/gnu/arm/4.9.3/bin/../lib/gcc/arm-none-eabi/4.9.3/../../../../arm-none-eabi/lib/armv7-m\libg_nano.a(lib_a-malloc.o)
                0x0000e764                malloc
 .text          0x0000e774      0x370 c:/program files (x86)/cypress/psoc creator/3.3/psoc creator/import/gnu/arm/4.9.3/bin/../lib/gcc/arm-none-eabi/4.9.3/armv7-m\libgcc.a(_arm_addsubdf3.o)
                0x0000e774                __aeabi_drsub
                0x0000e77c                __aeabi_dsub
                0x0000e77c                __subdf3
                0x0000e780                __aeabi_dadd
                0x0000e780                __adddf3
                0x0000e9f8                __floatunsidf
                0x0000e9f8                __aeabi_ui2d
                0x0000ea18                __floatsidf
                0x0000ea18                __aeabi_i2d
                0x0000ea3c                __aeabi_f2d
                0x0000ea3c                __extendsfdf2
                0x0000ea78                __floatundidf
                0x0000ea78                __aeabi_ul2d
                0x0000ea88                __floatdidf
                0x0000ea88                __aeabi_l2d
 .text          0x0000eae4      0x424 c:/program files (x86)/cypress/psoc creator/3.3/psoc creator/import/gnu/arm/4.9.3/bin/../lib/gcc/arm-none-eabi/4.9.3/armv7-m\libgcc.a(_arm_muldivdf3.o)
                0x0000eae4                __aeabi_dmul
                0x0000eae4                __muldf3
                0x0000ed38                __divdf3
                0x0000ed38                __aeabi_ddiv
 .text          0x0000ef08       0x50 c:/program files (x86)/cypress/psoc creator/3.3/psoc creator/import/gnu/arm/4.9.3/bin/../lib/gcc/arm-none-eabi/4.9.3/armv7-m\libgcc.a(_arm_fixdfsi.o)
                0x0000ef08                __aeabi_d2iz
                0x0000ef08                __fixdfsi
 .text          0x0000ef58       0x40 c:/program files (x86)/cypress/psoc creator/3.3/psoc creator/import/gnu/arm/4.9.3/bin/../lib/gcc/arm-none-eabi/4.9.3/armv7-m\libgcc.a(_arm_fixunsdfsi.o)
                0x0000ef58                __aeabi_d2uiz
                0x0000ef58                __fixunsdfsi
 *(.plt)
 *(.gnu.warning)
 *(.glue_7t)
 .glue_7t       0x00000000        0x0 linker stubs
 *(.glue_7)
 .glue_7        0x00000000        0x0 linker stubs
 *(.vfp11_veneer)
 .vfp11_veneer  0x00000000        0x0 linker stubs
 *(.bootloader)
 *(.ARM.extab* .gnu.linkonce.armextab.*)
 *(.gcc_except_table)

.v4_bx          0x0000ef98        0x0
 .v4_bx         0x00000000        0x0 linker stubs

.iplt           0x0000ef98        0x0
 .iplt          0x00000000        0x0 c:/program files (x86)/cypress/psoc creator/3.3/psoc creator/import/gnu/arm/4.9.3/bin/../lib/gcc/arm-none-eabi/4.9.3/armv7-m/crtbegin.o

.eh_frame_hdr
 *(.eh_frame_hdr)

.eh_frame       0x0000ef98        0x4
 *(.eh_frame)
 .eh_frame      0x0000ef98        0x0 c:/program files (x86)/cypress/psoc creator/3.3/psoc creator/import/gnu/arm/4.9.3/bin/../lib/gcc/arm-none-eabi/4.9.3/armv7-m/crtbegin.o
 .eh_frame      0x0000ef98        0x0 c:/program files (x86)/cypress/psoc creator/3.3/psoc creator/import/gnu/arm/4.9.3/bin/../lib/gcc/arm-none-eabi/4.9.3/../../../../arm-none-eabi/lib/armv7-m\libg_nano.a(lib_a-strcmp.o)
                                 0x28 (size before relaxing)
 .eh_frame      0x0000ef98        0x4 c:/program files (x86)/cypress/psoc creator/3.3/psoc creator/import/gnu/arm/4.9.3/bin/../lib/gcc/arm-none-eabi/4.9.3/armv7-m/crtend.o
                0x0000ef9c                PROVIDE (__exidx_start, .)

.ARM.exidx
 *(.ARM.exidx* .gnu.linkonce.armexidx.*)
                0x0000ef9c                __exidx_end = .

.rodata         0x0000efa0      0x248
 *(.rodata .rodata.* .gnu.linkonce.r.*)
 .rodata        0x0000efa0        0xc .\CortexM3\ARM_GCC_493\Debug\Protocolo.o
 .rodata        0x0000efac       0x48 .\CortexM3\ARM_GCC_493\Debug\LCD.o
 .rodata        0x0000eff4       0x58 .\CortexM3\ARM_GCC_493\Debug\BBB.a(cyfitter_cfg.o)
 .rodata.str1.1
                0x0000f04c        0x2 c:/program files (x86)/cypress/psoc creator/3.3/psoc creator/import/gnu/arm/4.9.3/bin/../lib/gcc/arm-none-eabi/4.9.3/../../../../arm-none-eabi/lib/armv7-m\libg_nano.a(lib_a-impure.o)
 *fill*         0x0000f04e        0x2 
 .rodata.fpinan.5309
                0x0000f050       0x14 c:/program files (x86)/cypress/psoc creator/3.3/psoc creator/import/gnu/arm/4.9.3/bin/../lib/gcc/arm-none-eabi/4.9.3/../../../../arm-none-eabi/lib/armv7-m\libg_nano.a(lib_a-strtod.o)
 .rodata.str1.1
                0x0000f064        0xc c:/program files (x86)/cypress/psoc creator/3.3/psoc creator/import/gnu/arm/4.9.3/bin/../lib/gcc/arm-none-eabi/4.9.3/../../../../arm-none-eabi/lib/armv7-m\libg_nano.a(lib_a-strtod.o)
 .rodata.tinytens
                0x0000f070       0x28 c:/program files (x86)/cypress/psoc creator/3.3/psoc creator/import/gnu/arm/4.9.3/bin/../lib/gcc/arm-none-eabi/4.9.3/../../../../arm-none-eabi/lib/armv7-m\libg_nano.a(lib_a-strtod.o)
 .rodata.fpi.5273
                0x0000f098       0x14 c:/program files (x86)/cypress/psoc creator/3.3/psoc creator/import/gnu/arm/4.9.3/bin/../lib/gcc/arm-none-eabi/4.9.3/../../../../arm-none-eabi/lib/armv7-m\libg_nano.a(lib_a-strtod.o)
 .rodata.str1.1
                0x0000f0ac        0x8 c:/program files (x86)/cypress/psoc creator/3.3/psoc creator/import/gnu/arm/4.9.3/bin/../lib/gcc/arm-none-eabi/4.9.3/../../../../arm-none-eabi/lib/armv7-m\libg_nano.a(lib_a-locale.o)
                                  0xb (size before relaxing)
 *fill*         0x0000f0b4        0x4 
 .rodata.__mprec_tens
                0x0000f0b8       0xc8 c:/program files (x86)/cypress/psoc creator/3.3/psoc creator/import/gnu/arm/4.9.3/bin/../lib/gcc/arm-none-eabi/4.9.3/../../../../arm-none-eabi/lib/armv7-m\libg_nano.a(lib_a-mprec.o)
                0x0000f0b8                __mprec_tens
 .rodata.__mprec_bigtens
                0x0000f180       0x28 c:/program files (x86)/cypress/psoc creator/3.3/psoc creator/import/gnu/arm/4.9.3/bin/../lib/gcc/arm-none-eabi/4.9.3/../../../../arm-none-eabi/lib/armv7-m\libg_nano.a(lib_a-mprec.o)
                0x0000f180                __mprec_bigtens
 .rodata.p05.5308
                0x0000f1a8        0xc c:/program files (x86)/cypress/psoc creator/3.3/psoc creator/import/gnu/arm/4.9.3/bin/../lib/gcc/arm-none-eabi/4.9.3/../../../../arm-none-eabi/lib/armv7-m\libg_nano.a(lib_a-mprec.o)
                0x0000f1b4                . = ALIGN (0x4)
 *(.init)
 .init          0x0000f1b4        0x4 c:/program files (x86)/cypress/psoc creator/3.3/psoc creator/import/gnu/arm/4.9.3/bin/../lib/gcc/arm-none-eabi/4.9.3/armv7-m/crti.o
                0x0000f1b4                _init
 .init          0x0000f1b8        0x8 c:/program files (x86)/cypress/psoc creator/3.3/psoc creator/import/gnu/arm/4.9.3/bin/../lib/gcc/arm-none-eabi/4.9.3/armv7-m/crtn.o
                0x0000f1c0                . = ALIGN (0x4)
                0x0000f1c0                __preinit_array_start = .
 *(.preinit_array)
                0x0000f1c0                __preinit_array_end = .
                0x0000f1c0                . = ALIGN (0x4)
                0x0000f1c0                __init_array_start = .
 *(SORT(.init_array.*))
 *(.init_array)
 .init_array    0x0000f1c0        0x4 c:/program files (x86)/cypress/psoc creator/3.3/psoc creator/import/gnu/arm/4.9.3/bin/../lib/gcc/arm-none-eabi/4.9.3/armv7-m/crtbegin.o
 .init_array    0x0000f1c4        0x4 .\CortexM3\ARM_GCC_493\Debug\Cm3Start.o
                0x0000f1c8                __init_array_end = .
                0x0000f1c8                . = ALIGN (0x4)
 *(.fini)
 .fini          0x0000f1c8        0x4 c:/program files (x86)/cypress/psoc creator/3.3/psoc creator/import/gnu/arm/4.9.3/bin/../lib/gcc/arm-none-eabi/4.9.3/armv7-m/crti.o
                0x0000f1c8                _fini
 .fini          0x0000f1cc        0x8 c:/program files (x86)/cypress/psoc creator/3.3/psoc creator/import/gnu/arm/4.9.3/bin/../lib/gcc/arm-none-eabi/4.9.3/armv7-m/crtn.o
                0x0000f1d4                . = ALIGN (0x4)
                0x0000f1d4                __fini_array_start = .
 *(.fini_array)
 .fini_array    0x0000f1d4        0x4 c:/program files (x86)/cypress/psoc creator/3.3/psoc creator/import/gnu/arm/4.9.3/bin/../lib/gcc/arm-none-eabi/4.9.3/armv7-m/crtbegin.o
 *(SORT(.fini_array.*))
                0x0000f1d8                __fini_array_end = .
                0x0000f1d8                . = ALIGN (0x4)
 *crtbegin.o(.ctors)
 *(EXCLUDE_FILE(*crtend.o) .ctors)
 *(SORT(.ctors.*))
 *crtend.o(.ctors)
                0x0000f1d8                . = ALIGN (0x4)
 *crtbegin.o(.dtors)
 *(EXCLUDE_FILE(*crtend.o) .dtors)
 *(SORT(.dtors.*))
 *crtend.o(.dtors)
                0x0000f1d8                . = ALIGN (0x4)
                0x0000f1d8                __cy_regions = .
                0x0000f1d8        0x4 LONG 0xf1e8 __cy_region_init_ram
                0x0000f1dc        0x4 LONG 0x1fff8108 __cy_region_start_data
                0x0000f1e0        0x4 LONG 0x108 __cy_region_init_size_ram
                0x0000f1e4        0x4 LONG 0xe20 __cy_region_zero_size_ram
                0x0000f1e8                __cy_regions_end = .
                0x0000f1e8                . = ALIGN (0x8)
                0x0000f1e8                _etext = .

.ramvectors     0x1fff8000      0x100
                0x1fff8000                __cy_region_start_ram = .
 *(.ramvectors)
 .ramvectors    0x1fff8000      0x100 .\CortexM3\ARM_GCC_493\Debug\Cm3Start.o
                0x1fff8000                CyRamVectors

.noinit         0x1fff8100        0x5
 *(.noinit)
 .noinit        0x1fff8100        0x4 .\CortexM3\ARM_GCC_493\Debug\Cm3Start.o
 .noinit        0x1fff8104        0x1 .\CortexM3\ARM_GCC_493\Debug\BBB.a(CyLib.o)
                0x1fff8104                CyResetStatus

.data           0x1fff8108      0x108 load address 0x0000f1e8
                0x1fff8108                __cy_region_start_data = .
 *(.jcr)
 .jcr           0x1fff8108        0x0 c:/program files (x86)/cypress/psoc creator/3.3/psoc creator/import/gnu/arm/4.9.3/bin/../lib/gcc/arm-none-eabi/4.9.3/armv7-m/crtbegin.o
 .jcr           0x1fff8108        0x4 c:/program files (x86)/cypress/psoc creator/3.3/psoc creator/import/gnu/arm/4.9.3/bin/../lib/gcc/arm-none-eabi/4.9.3/armv7-m/crtend.o
 *(.got.plt)
 *(.got)
 *(.shdata)
 *(.data .data.* .gnu.linkonce.d.*)
 .data          0x1fff810c       0x54 .\CortexM3\ARM_GCC_493\Debug\main.o
                0x1fff810c                letras
                0x1fff8128                clave_config
                0x1fff8130                test
                0x1fff8144                clave_local
                0x1fff8148                diesel
                0x1fff8149                corriente
                0x1fff814a                extra
                0x1fff814b                supremo_diesel
                0x1fff814c                Side1State
                0x1fff814d                Side2State
                0x1fff8150                versionpantalla
 .data          0x1fff8160        0x4 .\CortexM3\ARM_GCC_493\Debug\Cm3Start.o
 .data          0x1fff8164       0x10 .\CortexM3\ARM_GCC_493\Debug\BBB.a(CyLib.o)
                0x1fff8164                cydelay_freq_hz
                0x1fff8168                cydelay_freq_khz
                0x1fff816c                cydelay_freq_mhz
                0x1fff8170                cydelay_32k_ms
 .data.impure_data
                0x1fff8174       0x60 c:/program files (x86)/cypress/psoc creator/3.3/psoc creator/import/gnu/arm/4.9.3/bin/../lib/gcc/arm-none-eabi/4.9.3/../../../../arm-none-eabi/lib/armv7-m\libg_nano.a(lib_a-impure.o)
 .data._impure_ptr
                0x1fff81d4        0x4 c:/program files (x86)/cypress/psoc creator/3.3/psoc creator/import/gnu/arm/4.9.3/bin/../lib/gcc/arm-none-eabi/4.9.3/../../../../arm-none-eabi/lib/armv7-m\libg_nano.a(lib_a-impure.o)
                0x1fff81d4                _impure_ptr
 .data.lconv    0x1fff81d8       0x38 c:/program files (x86)/cypress/psoc creator/3.3/psoc creator/import/gnu/arm/4.9.3/bin/../lib/gcc/arm-none-eabi/4.9.3/../../../../arm-none-eabi/lib/armv7-m\libg_nano.a(lib_a-locale.o)
                0x1fff8210                . = ALIGN (0x8)
 *(.ram)
                0x1fff8210                _edata = .

.igot.plt       0x1fff8210        0x0 load address 0x0000f2f0
 .igot.plt      0x00000000        0x0 c:/program files (x86)/cypress/psoc creator/3.3/psoc creator/import/gnu/arm/4.9.3/bin/../lib/gcc/arm-none-eabi/4.9.3/armv7-m/crtbegin.o

.bss            0x1fff8210      0xe20 load address 0x0000f2f0
                0x1fff8210                PROVIDE (__bss_start__, .)
 *(.shbss)
 *(.bss .bss.* .gnu.linkonce.b.*)
 .bss           0x1fff8210       0x1c c:/program files (x86)/cypress/psoc creator/3.3/psoc creator/import/gnu/arm/4.9.3/bin/../lib/gcc/arm-none-eabi/4.9.3/armv7-m/crtbegin.o
 .bss           0x1fff822c        0x1 .\CortexM3\ARM_GCC_493\Debug\main.o
                0x1fff822c                ppuinicial
 *fill*         0x1fff822d        0x1 
 .bss           0x1fff822e        0xa .\CortexM3\ARM_GCC_493\Debug\BBB.a(Surtidor.o)
                0x1fff822e                Surtidor_initVar
                0x1fff822f                Surtidor_errorStatus
                0x1fff8230                Surtidor_rxBufferRead
                0x1fff8232                Surtidor_rxBufferWrite
                0x1fff8234                Surtidor_rxBufferLoopDetect
                0x1fff8235                Surtidor_rxBufferOverflow
 .bss           0x1fff8238        0x7 .\CortexM3\ARM_GCC_493\Debug\BBB.a(Impresora.o)
                0x1fff8238                Impresora_initVar
                0x1fff8239                Impresora_errorStatus
                0x1fff823a                Impresora_rxBufferRead
                0x1fff823b                Impresora_rxBufferWrite
                0x1fff823c                Impresora_rxBufferLoopDetect
                0x1fff823d                Impresora_rxBufferOverflow
 *fill*         0x1fff823f        0x1 
 .bss           0x1fff8240        0xa .\CortexM3\ARM_GCC_493\Debug\BBB.a(PC.o)
                0x1fff8240                PC_initVar
                0x1fff8241                PC_errorStatus
                0x1fff8242                PC_rxBufferRead
                0x1fff8244                PC_rxBufferWrite
                0x1fff8246                PC_rxBufferLoopDetect
                0x1fff8247                PC_rxBufferOverflow
 .bss           0x1fff824a        0x1 .\CortexM3\ARM_GCC_493\Debug\BBB.a(I2C_1.o)
                0x1fff824a                I2C_1_initVar
 .bss           0x1fff824b        0x7 .\CortexM3\ARM_GCC_493\Debug\BBB.a(LCD_1.o)
                0x1fff824b                LCD_1_initVar
                0x1fff824c                LCD_1_errorStatus
                0x1fff824d                LCD_1_rxBufferRead
                0x1fff824e                LCD_1_rxBufferWrite
                0x1fff824f                LCD_1_rxBufferLoopDetect
                0x1fff8250                LCD_1_rxBufferOverflow
 .bss           0x1fff8252        0x7 .\CortexM3\ARM_GCC_493\Debug\BBB.a(LCD_2.o)
                0x1fff8252                LCD_2_initVar
                0x1fff8253                LCD_2_errorStatus
                0x1fff8254                LCD_2_rxBufferRead
                0x1fff8255                LCD_2_rxBufferWrite
                0x1fff8256                LCD_2_rxBufferLoopDetect
                0x1fff8257                LCD_2_rxBufferOverflow
 .bss           0x1fff8259        0x1 .\CortexM3\ARM_GCC_493\Debug\BBB.a(Timer_Animacion.o)
                0x1fff8259                Timer_Animacion_initVar
 .bss           0x1fff825a        0x1 .\CortexM3\ARM_GCC_493\Debug\BBB.a(Timer_Animacion2.o)
                0x1fff825a                Timer_Animacion2_initVar
 .bss           0x1fff825b        0x1 .\CortexM3\ARM_GCC_493\Debug\BBB.a(Timer_RxSurtidor.o)
                0x1fff825b                Timer_RxSurtidor_initVar
 .bss           0x1fff825c        0x7 .\CortexM3\ARM_GCC_493\Debug\BBB.a(LP.o)
                0x1fff825c                LP_initVar
                0x1fff825d                LP_errorStatus
                0x1fff825e                LP_rxBufferRead
                0x1fff825f                LP_rxBufferWrite
                0x1fff8260                LP_rxBufferLoopDetect
                0x1fff8261                LP_rxBufferOverflow
 *fill*         0x1fff8263        0x1 
 .bss           0x1fff8264        0x8 .\CortexM3\ARM_GCC_493\Debug\BBB.a(CySpc.o)
                0x1fff8264                SpcLockState
 .bss.__malloc_sbrk_start
                0x1fff826c        0x4 c:/program files (x86)/cypress/psoc creator/3.3/psoc creator/import/gnu/arm/4.9.3/bin/../lib/gcc/arm-none-eabi/4.9.3/../../../../arm-none-eabi/lib/armv7-m\libg_nano.a(lib_a-nano-mallocr.o)
                0x1fff826c                __malloc_sbrk_start
 .bss.__malloc_free_list
                0x1fff8270        0x4 c:/program files (x86)/cypress/psoc creator/3.3/psoc creator/import/gnu/arm/4.9.3/bin/../lib/gcc/arm-none-eabi/4.9.3/../../../../arm-none-eabi/lib/armv7-m\libg_nano.a(lib_a-nano-mallocr.o)
                0x1fff8270                __malloc_free_list
 *(COMMON)
 COMMON         0x1fff8274      0x51a .\CortexM3\ARM_GCC_493\Debug\main.o
                0x1fff8274                status1st
                0x1fff8275                comas1
                0x1fff8278                lado2
                0x1fff82d5                id_coma1
                0x1fff82d8                km
                0x1fff82da                count_esperaBBB2
                0x1fff82dc                num_decimal2
                0x1fff82e0                Productos
                0x1fff82e4                count_protector2
                0x1fff82e8                hora
                0x1fff82ec                nit
                0x1fff82fb                id_teclado1
                0x1fff82fc                version
                0x1fff8300                posy1
                0x1fff8304                direccion
                0x1fff8328                lema2
                0x1fff8348                status2LP
                0x1fff8349                crc_total
                0x1fff834a                sinIdentificacionL2
                0x1fff834b                status1LP
                0x1fff834c                id_teclado2
                0x1fff834e                timeout_autorizacion
                0x1fff8350                ok_datosRF
                0x1fff8351                id_coma2
                0x1fff8352                imagen_grado
                0x1fff8354                trama_totales
                0x1fff841c                idaux
                0x1fff8424                sizeletra1
                0x1fff8426                flujo_LCD2
                0x1fff8428                sizeletra2
                0x1fff842a                teclas1
                0x1fff842b                comas2
                0x1fff842c                ok_RF
                0x1fff8430                buffer_i2c
                0x1fff8470                nombre_pro2
                0x1fff8484                rf_mod
                0x1fff854c                count_protector
                0x1fff8550                id_estacion
                0x1fff8558                id_venta
                0x1fff8560                count_esperaBBB
                0x1fff8564                id_logo
                0x1fff8566                ppux10
                0x1fff8567                count_teclas1
                0x1fff8568                posy2
                0x1fff856a                state_rf
                0x1fff856c                nombre_pro1
                0x1fff857d                flujo_LCD1
                0x1fff8580                rventa2
                0x1fff85e8                telefono
                0x1fff85fc                sinIdentificacionL1
                0x1fff8600                print1
                0x1fff8602                posx2
                0x1fff8604                nombre_pro3
                0x1fff8618                password_lcd
                0x1fff8624                fecha
                0x1fff8628                nombre
                0x1fff864c                Buffer_LCD1
                0x1fff866a                status2st
                0x1fff866b                teclas2
                0x1fff866c                print2
                0x1fff866e                estado_tanqueando
                0x1fff8670                lado1
                0x1fff86cd                estado_tanqueando2
                0x1fff86ce                posx1
                0x1fff86d0                count_teclas2
                0x1fff86d4                lema1
                0x1fff86f4                timeout_autorizacion2
                0x1fff86f8                rventa1
                0x1fff8760                bloqueo_LCD
                0x1fff8764                Buffer_LCD2
                0x1fff8784                prox_caso
                0x1fff878c                v_digitos_1
                0x1fff878d                Producto
 COMMON         0x1fff878e        0x1 .\CortexM3\ARM_GCC_493\Debug\Protocolo.o
                0x1fff878e                rx_timeout
 *fill*         0x1fff878f        0x1 
 COMMON         0x1fff8790      0x100 .\CortexM3\ARM_GCC_493\Debug\BBB.a(Surtidor.o)
                0x1fff8790                Surtidor_rxBuffer
 COMMON         0x1fff8890       0xc8 .\CortexM3\ARM_GCC_493\Debug\BBB.a(Impresora.o)
                0x1fff8890                Impresora_rxBuffer
 COMMON         0x1fff8958      0x5dc .\CortexM3\ARM_GCC_493\Debug\BBB.a(PC.o)
                0x1fff8958                PC_rxBuffer
 COMMON         0x1fff8f34        0x1 .\CortexM3\ARM_GCC_493\Debug\BBB.a(I2C_1.o)
                0x1fff8f34                I2C_1_state
 *fill*         0x1fff8f35        0x3 
 COMMON         0x1fff8f38       0x11 .\CortexM3\ARM_GCC_493\Debug\BBB.a(I2C_1_MASTER.o)
                0x1fff8f38                I2C_1_mstrWrBufIndex
                0x1fff8f39                I2C_1_mstrControl
                0x1fff8f3a                I2C_1_mstrStatus
                0x1fff8f3b                I2C_1_mstrWrBufSize
                0x1fff8f3c                I2C_1_mstrRdBufIndex
                0x1fff8f40                I2C_1_mstrWrBufPtr
                0x1fff8f44                I2C_1_mstrRdBufPtr
                0x1fff8f48                I2C_1_mstrRdBufSize
 *fill*         0x1fff8f49        0x3 
 COMMON         0x1fff8f4c        0x8 .\CortexM3\ARM_GCC_493\Debug\BBB.a(LCD_1.o)
                0x1fff8f4c                LCD_1_rxBuffer
 COMMON         0x1fff8f54        0x8 .\CortexM3\ARM_GCC_493\Debug\BBB.a(LCD_2.o)
                0x1fff8f54                LCD_2_rxBuffer
 COMMON         0x1fff8f5c       0xc8 .\CortexM3\ARM_GCC_493\Debug\BBB.a(LP.o)
                0x1fff8f5c                LP_rxBuffer
 COMMON         0x1fff9024        0x2 .\CortexM3\ARM_GCC_493\Debug\BBB.a(CyFlash.o)
                0x1fff9024                dieTemperature
 *fill*         0x1fff9026        0x2 
 COMMON         0x1fff9028        0x4 c:/program files (x86)/cypress/psoc creator/3.3/psoc creator/import/gnu/arm/4.9.3/bin/../lib/gcc/arm-none-eabi/4.9.3/../../../../arm-none-eabi/lib/armv7-m\libg_nano.a(lib_a-reent.o)
                0x1fff9028                errno
                0x1fff9030                . = ALIGN (0x8)
 *fill*         0x1fff902c        0x4 
 *(.ram.b)
                0x1fff9030                _end = .
                0x1fff9030                __end = .
                0x1fff9030                PROVIDE (end, .)
                0x1fff9030                PROVIDE (__bss_end__, .)
                0x0000f1e8                __cy_region_init_ram = LOADADDR (.data)
                0x00000108                __cy_region_init_size_ram = (_edata - ADDR (.data))
                0x00000e20                __cy_region_zero_size_ram = (_end - _edata)

.heap           0x1fff9030     0x1000 load address 0x0000f2f0
                0x1fff9030                . = _end
                0x1fffa030                . = (. + 0x1000)
 *fill*         0x1fff9030     0x1000 
                0x1fffa030                __cy_heap_limit = .

.stack          0x20004000     0x4000
                0x20004000                __cy_stack_limit = .
                0x20008000                . = (. + 0x4000)
 *fill*         0x20004000     0x4000 
                0x00000001                ASSERT ((__cy_stack_limit >= __cy_heap_limit), region RAM overflowed with stack)

.cyloadermeta
 *(.cyloadermeta)

.cyloadablemeta
 *(.cyloadablemeta)

.cyconfigecc    0x80000000     0x12dc
 *(.cyconfigecc)
 .cyconfigecc   0x80000000     0x12dc .\CortexM3\ARM_GCC_493\Debug\cymetadata.o
                0x80000000                cy_meta_configecc

.cycustnvl      0x90000000        0x4
 *(.cycustnvl)
 .cycustnvl     0x90000000        0x4 .\CortexM3\ARM_GCC_493\Debug\cymetadata.o
                0x90000000                cy_meta_custnvl

.cywolatch      0x90100000        0x4
 *(.cywolatch)
 .cywolatch     0x90100000        0x4 .\CortexM3\ARM_GCC_493\Debug\cymetadata.o
                0x90100000                cy_meta_wonvl

.cyeeprom       0x90200000        0x0
 *(.cyeeprom)
                0x00000001                ASSERT ((. <= ((0x90200000 + ee_offset) + ee_size)), .cyeeprom data will not fit in EEPROM)

.cyflashprotect
                0x90400000      0x100
 *(.cyflashprotect)
 .cyflashprotect
                0x90400000      0x100 .\CortexM3\ARM_GCC_493\Debug\cymetadata.o
                0x90400000                cy_meta_flashprotect

.cymeta         0x90500000        0xc
 *(.cymeta)
 .cymeta        0x90500000        0xc .\CortexM3\ARM_GCC_493\Debug\cymetadata.o
                0x90500000                cy_metadata

.rel.dyn        0x0000f2f0        0x0 load address 0x9050000c
 .rel.iplt      0x00000000        0x0 c:/program files (x86)/cypress/psoc creator/3.3/psoc creator/import/gnu/arm/4.9.3/bin/../lib/gcc/arm-none-eabi/4.9.3/armv7-m/crtbegin.o

.stab
 *(.stab)

.stabstr
 *(.stabstr)

.debug
 *(.debug)

.line
 *(.line)

.debug_srcinfo
 *(.debug_srcinfo)

.debug_sfnames
 *(.debug_sfnames)

.debug_aranges  0x00000000     0x15a0
 *(.debug_aranges)
 .debug_aranges
                0x00000000       0x80 .\CortexM3\ARM_GCC_493\Debug\main.o
 .debug_aranges
                0x00000080       0x68 .\CortexM3\ARM_GCC_493\Debug\Protocolo.o
 .debug_aranges
                0x000000e8       0x28 .\CortexM3\ARM_GCC_493\Debug\Print.o
 .debug_aranges
                0x00000110       0x40 .\CortexM3\ARM_GCC_493\Debug\LCD.o
 .debug_aranges
                0x00000150       0x38 .\CortexM3\ARM_GCC_493\Debug\ibuton.o
 .debug_aranges
                0x00000188       0x40 .\CortexM3\ARM_GCC_493\Debug\I2C.o
 .debug_aranges
                0x000001c8       0x48 .\CortexM3\ARM_GCC_493\Debug\Cm3Start.o
 .debug_aranges
                0x00000210       0x18 .\CortexM3\ARM_GCC_493\Debug\cymetadata.o
 .debug_aranges
                0x00000228       0x60 .\CortexM3\ARM_GCC_493\Debug\BBB.a(cyfitter_cfg.o)
 .debug_aranges
                0x00000288       0x20 .\CortexM3\ARM_GCC_493\Debug\BBB.a(CyBootAsmGnu.o)
 .debug_aranges
                0x000002a8      0x298 .\CortexM3\ARM_GCC_493\Debug\BBB.a(CyLib.o)
 .debug_aranges
                0x00000540       0x98 .\CortexM3\ARM_GCC_493\Debug\BBB.a(cyPm.o)
 .debug_aranges
                0x000005d8       0xf0 .\CortexM3\ARM_GCC_493\Debug\BBB.a(Surtidor.o)
 .debug_aranges
                0x000006c8       0x20 .\CortexM3\ARM_GCC_493\Debug\BBB.a(Surtidor_INT.o)
 .debug_aranges
                0x000006e8       0xf0 .\CortexM3\ARM_GCC_493\Debug\BBB.a(Impresora.o)
 .debug_aranges
                0x000007d8       0x20 .\CortexM3\ARM_GCC_493\Debug\BBB.a(Impresora_INT.o)
 .debug_aranges
                0x000007f8       0xf0 .\CortexM3\ARM_GCC_493\Debug\BBB.a(PC.o)
 .debug_aranges
                0x000008e8       0x20 .\CortexM3\ARM_GCC_493\Debug\BBB.a(PC_INT.o)
 .debug_aranges
                0x00000908       0x38 .\CortexM3\ARM_GCC_493\Debug\BBB.a(I2C_1.o)
 .debug_aranges
                0x00000940       0x20 .\CortexM3\ARM_GCC_493\Debug\BBB.a(I2C_1_INT.o)
 .debug_aranges
                0x00000960       0x38 .\CortexM3\ARM_GCC_493\Debug\BBB.a(I2C_1_PM.o)
 .debug_aranges
                0x00000998       0x80 .\CortexM3\ARM_GCC_493\Debug\BBB.a(I2C_1_MASTER.o)
 .debug_aranges
                0x00000a18       0x80 .\CortexM3\ARM_GCC_493\Debug\BBB.a(isr_1.o)
 .debug_aranges
                0x00000a98       0x70 .\CortexM3\ARM_GCC_493\Debug\BBB.a(Impresora_IntClock.o)
 .debug_aranges
                0x00000b08       0x70 .\CortexM3\ARM_GCC_493\Debug\BBB.a(PC_IntClock.o)
 .debug_aranges
                0x00000b78       0xf0 .\CortexM3\ARM_GCC_493\Debug\BBB.a(LCD_1.o)
 .debug_aranges
                0x00000c68       0x20 .\CortexM3\ARM_GCC_493\Debug\BBB.a(LCD_1_INT.o)
 .debug_aranges
                0x00000c88       0xf0 .\CortexM3\ARM_GCC_493\Debug\BBB.a(LCD_2.o)
 .debug_aranges
                0x00000d78       0x20 .\CortexM3\ARM_GCC_493\Debug\BBB.a(LCD_2_INT.o)
 .debug_aranges
                0x00000d98       0x70 .\CortexM3\ARM_GCC_493\Debug\BBB.a(LCD_1_IntClock.o)
 .debug_aranges
                0x00000e08       0x70 .\CortexM3\ARM_GCC_493\Debug\BBB.a(LCD_2_IntClock.o)
 .debug_aranges
                0x00000e78       0x38 .\CortexM3\ARM_GCC_493\Debug\BBB.a(IB1.o)
 .debug_aranges
                0x00000eb0       0x38 .\CortexM3\ARM_GCC_493\Debug\BBB.a(IB2.o)
 .debug_aranges
                0x00000ee8       0x80 .\CortexM3\ARM_GCC_493\Debug\BBB.a(isr_3.o)
 .debug_aranges
                0x00000f68       0x88 .\CortexM3\ARM_GCC_493\Debug\BBB.a(Timer_Animacion.o)
 .debug_aranges
                0x00000ff0       0x88 .\CortexM3\ARM_GCC_493\Debug\BBB.a(Timer_Animacion2.o)
 .debug_aranges
                0x00001078       0x80 .\CortexM3\ARM_GCC_493\Debug\BBB.a(isr_4.o)
 .debug_aranges
                0x000010f8       0x88 .\CortexM3\ARM_GCC_493\Debug\BBB.a(Timer_Modo.o)
 .debug_aranges
                0x00001180       0x88 .\CortexM3\ARM_GCC_493\Debug\BBB.a(Timer_RxSurtidor.o)
 .debug_aranges
                0x00001208       0x78 .\CortexM3\ARM_GCC_493\Debug\BBB.a(EEPROM.o)
 .debug_aranges
                0x00001280       0xf0 .\CortexM3\ARM_GCC_493\Debug\BBB.a(LP.o)
 .debug_aranges
                0x00001370       0x20 .\CortexM3\ARM_GCC_493\Debug\BBB.a(LP_INT.o)
 .debug_aranges
                0x00001390       0x38 .\CortexM3\ARM_GCC_493\Debug\BBB.a(Pin_1.o)
 .debug_aranges
                0x000013c8       0x38 .\CortexM3\ARM_GCC_493\Debug\BBB.a(Pin_2.o)
 .debug_aranges
                0x00001400       0x38 .\CortexM3\ARM_GCC_493\Debug\BBB.a(Pin_3.o)
 .debug_aranges
                0x00001438       0x38 .\CortexM3\ARM_GCC_493\Debug\BBB.a(Pin_4.o)
 .debug_aranges
                0x00001470       0x38 .\CortexM3\ARM_GCC_493\Debug\BBB.a(Pin_5.o)
 .debug_aranges
                0x000014a8       0x80 .\CortexM3\ARM_GCC_493\Debug\BBB.a(CyFlash.o)
 .debug_aranges
                0x00001528       0x78 .\CortexM3\ARM_GCC_493\Debug\BBB.a(CySpc.o)

.debug_pubnames
 *(.debug_pubnames)

.debug_info     0x00000000     0xbb9d
 *(.debug_info .gnu.linkonce.wi.*)
 .debug_info    0x00000000      0xd4e .\CortexM3\ARM_GCC_493\Debug\main.o
 .debug_info    0x00000d4e      0xb2a .\CortexM3\ARM_GCC_493\Debug\Protocolo.o
 .debug_info    0x00001878      0xbe3 .\CortexM3\ARM_GCC_493\Debug\Print.o
 .debug_info    0x0000245b      0x959 .\CortexM3\ARM_GCC_493\Debug\LCD.o
 .debug_info    0x00002db4      0x896 .\CortexM3\ARM_GCC_493\Debug\ibuton.o
 .debug_info    0x0000364a      0x8e4 .\CortexM3\ARM_GCC_493\Debug\I2C.o
 .debug_info    0x00003f2e      0x317 .\CortexM3\ARM_GCC_493\Debug\Cm3Start.o
 .debug_info    0x00004245      0x13e .\CortexM3\ARM_GCC_493\Debug\cymetadata.o
 .debug_info    0x00004383      0x448 .\CortexM3\ARM_GCC_493\Debug\BBB.a(cyfitter_cfg.o)
 .debug_info    0x000047cb       0x84 .\CortexM3\ARM_GCC_493\Debug\BBB.a(CyBootAsmGnu.o)
 .debug_info    0x0000484f      0xe31 .\CortexM3\ARM_GCC_493\Debug\BBB.a(CyLib.o)
 .debug_info    0x00005680      0x55f .\CortexM3\ARM_GCC_493\Debug\BBB.a(cyPm.o)
 .debug_info    0x00005bdf      0x5ec .\CortexM3\ARM_GCC_493\Debug\BBB.a(Surtidor.o)
 .debug_info    0x000061cb      0x151 .\CortexM3\ARM_GCC_493\Debug\BBB.a(Surtidor_INT.o)
 .debug_info    0x0000631c      0x5e7 .\CortexM3\ARM_GCC_493\Debug\BBB.a(Impresora.o)
 .debug_info    0x00006903      0x141 .\CortexM3\ARM_GCC_493\Debug\BBB.a(Impresora_INT.o)
 .debug_info    0x00006a44      0x5ed .\CortexM3\ARM_GCC_493\Debug\BBB.a(PC.o)
 .debug_info    0x00007031      0x152 .\CortexM3\ARM_GCC_493\Debug\BBB.a(PC_INT.o)
 .debug_info    0x00007183      0x1f7 .\CortexM3\ARM_GCC_493\Debug\BBB.a(I2C_1.o)
 .debug_info    0x0000737a      0x14d .\CortexM3\ARM_GCC_493\Debug\BBB.a(I2C_1_INT.o)
 .debug_info    0x000074c7      0x190 .\CortexM3\ARM_GCC_493\Debug\BBB.a(I2C_1_PM.o)
 .debug_info    0x00007657      0x3ef .\CortexM3\ARM_GCC_493\Debug\BBB.a(I2C_1_MASTER.o)
 .debug_info    0x00007a46      0x238 .\CortexM3\ARM_GCC_493\Debug\BBB.a(isr_1.o)
 .debug_info    0x00007c7e      0x25b .\CortexM3\ARM_GCC_493\Debug\BBB.a(Impresora_IntClock.o)
 .debug_info    0x00007ed9      0x25b .\CortexM3\ARM_GCC_493\Debug\BBB.a(PC_IntClock.o)
 .debug_info    0x00008134      0x5e7 .\CortexM3\ARM_GCC_493\Debug\BBB.a(LCD_1.o)
 .debug_info    0x0000871b      0x141 .\CortexM3\ARM_GCC_493\Debug\BBB.a(LCD_1_INT.o)
 .debug_info    0x0000885c      0x5e7 .\CortexM3\ARM_GCC_493\Debug\BBB.a(LCD_2.o)
 .debug_info    0x00008e43      0x141 .\CortexM3\ARM_GCC_493\Debug\BBB.a(LCD_2_INT.o)
 .debug_info    0x00008f84      0x25b .\CortexM3\ARM_GCC_493\Debug\BBB.a(LCD_1_IntClock.o)
 .debug_info    0x000091df      0x25b .\CortexM3\ARM_GCC_493\Debug\BBB.a(LCD_2_IntClock.o)
 .debug_info    0x0000943a      0x11d .\CortexM3\ARM_GCC_493\Debug\BBB.a(IB1.o)
 .debug_info    0x00009557      0x11d .\CortexM3\ARM_GCC_493\Debug\BBB.a(IB2.o)
 .debug_info    0x00009674      0x238 .\CortexM3\ARM_GCC_493\Debug\BBB.a(isr_3.o)
 .debug_info    0x000098ac      0x23c .\CortexM3\ARM_GCC_493\Debug\BBB.a(Timer_Animacion.o)
 .debug_info    0x00009ae8      0x23c .\CortexM3\ARM_GCC_493\Debug\BBB.a(Timer_Animacion2.o)
 .debug_info    0x00009d24      0x238 .\CortexM3\ARM_GCC_493\Debug\BBB.a(isr_4.o)
 .debug_info    0x00009f5c      0x23c .\CortexM3\ARM_GCC_493\Debug\BBB.a(Timer_Modo.o)
 .debug_info    0x0000a198      0x23c .\CortexM3\ARM_GCC_493\Debug\BBB.a(Timer_RxSurtidor.o)
 .debug_info    0x0000a3d4      0x350 .\CortexM3\ARM_GCC_493\Debug\BBB.a(EEPROM.o)
 .debug_info    0x0000a724      0x5e7 .\CortexM3\ARM_GCC_493\Debug\BBB.a(LP.o)
 .debug_info    0x0000ad0b      0x141 .\CortexM3\ARM_GCC_493\Debug\BBB.a(LP_INT.o)
 .debug_info    0x0000ae4c      0x11d .\CortexM3\ARM_GCC_493\Debug\BBB.a(Pin_1.o)
 .debug_info    0x0000af69      0x11d .\CortexM3\ARM_GCC_493\Debug\BBB.a(Pin_2.o)
 .debug_info    0x0000b086      0x11d .\CortexM3\ARM_GCC_493\Debug\BBB.a(Pin_3.o)
 .debug_info    0x0000b1a3      0x11d .\CortexM3\ARM_GCC_493\Debug\BBB.a(Pin_4.o)
 .debug_info    0x0000b2c0      0x11d .\CortexM3\ARM_GCC_493\Debug\BBB.a(Pin_5.o)
 .debug_info    0x0000b3dd      0x36a .\CortexM3\ARM_GCC_493\Debug\BBB.a(CyFlash.o)
 .debug_info    0x0000b747      0x456 .\CortexM3\ARM_GCC_493\Debug\BBB.a(CySpc.o)

.debug_abbrev   0x00000000     0x343e
 *(.debug_abbrev)
 .debug_abbrev  0x00000000      0x1c1 .\CortexM3\ARM_GCC_493\Debug\main.o
 .debug_abbrev  0x000001c1      0x1a6 .\CortexM3\ARM_GCC_493\Debug\Protocolo.o
 .debug_abbrev  0x00000367      0x166 .\CortexM3\ARM_GCC_493\Debug\Print.o
 .debug_abbrev  0x000004cd      0x106 .\CortexM3\ARM_GCC_493\Debug\LCD.o
 .debug_abbrev  0x000005d3      0x124 .\CortexM3\ARM_GCC_493\Debug\ibuton.o
 .debug_abbrev  0x000006f7      0x113 .\CortexM3\ARM_GCC_493\Debug\I2C.o
 .debug_abbrev  0x0000080a      0x1b6 .\CortexM3\ARM_GCC_493\Debug\Cm3Start.o
 .debug_abbrev  0x000009c0       0x77 .\CortexM3\ARM_GCC_493\Debug\cymetadata.o
 .debug_abbrev  0x00000a37      0x1b7 .\CortexM3\ARM_GCC_493\Debug\BBB.a(cyfitter_cfg.o)
 .debug_abbrev  0x00000bee       0x14 .\CortexM3\ARM_GCC_493\Debug\BBB.a(CyBootAsmGnu.o)
 .debug_abbrev  0x00000c02      0x217 .\CortexM3\ARM_GCC_493\Debug\BBB.a(CyLib.o)
 .debug_abbrev  0x00000e19      0x16e .\CortexM3\ARM_GCC_493\Debug\BBB.a(cyPm.o)
 .debug_abbrev  0x00000f87      0x16c .\CortexM3\ARM_GCC_493\Debug\BBB.a(Surtidor.o)
 .debug_abbrev  0x000010f3       0x97 .\CortexM3\ARM_GCC_493\Debug\BBB.a(Surtidor_INT.o)
 .debug_abbrev  0x0000118a      0x16c .\CortexM3\ARM_GCC_493\Debug\BBB.a(Impresora.o)
 .debug_abbrev  0x000012f6       0x97 .\CortexM3\ARM_GCC_493\Debug\BBB.a(Impresora_INT.o)
 .debug_abbrev  0x0000138d      0x16c .\CortexM3\ARM_GCC_493\Debug\BBB.a(PC.o)
 .debug_abbrev  0x000014f9       0x97 .\CortexM3\ARM_GCC_493\Debug\BBB.a(PC_INT.o)
 .debug_abbrev  0x00001590       0xe2 .\CortexM3\ARM_GCC_493\Debug\BBB.a(I2C_1.o)
 .debug_abbrev  0x00001672       0x8e .\CortexM3\ARM_GCC_493\Debug\BBB.a(I2C_1_INT.o)
 .debug_abbrev  0x00001700       0xf8 .\CortexM3\ARM_GCC_493\Debug\BBB.a(I2C_1_PM.o)
 .debug_abbrev  0x000017f8      0x12b .\CortexM3\ARM_GCC_493\Debug\BBB.a(I2C_1_MASTER.o)
 .debug_abbrev  0x00001923      0x17f .\CortexM3\ARM_GCC_493\Debug\BBB.a(isr_1.o)
 .debug_abbrev  0x00001aa2      0x12a .\CortexM3\ARM_GCC_493\Debug\BBB.a(Impresora_IntClock.o)
 .debug_abbrev  0x00001bcc      0x12a .\CortexM3\ARM_GCC_493\Debug\BBB.a(PC_IntClock.o)
 .debug_abbrev  0x00001cf6      0x16c .\CortexM3\ARM_GCC_493\Debug\BBB.a(LCD_1.o)
 .debug_abbrev  0x00001e62       0x97 .\CortexM3\ARM_GCC_493\Debug\BBB.a(LCD_1_INT.o)
 .debug_abbrev  0x00001ef9      0x16c .\CortexM3\ARM_GCC_493\Debug\BBB.a(LCD_2.o)
 .debug_abbrev  0x00002065       0x97 .\CortexM3\ARM_GCC_493\Debug\BBB.a(LCD_2_INT.o)
 .debug_abbrev  0x000020fc      0x12a .\CortexM3\ARM_GCC_493\Debug\BBB.a(LCD_1_IntClock.o)
 .debug_abbrev  0x00002226      0x12a .\CortexM3\ARM_GCC_493\Debug\BBB.a(LCD_2_IntClock.o)
 .debug_abbrev  0x00002350       0x9d .\CortexM3\ARM_GCC_493\Debug\BBB.a(IB1.o)
 .debug_abbrev  0x000023ed       0x9d .\CortexM3\ARM_GCC_493\Debug\BBB.a(IB2.o)
 .debug_abbrev  0x0000248a      0x17f .\CortexM3\ARM_GCC_493\Debug\BBB.a(isr_3.o)
 .debug_abbrev  0x00002609       0xf6 .\CortexM3\ARM_GCC_493\Debug\BBB.a(Timer_Animacion.o)
 .debug_abbrev  0x000026ff       0xf6 .\CortexM3\ARM_GCC_493\Debug\BBB.a(Timer_Animacion2.o)
 .debug_abbrev  0x000027f5      0x17f .\CortexM3\ARM_GCC_493\Debug\BBB.a(isr_4.o)
 .debug_abbrev  0x00002974       0xf6 .\CortexM3\ARM_GCC_493\Debug\BBB.a(Timer_Modo.o)
 .debug_abbrev  0x00002a6a       0xf6 .\CortexM3\ARM_GCC_493\Debug\BBB.a(Timer_RxSurtidor.o)
 .debug_abbrev  0x00002b60      0x124 .\CortexM3\ARM_GCC_493\Debug\BBB.a(EEPROM.o)
 .debug_abbrev  0x00002c84      0x16c .\CortexM3\ARM_GCC_493\Debug\BBB.a(LP.o)
 .debug_abbrev  0x00002df0       0x97 .\CortexM3\ARM_GCC_493\Debug\BBB.a(LP_INT.o)
 .debug_abbrev  0x00002e87       0x9d .\CortexM3\ARM_GCC_493\Debug\BBB.a(Pin_1.o)
 .debug_abbrev  0x00002f24       0x9d .\CortexM3\ARM_GCC_493\Debug\BBB.a(Pin_2.o)
 .debug_abbrev  0x00002fc1       0x9d .\CortexM3\ARM_GCC_493\Debug\BBB.a(Pin_3.o)
 .debug_abbrev  0x0000305e       0x9d .\CortexM3\ARM_GCC_493\Debug\BBB.a(Pin_4.o)
 .debug_abbrev  0x000030fb       0x9d .\CortexM3\ARM_GCC_493\Debug\BBB.a(Pin_5.o)
 .debug_abbrev  0x00003198      0x12d .\CortexM3\ARM_GCC_493\Debug\BBB.a(CyFlash.o)
 .debug_abbrev  0x000032c5      0x179 .\CortexM3\ARM_GCC_493\Debug\BBB.a(CySpc.o)

.debug_line     0x00000000     0x7682
 *(.debug_line)
 .debug_line    0x00000000     0x18d2 .\CortexM3\ARM_GCC_493\Debug\main.o
 .debug_line    0x000018d2      0xb06 .\CortexM3\ARM_GCC_493\Debug\Protocolo.o
 .debug_line    0x000023d8      0x55a .\CortexM3\ARM_GCC_493\Debug\Print.o
 .debug_line    0x00002932      0x25e .\CortexM3\ARM_GCC_493\Debug\LCD.o
 .debug_line    0x00002b90      0x290 .\CortexM3\ARM_GCC_493\Debug\ibuton.o
 .debug_line    0x00002e20      0x255 .\CortexM3\ARM_GCC_493\Debug\I2C.o
 .debug_line    0x00003075      0x1d3 .\CortexM3\ARM_GCC_493\Debug\Cm3Start.o
 .debug_line    0x00003248       0x53 .\CortexM3\ARM_GCC_493\Debug\cymetadata.o
 .debug_line    0x0000329b      0x224 .\CortexM3\ARM_GCC_493\Debug\BBB.a(cyfitter_cfg.o)
 .debug_line    0x000034bf       0x68 .\CortexM3\ARM_GCC_493\Debug\BBB.a(CyBootAsmGnu.o)
 .debug_line    0x00003527      0x872 .\CortexM3\ARM_GCC_493\Debug\BBB.a(CyLib.o)
 .debug_line    0x00003d99      0x381 .\CortexM3\ARM_GCC_493\Debug\BBB.a(cyPm.o)
 .debug_line    0x0000411a      0x30e .\CortexM3\ARM_GCC_493\Debug\BBB.a(Surtidor.o)
 .debug_line    0x00004428       0x90 .\CortexM3\ARM_GCC_493\Debug\BBB.a(Surtidor_INT.o)
 .debug_line    0x000044b8      0x30f .\CortexM3\ARM_GCC_493\Debug\BBB.a(Impresora.o)
 .debug_line    0x000047c7       0x92 .\CortexM3\ARM_GCC_493\Debug\BBB.a(Impresora_INT.o)
 .debug_line    0x00004859      0x30a .\CortexM3\ARM_GCC_493\Debug\BBB.a(PC.o)
 .debug_line    0x00004b63       0x84 .\CortexM3\ARM_GCC_493\Debug\BBB.a(PC_INT.o)
 .debug_line    0x00004be7       0xdd .\CortexM3\ARM_GCC_493\Debug\BBB.a(I2C_1.o)
 .debug_line    0x00004cc4      0x118 .\CortexM3\ARM_GCC_493\Debug\BBB.a(I2C_1_INT.o)
 .debug_line    0x00004ddc       0xbe .\CortexM3\ARM_GCC_493\Debug\BBB.a(I2C_1_PM.o)
 .debug_line    0x00004e9a      0x1ed .\CortexM3\ARM_GCC_493\Debug\BBB.a(I2C_1_MASTER.o)
 .debug_line    0x00005087      0x169 .\CortexM3\ARM_GCC_493\Debug\BBB.a(isr_1.o)
 .debug_line    0x000051f0      0x1c6 .\CortexM3\ARM_GCC_493\Debug\BBB.a(Impresora_IntClock.o)
 .debug_line    0x000053b6      0x1bf .\CortexM3\ARM_GCC_493\Debug\BBB.a(PC_IntClock.o)
 .debug_line    0x00005575      0x30d .\CortexM3\ARM_GCC_493\Debug\BBB.a(LCD_1.o)
 .debug_line    0x00005882       0x8a .\CortexM3\ARM_GCC_493\Debug\BBB.a(LCD_1_INT.o)
 .debug_line    0x0000590c      0x30d .\CortexM3\ARM_GCC_493\Debug\BBB.a(LCD_2.o)
 .debug_line    0x00005c19       0x8a .\CortexM3\ARM_GCC_493\Debug\BBB.a(LCD_2_INT.o)
 .debug_line    0x00005ca3      0x1c2 .\CortexM3\ARM_GCC_493\Debug\BBB.a(LCD_1_IntClock.o)
 .debug_line    0x00005e65      0x1c2 .\CortexM3\ARM_GCC_493\Debug\BBB.a(LCD_2_IntClock.o)
 .debug_line    0x00006027       0x94 .\CortexM3\ARM_GCC_493\Debug\BBB.a(IB1.o)
 .debug_line    0x000060bb       0x94 .\CortexM3\ARM_GCC_493\Debug\BBB.a(IB2.o)
 .debug_line    0x0000614f      0x169 .\CortexM3\ARM_GCC_493\Debug\BBB.a(isr_3.o)
 .debug_line    0x000062b8      0x169 .\CortexM3\ARM_GCC_493\Debug\BBB.a(Timer_Animacion.o)
 .debug_line    0x00006421      0x16a .\CortexM3\ARM_GCC_493\Debug\BBB.a(Timer_Animacion2.o)
 .debug_line    0x0000658b      0x169 .\CortexM3\ARM_GCC_493\Debug\BBB.a(isr_4.o)
 .debug_line    0x000066f4      0x164 .\CortexM3\ARM_GCC_493\Debug\BBB.a(Timer_Modo.o)
 .debug_line    0x00006858      0x16a .\CortexM3\ARM_GCC_493\Debug\BBB.a(Timer_RxSurtidor.o)
 .debug_line    0x000069c2      0x228 .\CortexM3\ARM_GCC_493\Debug\BBB.a(EEPROM.o)
 .debug_line    0x00006bea      0x308 .\CortexM3\ARM_GCC_493\Debug\BBB.a(LP.o)
 .debug_line    0x00006ef2       0x84 .\CortexM3\ARM_GCC_493\Debug\BBB.a(LP_INT.o)
 .debug_line    0x00006f76       0x96 .\CortexM3\ARM_GCC_493\Debug\BBB.a(Pin_1.o)
 .debug_line    0x0000700c       0x96 .\CortexM3\ARM_GCC_493\Debug\BBB.a(Pin_2.o)
 .debug_line    0x000070a2       0x96 .\CortexM3\ARM_GCC_493\Debug\BBB.a(Pin_3.o)
 .debug_line    0x00007138       0x96 .\CortexM3\ARM_GCC_493\Debug\BBB.a(Pin_4.o)
 .debug_line    0x000071ce       0x96 .\CortexM3\ARM_GCC_493\Debug\BBB.a(Pin_5.o)
 .debug_line    0x00007264      0x207 .\CortexM3\ARM_GCC_493\Debug\BBB.a(CyFlash.o)
 .debug_line    0x0000746b      0x217 .\CortexM3\ARM_GCC_493\Debug\BBB.a(CySpc.o)

.debug_frame    0x00000000     0x5a60
 *(.debug_frame)
 .debug_frame   0x00000000      0x1ec .\CortexM3\ARM_GCC_493\Debug\main.o
 .debug_frame   0x000001ec      0x198 .\CortexM3\ARM_GCC_493\Debug\Protocolo.o
 .debug_frame   0x00000384       0x64 .\CortexM3\ARM_GCC_493\Debug\Print.o
 .debug_frame   0x000003e8       0xe4 .\CortexM3\ARM_GCC_493\Debug\LCD.o
 .debug_frame   0x000004cc       0xb0 .\CortexM3\ARM_GCC_493\Debug\ibuton.o
 .debug_frame   0x0000057c       0xe0 .\CortexM3\ARM_GCC_493\Debug\I2C.o
 .debug_frame   0x0000065c       0xd8 .\CortexM3\ARM_GCC_493\Debug\Cm3Start.o
 .debug_frame   0x00000734      0x16c .\CortexM3\ARM_GCC_493\Debug\BBB.a(cyfitter_cfg.o)
 .debug_frame   0x000008a0      0xbe8 .\CortexM3\ARM_GCC_493\Debug\BBB.a(CyLib.o)
 .debug_frame   0x00001488      0x234 .\CortexM3\ARM_GCC_493\Debug\BBB.a(cyPm.o)
 .debug_frame   0x000016bc      0x428 .\CortexM3\ARM_GCC_493\Debug\BBB.a(Surtidor.o)
 .debug_frame   0x00001ae4       0x38 .\CortexM3\ARM_GCC_493\Debug\BBB.a(Surtidor_INT.o)
 .debug_frame   0x00001b1c      0x428 .\CortexM3\ARM_GCC_493\Debug\BBB.a(Impresora.o)
 .debug_frame   0x00001f44       0x38 .\CortexM3\ARM_GCC_493\Debug\BBB.a(Impresora_INT.o)
 .debug_frame   0x00001f7c      0x428 .\CortexM3\ARM_GCC_493\Debug\BBB.a(PC.o)
 .debug_frame   0x000023a4       0x38 .\CortexM3\ARM_GCC_493\Debug\BBB.a(PC_INT.o)
 .debug_frame   0x000023dc       0x98 .\CortexM3\ARM_GCC_493\Debug\BBB.a(I2C_1.o)
 .debug_frame   0x00002474       0x38 .\CortexM3\ARM_GCC_493\Debug\BBB.a(I2C_1_INT.o)
 .debug_frame   0x000024ac       0x94 .\CortexM3\ARM_GCC_493\Debug\BBB.a(I2C_1_PM.o)
 .debug_frame   0x00002540      0x208 .\CortexM3\ARM_GCC_493\Debug\BBB.a(I2C_1_MASTER.o)
 .debug_frame   0x00002748      0x1e8 .\CortexM3\ARM_GCC_493\Debug\BBB.a(isr_1.o)
 .debug_frame   0x00002930      0x1b4 .\CortexM3\ARM_GCC_493\Debug\BBB.a(Impresora_IntClock.o)
 .debug_frame   0x00002ae4      0x1b4 .\CortexM3\ARM_GCC_493\Debug\BBB.a(PC_IntClock.o)
 .debug_frame   0x00002c98      0x428 .\CortexM3\ARM_GCC_493\Debug\BBB.a(LCD_1.o)
 .debug_frame   0x000030c0       0x38 .\CortexM3\ARM_GCC_493\Debug\BBB.a(LCD_1_INT.o)
 .debug_frame   0x000030f8      0x428 .\CortexM3\ARM_GCC_493\Debug\BBB.a(LCD_2.o)
 .debug_frame   0x00003520       0x38 .\CortexM3\ARM_GCC_493\Debug\BBB.a(LCD_2_INT.o)
 .debug_frame   0x00003558      0x1b4 .\CortexM3\ARM_GCC_493\Debug\BBB.a(LCD_1_IntClock.o)
 .debug_frame   0x0000370c      0x1b4 .\CortexM3\ARM_GCC_493\Debug\BBB.a(LCD_2_IntClock.o)
 .debug_frame   0x000038c0       0xa8 .\CortexM3\ARM_GCC_493\Debug\BBB.a(IB1.o)
 .debug_frame   0x00003968       0xa8 .\CortexM3\ARM_GCC_493\Debug\BBB.a(IB2.o)
 .debug_frame   0x00003a10      0x1e8 .\CortexM3\ARM_GCC_493\Debug\BBB.a(isr_3.o)
 .debug_frame   0x00003bf8      0x208 .\CortexM3\ARM_GCC_493\Debug\BBB.a(Timer_Animacion.o)
 .debug_frame   0x00003e00      0x208 .\CortexM3\ARM_GCC_493\Debug\BBB.a(Timer_Animacion2.o)
 .debug_frame   0x00004008      0x1e8 .\CortexM3\ARM_GCC_493\Debug\BBB.a(isr_4.o)
 .debug_frame   0x000041f0      0x208 .\CortexM3\ARM_GCC_493\Debug\BBB.a(Timer_Modo.o)
 .debug_frame   0x000043f8      0x208 .\CortexM3\ARM_GCC_493\Debug\BBB.a(Timer_RxSurtidor.o)
 .debug_frame   0x00004600      0x1c0 .\CortexM3\ARM_GCC_493\Debug\BBB.a(EEPROM.o)
 .debug_frame   0x000047c0      0x428 .\CortexM3\ARM_GCC_493\Debug\BBB.a(LP.o)
 .debug_frame   0x00004be8       0x38 .\CortexM3\ARM_GCC_493\Debug\BBB.a(LP_INT.o)
 .debug_frame   0x00004c20       0xa8 .\CortexM3\ARM_GCC_493\Debug\BBB.a(Pin_1.o)
 .debug_frame   0x00004cc8       0xa8 .\CortexM3\ARM_GCC_493\Debug\BBB.a(Pin_2.o)
 .debug_frame   0x00004d70       0xa8 .\CortexM3\ARM_GCC_493\Debug\BBB.a(Pin_3.o)
 .debug_frame   0x00004e18       0xa8 .\CortexM3\ARM_GCC_493\Debug\BBB.a(Pin_4.o)
 .debug_frame   0x00004ec0       0xa8 .\CortexM3\ARM_GCC_493\Debug\BBB.a(Pin_5.o)
 .debug_frame   0x00004f68      0x210 .\CortexM3\ARM_GCC_493\Debug\BBB.a(CyFlash.o)
 .debug_frame   0x00005178      0x1f8 .\CortexM3\ARM_GCC_493\Debug\BBB.a(CySpc.o)
 .debug_frame   0x00005370       0x20 c:/program files (x86)/cypress/psoc creator/3.3/psoc creator/import/gnu/arm/4.9.3/bin/../lib/gcc/arm-none-eabi/4.9.3/../../../../arm-none-eabi/lib/armv7-m\libg_nano.a(lib_a-atof.o)
 .debug_frame   0x00005390       0x20 c:/program files (x86)/cypress/psoc creator/3.3/psoc creator/import/gnu/arm/4.9.3/bin/../lib/gcc/arm-none-eabi/4.9.3/../../../../arm-none-eabi/lib/armv7-m\libg_nano.a(lib_a-errno.o)
 .debug_frame   0x000053b0       0x28 c:/program files (x86)/cypress/psoc creator/3.3/psoc creator/import/gnu/arm/4.9.3/bin/../lib/gcc/arm-none-eabi/4.9.3/../../../../arm-none-eabi/lib/armv7-m\libg_nano.a(lib_a-exit.o)
 .debug_frame   0x000053d8       0x2c c:/program files (x86)/cypress/psoc creator/3.3/psoc creator/import/gnu/arm/4.9.3/bin/../lib/gcc/arm-none-eabi/4.9.3/../../../../arm-none-eabi/lib/armv7-m\libg_nano.a(lib_a-init.o)
 .debug_frame   0x00005404       0x28 c:/program files (x86)/cypress/psoc creator/3.3/psoc creator/import/gnu/arm/4.9.3/bin/../lib/gcc/arm-none-eabi/4.9.3/../../../../arm-none-eabi/lib/armv7-m\libg_nano.a(lib_a-memcpy.o)
 .debug_frame   0x0000542c       0x20 c:/program files (x86)/cypress/psoc creator/3.3/psoc creator/import/gnu/arm/4.9.3/bin/../lib/gcc/arm-none-eabi/4.9.3/../../../../arm-none-eabi/lib/armv7-m\libg_nano.a(lib_a-memset.o)
 .debug_frame   0x0000544c       0xb4 c:/program files (x86)/cypress/psoc creator/3.3/psoc creator/import/gnu/arm/4.9.3/bin/../lib/gcc/arm-none-eabi/4.9.3/../../../../arm-none-eabi/lib/armv7-m\libg_nano.a(lib_a-strtod.o)
 .debug_frame   0x00005500       0x70 c:/program files (x86)/cypress/psoc creator/3.3/psoc creator/import/gnu/arm/4.9.3/bin/../lib/gcc/arm-none-eabi/4.9.3/../../../../arm-none-eabi/lib/armv7-m\libg_nano.a(lib_a-gdtoa-gethex.o)
 .debug_frame   0x00005570       0x58 c:/program files (x86)/cypress/psoc creator/3.3/psoc creator/import/gnu/arm/4.9.3/bin/../lib/gcc/arm-none-eabi/4.9.3/../../../../arm-none-eabi/lib/armv7-m\libg_nano.a(lib_a-gdtoa-hexnan.o)
 .debug_frame   0x000055c8       0x98 c:/program files (x86)/cypress/psoc creator/3.3/psoc creator/import/gnu/arm/4.9.3/bin/../lib/gcc/arm-none-eabi/4.9.3/../../../../arm-none-eabi/lib/armv7-m\libg_nano.a(lib_a-locale.o)
 .debug_frame   0x00005660      0x230 c:/program files (x86)/cypress/psoc creator/3.3/psoc creator/import/gnu/arm/4.9.3/bin/../lib/gcc/arm-none-eabi/4.9.3/../../../../arm-none-eabi/lib/armv7-m\libg_nano.a(lib_a-mprec.o)
 .debug_frame   0x00005890       0x2c c:/program files (x86)/cypress/psoc creator/3.3/psoc creator/import/gnu/arm/4.9.3/bin/../lib/gcc/arm-none-eabi/4.9.3/../../../../arm-none-eabi/lib/armv7-m\libg_nano.a(lib_a-nano-callocr.o)
 .debug_frame   0x000058bc       0x2c c:/program files (x86)/cypress/psoc creator/3.3/psoc creator/import/gnu/arm/4.9.3/bin/../lib/gcc/arm-none-eabi/4.9.3/../../../../arm-none-eabi/lib/armv7-m\libg_nano.a(lib_a-nano-mallocr.o)
 .debug_frame   0x000058e8       0x28 c:/program files (x86)/cypress/psoc creator/3.3/psoc creator/import/gnu/arm/4.9.3/bin/../lib/gcc/arm-none-eabi/4.9.3/../../../../arm-none-eabi/lib/armv7-m\libg_nano.a(lib_a-s_fpclassify.o)
 .debug_frame   0x00005910       0x2c c:/program files (x86)/cypress/psoc creator/3.3/psoc creator/import/gnu/arm/4.9.3/bin/../lib/gcc/arm-none-eabi/4.9.3/../../../../arm-none-eabi/lib/armv7-m\libg_nano.a(lib_a-sbrkr.o)
 .debug_frame   0x0000593c       0x20 c:/program files (x86)/cypress/psoc creator/3.3/psoc creator/import/gnu/arm/4.9.3/bin/../lib/gcc/arm-none-eabi/4.9.3/../../../../arm-none-eabi/lib/armv7-m\libg_nano.a(lib_a-sf_nan.o)
 .debug_frame   0x0000595c       0x20 c:/program files (x86)/cypress/psoc creator/3.3/psoc creator/import/gnu/arm/4.9.3/bin/../lib/gcc/arm-none-eabi/4.9.3/../../../../arm-none-eabi/lib/armv7-m\libg_nano.a(lib_a-strlen.o)
 .debug_frame   0x0000597c       0x2c c:/program files (x86)/cypress/psoc creator/3.3/psoc creator/import/gnu/arm/4.9.3/bin/../lib/gcc/arm-none-eabi/4.9.3/../../../../arm-none-eabi/lib/armv7-m\libg_nano.a(lib_a-strncmp.o)